Archive member included because of file (symbol)

..\..\nxp_xpresso_1769_board_lib\Debug\libnxp_xpresso_1769_board_lib.a(board_nxp_xpresso_1769.o)
                              ./VirtualSerial.o (Board_Init)
..\..\nxp_xpresso_1769_board_lib\Debug\libnxp_xpresso_1769_board_lib.a(enet_002.o)
                              ..\..\nxp_xpresso_1769_board_lib\Debug\libnxp_xpresso_1769_board_lib.a(board_nxp_xpresso_1769.o) (IP_ENET_StartMIIWrite)
..\..\nxp_xpresso_1769_board_lib\Debug\libnxp_xpresso_1769_board_lib.a(usart_001.o)
                              ..\..\nxp_xpresso_1769_board_lib\Debug\libnxp_xpresso_1769_board_lib.a(board_nxp_xpresso_1769.o) (IP_UART_ConfigData)
..\..\nxp_xpresso_1769_board_lib\Debug\libnxp_xpresso_1769_board_lib.a(clock_17xx_40xx.o)
                              ..\..\nxp_xpresso_1769_board_lib\Debug\libnxp_xpresso_1769_board_lib.a(board_nxp_xpresso_1769.o) (Chip_Clock_GetSystemClockRate)
..\..\nxp_xpresso_1769_board_lib\Debug\libnxp_xpresso_1769_board_lib.a(iocon_17xx_40xx.o)
                              ..\..\nxp_xpresso_1769_board_lib\Debug\libnxp_xpresso_1769_board_lib.a(board_nxp_xpresso_1769.o) (Chip_IOCON_PinMux)
..\..\nxp_xpresso_1769_board_lib\Debug\libnxp_xpresso_1769_board_lib.a(uart_17xx_40xx.o)
                              ..\..\nxp_xpresso_1769_board_lib\Debug\libnxp_xpresso_1769_board_lib.a(board_nxp_xpresso_1769.o) (Chip_UART_Init)
..\..\nxp_xpresso_1769_usblib_device\Debug\libnxp_xpresso_1769_usblib_device.a(USBController.o)
                              ./VirtualSerial.o (USB_Init)
..\..\nxp_xpresso_1769_usblib_device\Debug\libnxp_xpresso_1769_usblib_device.a(USBTask.o)
                              ..\..\nxp_xpresso_1769_usblib_device\Debug\libnxp_xpresso_1769_usblib_device.a(USBController.o) (USB_IsInitialized)
..\..\nxp_xpresso_1769_usblib_device\Debug\libnxp_xpresso_1769_usblib_device.a(CDCClassDevice.o)
                              ./VirtualSerial.o (CDC_Device_ProcessControlRequest)
..\..\nxp_xpresso_1769_usblib_device\Debug\libnxp_xpresso_1769_usblib_device.a(HAL_LPC17xx.o)
                              ..\..\nxp_xpresso_1769_usblib_device\Debug\libnxp_xpresso_1769_usblib_device.a(USBController.o) (HAL_USBInit)
..\..\nxp_xpresso_1769_usblib_device\Debug\libnxp_xpresso_1769_usblib_device.a(Endpoint_LPC17xx.o)
                              ..\..\nxp_xpresso_1769_usblib_device\Debug\libnxp_xpresso_1769_usblib_device.a(USBTask.o) (SETUPReceived)
..\..\nxp_xpresso_1769_usblib_device\Debug\libnxp_xpresso_1769_usblib_device.a(DeviceStandardReq.o)
                              ..\..\nxp_xpresso_1769_usblib_device\Debug\libnxp_xpresso_1769_usblib_device.a(USBController.o) (USB_Device_ConfigurationNumber)
..\..\nxp_xpresso_1769_usblib_device\Debug\libnxp_xpresso_1769_usblib_device.a(Endpoint.o)
                              ..\..\nxp_xpresso_1769_usblib_device\Debug\libnxp_xpresso_1769_usblib_device.a(CDCClassDevice.o) (usb_data_buffer)
..\..\nxp_xpresso_1769_usblib_device\Debug\libnxp_xpresso_1769_usblib_device.a(EndpointStream.o)
                              ..\..\nxp_xpresso_1769_usblib_device\Debug\libnxp_xpresso_1769_usblib_device.a(CDCClassDevice.o) (Endpoint_Write_Stream_LE)
c:/nxp/lpcxpresso_7.5.0_254/lpcxpresso/tools/bin/../lib/gcc/arm-none-eabi/4.8.4/../../../../arm-none-eabi/lib/armv7-m\libcr_nohost.a(_cr__main.o)
                              ./cr_startup_lpc17xx40xx.o (__main)
c:/nxp/lpcxpresso_7.5.0_254/lpcxpresso/tools/bin/../lib/gcc/arm-none-eabi/4.8.4/../../../../arm-none-eabi/lib/armv7-m\libcr_c.a(memcpy.o)
                              ./MC24LC64.o (memcpy)
c:/nxp/lpcxpresso_7.5.0_254/lpcxpresso/tools/bin/../lib/gcc/arm-none-eabi/4.8.4/../../../../arm-none-eabi/lib/armv7-m\libcr_c.a(memset.o)
                              ./console.o (memset)
c:/nxp/lpcxpresso_7.5.0_254/lpcxpresso/tools/bin/../lib/gcc/arm-none-eabi/4.8.4/../../../../arm-none-eabi/lib/armv7-m\libcr_c.a(fpprintf.o)
                              ./VirtualSerial.o (sprintf)
c:/nxp/lpcxpresso_7.5.0_254/lpcxpresso/tools/bin/../lib/gcc/arm-none-eabi/4.8.4/../../../../arm-none-eabi/lib/armv7-m\libcr_c.a(initio.o)
                              c:/nxp/lpcxpresso_7.5.0_254/lpcxpresso/tools/bin/../lib/gcc/arm-none-eabi/4.8.4/../../../../arm-none-eabi/lib/armv7-m\libcr_nohost.a(_cr__main.o) (_initio)
c:/nxp/lpcxpresso_7.5.0_254/lpcxpresso/tools/bin/../lib/gcc/arm-none-eabi/4.8.4/../../../../arm-none-eabi/lib/armv7-m\libcr_c.a(printf.o)
                              c:/nxp/lpcxpresso_7.5.0_254/lpcxpresso/tools/bin/../lib/gcc/arm-none-eabi/4.8.4/../../../../arm-none-eabi/lib/armv7-m\libcr_c.a(fpprintf.o) (__vfprintf)
c:/nxp/lpcxpresso_7.5.0_254/lpcxpresso/tools/bin/../lib/gcc/arm-none-eabi/4.8.4/../../../../arm-none-eabi/lib/armv7-m\libcr_c.a(scanf.o)
                              ./console.o (atoi)
c:/nxp/lpcxpresso_7.5.0_254/lpcxpresso/tools/bin/../lib/gcc/arm-none-eabi/4.8.4/../../../../arm-none-eabi/lib/armv7-m\libcr_c.a(setvbuf.o)
[...]
Memory Configuration

Name             Origin             Length             Attributes
MFlash512        0x00000000         0x00080000         xr
RamLoc32         0x10000000         0x00008000         xrw
RamAHB32         0x2007c000         0x00008000         xrw
*default*        0x00000000         0xffffffff

Linker script and memory map

LOAD ./ADCext.o
LOAD ./Descriptors.o
LOAD ./MC24LC64.o
LOAD ./PCF8574.o
LOAD ./VirtualSerial.o
LOAD ./ads1115.o
LOAD ./console.o
LOAD ./cr_startup_lpc17xx40xx.o
LOAD ./drv8840.o
LOAD ./drv_hd44780.o
LOAD ./drv_hd44780_l.o
LOAD ./i2c.o
LOAD ./interfaces.o
LOAD ./protocol.o
LOAD ./system_LPC17xx.o
LOAD ./transmitter_interface.o
LOAD ..\..\nxp_xpresso_1769_board_lib\Debug\libnxp_xpresso_1769_board_lib.a
LOAD ..\..\nxp_xpresso_1769_usblib_device\Debug\libnxp_xpresso_1769_usblib_device.a
START GROUP
LOAD c:/nxp/lpcxpresso_7.5.0_254/lpcxpresso/tools/bin/../lib/gcc/arm-none-eabi/4.8.4/../../../../arm-none-eabi/lib/armv7-m\libcr_nohost.a
LOAD c:/nxp/lpcxpresso_7.5.0_254/lpcxpresso/tools/bin/../lib/gcc/arm-none-eabi/4.8.4/../../../../arm-none-eabi/lib/armv7-m\libcr_c.a
LOAD c:/nxp/lpcxpresso_7.5.0_254/lpcxpresso/tools/bin/../lib/gcc/arm-none-eabi/4.8.4/armv7-m\libcr_eabihelpers.a
END GROUP
                0x00080000                __top_MFlash512 = 0x80000
                0x10008000                __top_RamLoc32 = 0x10008000
                0x20084000                __top_RamAHB32 = 0x20084000

.text           0x00000000     0x8cf0
 FILL mask 0xff
                0x00000000                __vectors_start__ = ABSOLUTE (.)
 *(.isr_vector)
 .isr_vector    0x00000000       0xcc ./cr_startup_lpc17xx40xx.o
                0x00000000                g_pfnVectors
                0x000000cc                . = ALIGN (0x4)
                0x000000cc                __section_table_start = .
                0x000000cc                __data_section_table = .
                0x000000cc        0x4 LONG 0x8cf0 LOADADDR (.data)
                0x000000d0        0x4 LONG 0x10000000 ADDR (.data)
                0x000000d4        0x4 LONG 0xd4 SIZEOF (.data)
                0x000000d8        0x4 LONG 0x8cf0 LOADADDR (.data_RAM2)
                0x000000dc        0x4 LONG 0x2007c000 ADDR (.data_RAM2)
                0x000000e0        0x4 LONG 0x0 SIZEOF (.data_RAM2)
                0x000000e4                __data_section_table_end = .
                0x000000e4                __bss_section_table = .
                0x000000e4        0x4 LONG 0x100000d4 ADDR (.bss)
                0x000000e8        0x4 LONG 0x434 SIZEOF (.bss)
                0x000000ec        0x4 LONG 0x2007c000 ADDR (.bss_RAM2)
                0x000000f0        0x4 LONG 0xa80 SIZEOF (.bss_RAM2)
                0x000000f4                __bss_section_table_end = .
                0x000000f4                __section_table_end = .
 *(.after_vectors*)
 .after_vectors
                0x000000f4      0x144 ./cr_startup_lpc17xx40xx.o
                0x000000f4                data_init
                0x00000138                bss_init
                0x00000170                ResetISR
                0x000001e8                NMI_Handler
                0x000001f0                HardFault_Handler
                0x000001f8                MemManage_Handler
                0x00000200                BusFault_Handler
                0x00000208                UsageFault_Handler
                0x00000210                SVC_Handler
                0x00000218                DebugMon_Handler
                0x00000220                PendSV_Handler
                0x00000228                SysTick_Handler
                0x00000230                EINT2_IRQHandler
                0x00000230                UART1_IRQHandler
                0x00000230                EINT3_IRQHandler
                0x00000230                CANActivity_IRQHandler
                0x00000230                TIMER3_IRQHandler
                0x00000230                UART0_IRQHandler
                0x00000230                I2C0_IRQHandler
                0x00000230                PWM1_IRQHandler
                0x00000230                IntDefaultHandler
                0x00000230                PLL0_IRQHandler
                0x00000230                CAN_IRQHandler
                0x00000230                PLL1_IRQHandler
                0x00000230                RIT_IRQHandler
                0x00000230                I2S_IRQHandler
                0x00000230                I2C2_IRQHandler
                0x00000230                RTC_IRQHandler
                0x00000230                TIMER0_IRQHandler
                0x00000230                SPI_IRQHandler
                0x00000230                LCD_IRQHandler
                0x00000230                SDIO_IRQHandler
                0x00000230                EINT1_IRQHandler
                0x00000230                TIMER1_IRQHandler
                0x00000230                UART2_IRQHandler
                0x00000230                UART4_IRQHandler
                0x00000230                ADC_IRQHandler
                0x00000230                SSP1_IRQHandler
                0x00000230                BOD_IRQHandler
                0x00000230                TIMER2_IRQHandler
                0x00000230                WDT_IRQHandler
                0x00000230                USBActivity_IRQHandler
                0x00000230                QEI_IRQHandler
                0x00000230                EINT0_IRQHandler
                0x00000230                ETH_IRQHandler
                0x00000230                PWM0_IRQHandler
                0x00000230                SSP2_IRQHandler
                0x00000230                EEPROM_IRQHandler
                0x00000230                SSP0_IRQHandler
                0x00000230                DMA_IRQHandler
                0x00000230                GPIO_IRQHandler
                0x00000230                UART3_IRQHandler
                0x00000230                MCPWM_IRQHandler
 *(.text*)
 .text.init_extern_ADC
                0x00000238       0x50 ./ADCext.o
                0x00000238                init_extern_ADC
 .text.CALLBACK_USB_GetDescriptor
                0x00000288       0xb4 ./Descriptors.o
                0x00000288                CALLBACK_USB_GetDescriptor
 .text.SetupHardware
                0x0000033c       0x24 ./VirtualSerial.o
 .text.sendDataUSB
                0x00000360       0x20 ./VirtualSerial.o
                0x00000360                sendDataUSB
 .text.EchoCharacter
                0x00000380       0x3c ./VirtualSerial.o
 .text.pecati_adc
                0x000003bc       0x5c ./VirtualSerial.o
                0x000003bc                pecati_adc
 .text.main     0x00000418      0xd80 ./VirtualSerial.o
                0x00000418                main
 .text.EVENT_USB_Device_ConfigurationChanged
                0x00001198       0x2c ./VirtualSerial.o
                0x00001198                EVENT_USB_Device_ConfigurationChanged
 .text.EVENT_USB_Device_ControlRequest
                0x000011c4       0x24 ./VirtualSerial.o
                0x000011c4                EVENT_USB_Device_ControlRequest
 .text.EVENT_CDC_Device_LineEncodingChanged
                0x000011e8       0x14 ./VirtualSerial.o
                0x000011e8                EVENT_CDC_Device_LineEncodingChanged
 .text.ads1115_wr
                0x000011fc       0x6c ./ads1115.o
                0x000011fc                ads1115_wr
 .text.ads1115_rd
                0x00001268       0x74 ./ads1115.o
                0x00001268                ads1115_rd
 .text.ads1115_init
                0x000012dc       0x1c ./ads1115.o
                0x000012dc                ads1115_init
 .text.printc   0x000012f8       0x54 ./console.o
                0x000012f8                printc
 .text.showStatus
                0x0000134c       0x2c ./console.o
                0x0000134c                showStatus
 .text.charArrived
                0x00001378      0x114 ./console.o
                0x00001378                charArrived
 .text.commandParser
                0x0000148c      0x244 ./console.o
                0x0000148c                commandParser
 .text.setDriverMode
                0x000016d0       0x58 ./drv8840.o
                0x000016d0                setDriverMode
 .text.NVIC_EnableIRQ
                0x00001728       0x30 ./i2c.o
 .text.I2C1_IRQHandler
                0x00001758      0x328 ./i2c.o
                0x00001758                I2C1_IRQHandler
 .text.I2CStart
                0x00001a80       0x50 ./i2c.o
 .text.I2CStop  0x00001ad0       0x54 ./i2c.o
 .text.I2CInit  0x00001b24       0xac ./i2c.o
                0x00001b24                I2CInit
 .text.I2CEngine
                0x00001bd0       0x48 ./i2c.o
                0x00001bd0                I2CEngine
 .text.parsingSerialCommand
                0x00001c18      0x21c ./protocol.o
                0x00001c18                parsingSerialCommand
 .text.addAdcArrayFunction
                0x00001e34       0x30 ./protocol.o
                0x00001e34                addAdcArrayFunction
 .text.SystemInit
                0x00001e64      0x11c ./system_LPC17xx.o
                0x00001e64                SystemInit
 .text.initPeripherals
                0x00001f80        0xc ./transmitter_interface.o
                0x00001f80                initPeripherals
 .text.sendADCData
                0x00001f8c       0x30 ./transmitter_interface.o
                0x00001f8c                sendADCData
 .text.adc0     0x00001fbc       0x1c ./transmitter_interface.o
                0x00001fbc                adc0
 .text.adc1     0x00001fd8       0x1c ./transmitter_interface.o
                0x00001fd8                adc1
 .text.adc2     0x00001ff4       0x1c ./transmitter_interface.o
                0x00001ff4                adc2
 .text.adc3     0x00002010       0x1c ./transmitter_interface.o
                0x00002010                adc3
 .text.adc4     0x0000202c       0x1c ./transmitter_interface.o
                0x0000202c                adc4
 .text.adc5     0x00002048       0x1c ./transmitter_interface.o
                0x00002048                adc5
 .text.adc6     0x00002064       0x1c ./transmitter_interface.o
                0x00002064                adc6
 .text.adc7     0x00002080       0x1c ./transmitter_interface.o
                0x00002080                adc7
 .text.adc8     0x0000209c       0x1c ./transmitter_interface.o
                0x0000209c                adc8
 .text.adc9     0x000020b8       0x1c ./transmitter_interface.o
                0x000020b8                adc9
 .text.adc10    0x000020d4       0x1c ./transmitter_interface.o
                0x000020d4                adc10
 .text.adc11    0x000020f0       0x1c ./transmitter_interface.o
                0x000020f0                adc11
 .text.adc12    0x0000210c       0x1c ./transmitter_interface.o
                0x0000210c                adc12
 .text.adc13    0x00002128       0x1c ./transmitter_interface.o
                0x00002128                adc13
 .text.adc14    0x00002144       0x1c ./transmitter_interface.o
                0x00002144                adc14
 .text.adc15    0x00002160       0x1c ./transmitter_interface.o
                0x00002160                adc15
 .text.addFunctions
                0x0000217c       0xd4 ./transmitter_interface.o
                0x0000217c                addFunctions
 .text.IP_GPIO_WriteDirBit
                0x00002250       0x48 ..\..\nxp_xpresso_1769_board_lib\Debug\libnxp_xpresso_1769_board_lib.a(board_nxp_xpresso_1769.o)
 .text.Chip_GPIO_Init
                0x00002298       0x14 ..\..\nxp_xpresso_1769_board_lib\Debug\libnxp_xpresso_1769_board_lib.a(board_nxp_xpresso_1769.o)
 .text.Chip_GPIO_WriteDirBit
                0x000022ac       0x2c ..\..\nxp_xpresso_1769_board_lib\Debug\libnxp_xpresso_1769_board_lib.a(board_nxp_xpresso_1769.o)
 .text.Chip_UART_ConfigData
                0x000022d8       0x20 ..\..\nxp_xpresso_1769_board_lib\Debug\libnxp_xpresso_1769_board_lib.a(board_nxp_xpresso_1769.o)
 .text.Chip_UART_SendByte
                0x000022f8       0x20 ..\..\nxp_xpresso_1769_board_lib\Debug\libnxp_xpresso_1769_board_lib.a(board_nxp_xpresso_1769.o)
 .text.Chip_IOCON_Init
                0x00002318       0x14 ..\..\nxp_xpresso_1769_board_lib\Debug\libnxp_xpresso_1769_board_lib.a(board_nxp_xpresso_1769.o)
 .text.__sys_write
                0x0000232c       0x38 ..\..\nxp_xpresso_1769_board_lib\Debug\libnxp_xpresso_1769_board_lib.a(board_nxp_xpresso_1769.o)
                0x0000232c                __sys_write
 .text.Board_LED_Init
                0x00002364       0x18 ..\..\nxp_xpresso_1769_board_lib\Debug\libnxp_xpresso_1769_board_lib.a(board_nxp_xpresso_1769.o)
 .text.SystemCoreClockUpdate
                0x0000237c       0x14 ..\..\nxp_xpresso_1769_board_lib\Debug\libnxp_xpresso_1769_board_lib.a(board_nxp_xpresso_1769.o)
                0x0000237c                SystemCoreClockUpdate
 .text.Board_UART_Init
                0x00002390       0x14 ..\..\nxp_xpresso_1769_board_lib\Debug\libnxp_xpresso_1769_board_lib.a(board_nxp_xpresso_1769.o)
                0x00002390                Board_UART_Init
 .text.Board_Debug_Init
                0x000023a4       0x34 ..\..\nxp_xpresso_1769_board_lib\Debug\libnxp_xpresso_1769_board_lib.a(board_nxp_xpresso_1769.o)
                0x000023a4                Board_Debug_Init
 .text.Board_UARTPutChar
                0x000023d8       0x28 ..\..\nxp_xpresso_1769_board_lib\Debug\libnxp_xpresso_1769_board_lib.a(board_nxp_xpresso_1769.o)
                0x000023d8                Board_UARTPutChar
 .text.Board_Init
                0x00002400       0x28 ..\..\nxp_xpresso_1769_board_lib\Debug\libnxp_xpresso_1769_board_lib.a(board_nxp_xpresso_1769.o)
                0x00002400                Board_Init
 .text.IP_UART_Init
                0x00002428       0x9c ..\..\nxp_xpresso_1769_board_lib\Debug\libnxp_xpresso_1769_board_lib.a(usart_001.o)
                0x00002428                IP_UART_Init
 .text.IP_UART_SetBaud
                0x000024c4      0x1ec ..\..\nxp_xpresso_1769_board_lib\Debug\libnxp_xpresso_1769_board_lib.a(usart_001.o)
                0x000024c4                IP_UART_SetBaud
 .text.IP_UART_ConfigData
                0x000026b0       0x40 ..\..\nxp_xpresso_1769_board_lib\Debug\libnxp_xpresso_1769_board_lib.a(usart_001.o)
                0x000026b0                IP_UART_ConfigData
 .text.IP_UART_SendByte
                0x000026f0       0x30 ..\..\nxp_xpresso_1769_board_lib\Debug\libnxp_xpresso_1769_board_lib.a(usart_001.o)
                0x000026f0                IP_UART_SendByte
 .text.IP_UART_TxCmd
                0x00002720       0x34 ..\..\nxp_xpresso_1769_board_lib\Debug\libnxp_xpresso_1769_board_lib.a(usart_001.o)
                0x00002720                IP_UART_TxCmd
 .text.Chip_Clock_IsMainPLLEnabled
                0x00002754       0x28 ..\..\nxp_xpresso_1769_board_lib\Debug\libnxp_xpresso_1769_board_lib.a(clock_17xx_40xx.o)
 .text.Chip_Clock_IsMainPLLConnected
                0x0000277c       0x28 ..\..\nxp_xpresso_1769_board_lib\Debug\libnxp_xpresso_1769_board_lib.a(clock_17xx_40xx.o)
 .text.Chip_Clock_FeedPLL
                0x000027a4       0x34 ..\..\nxp_xpresso_1769_board_lib\Debug\libnxp_xpresso_1769_board_lib.a(clock_17xx_40xx.o)
 .text.Chip_Clock_GetMainPllSource
                0x000027d8       0x20 ..\..\nxp_xpresso_1769_board_lib\Debug\libnxp_xpresso_1769_board_lib.a(clock_17xx_40xx.o)
 .text.Chip_Clock_GetMainOscRate
                0x000027f8       0x14 ..\..\nxp_xpresso_1769_board_lib\Debug\libnxp_xpresso_1769_board_lib.a(clock_17xx_40xx.o)
 .text.Chip_Clock_GetIntOscRate
                0x0000280c       0x14 ..\..\nxp_xpresso_1769_board_lib\Debug\libnxp_xpresso_1769_board_lib.a(clock_17xx_40xx.o)
 .text.Chip_Clock_GetRTCOscRate
                0x00002820       0x14 ..\..\nxp_xpresso_1769_board_lib\Debug\libnxp_xpresso_1769_board_lib.a(clock_17xx_40xx.o)
 .text.Chip_Clock_GetMainPllInClockRate
                0x00002834       0x10 ..\..\nxp_xpresso_1769_board_lib\Debug\libnxp_xpresso_1769_board_lib.a(clock_17xx_40xx.o)
 .text.Chip_Clock_EnablePLL
                0x00002844       0x44 ..\..\nxp_xpresso_1769_board_lib\Debug\libnxp_xpresso_1769_board_lib.a(clock_17xx_40xx.o)
                0x00002844                Chip_Clock_EnablePLL
 .text.Chip_Clock_EnablePeriphClock
                0x00002888       0x34 ..\..\nxp_xpresso_1769_board_lib\Debug\libnxp_xpresso_1769_board_lib.a(clock_17xx_40xx.o)
                0x00002888                Chip_Clock_EnablePeriphClock
 .text.Chip_Clock_GetCPUClockSource
                0x000028bc       0x24 ..\..\nxp_xpresso_1769_board_lib\Debug\libnxp_xpresso_1769_board_lib.a(clock_17xx_40xx.o)
                0x000028bc                Chip_Clock_GetCPUClockSource
 .text.Chip_Clock_GetCPUClockDiv
                0x000028e0       0x1c ..\..\nxp_xpresso_1769_board_lib\Debug\libnxp_xpresso_1769_board_lib.a(clock_17xx_40xx.o)
                0x000028e0                Chip_Clock_GetCPUClockDiv
 .text.Chip_Clock_GetPLCKDiv
                0x000028fc       0x90 ..\..\nxp_xpresso_1769_board_lib\Debug\libnxp_xpresso_1769_board_lib.a(clock_17xx_40xx.o)
                0x000028fc                Chip_Clock_GetPLCKDiv
 .text.Chip_Clock_GetSYSCLKRate
                0x0000298c       0x34 ..\..\nxp_xpresso_1769_board_lib\Debug\libnxp_xpresso_1769_board_lib.a(clock_17xx_40xx.o)
                0x0000298c                Chip_Clock_GetSYSCLKRate
 .text.Chip_Clock_GetMainPllOutClockRate
                0x000029c0       0x54 ..\..\nxp_xpresso_1769_board_lib\Debug\libnxp_xpresso_1769_board_lib.a(clock_17xx_40xx.o)
                0x000029c0                Chip_Clock_GetMainPllOutClockRate
 .text.Chip_Clock_GetMainClockRate
                0x00002a14       0x28 ..\..\nxp_xpresso_1769_board_lib\Debug\libnxp_xpresso_1769_board_lib.a(clock_17xx_40xx.o)
                0x00002a14                Chip_Clock_GetMainClockRate
 .text.Chip_Clock_GetSystemClockRate
                0x00002a3c       0x18 ..\..\nxp_xpresso_1769_board_lib\Debug\libnxp_xpresso_1769_board_lib.a(clock_17xx_40xx.o)
                0x00002a3c                Chip_Clock_GetSystemClockRate
 .text.Chip_Clock_GetPeripheralClockRate
                0x00002a54       0x28 ..\..\nxp_xpresso_1769_board_lib\Debug\libnxp_xpresso_1769_board_lib.a(clock_17xx_40xx.o)
                0x00002a54                Chip_Clock_GetPeripheralClockRate
 .text.Chip_IOCON_PinMux
                0x00002a7c       0x94 ..\..\nxp_xpresso_1769_board_lib\Debug\libnxp_xpresso_1769_board_lib.a(iocon_17xx_40xx.o)
                0x00002a7c                Chip_IOCON_PinMux
 .text.Chip_UART_Get_UARTNum
                0x00002b10       0x58 ..\..\nxp_xpresso_1769_board_lib\Debug\libnxp_xpresso_1769_board_lib.a(uart_17xx_40xx.o)
 .text.Chip_UART_DetermineClk
                0x00002b68       0x50 ..\..\nxp_xpresso_1769_board_lib\Debug\libnxp_xpresso_1769_board_lib.a(uart_17xx_40xx.o)
 .text.Chip_UART_GetClockRate
                0x00002bb8       0x5c ..\..\nxp_xpresso_1769_board_lib\Debug\libnxp_xpresso_1769_board_lib.a(uart_17xx_40xx.o)
 .text.Chip_UART_Init
                0x00002c14       0x30 ..\..\nxp_xpresso_1769_board_lib\Debug\libnxp_xpresso_1769_board_lib.a(uart_17xx_40xx.o)
                0x00002c14                Chip_UART_Init
 .text.Chip_UART_SetBaud
                0x00002c44       0x28 ..\..\nxp_xpresso_1769_board_lib\Debug\libnxp_xpresso_1769_board_lib.a(uart_17xx_40xx.o)
                0x00002c44                Chip_UART_SetBaud
 .text.Chip_UART_TxCmd
                0x00002c6c       0x2c ..\..\nxp_xpresso_1769_board_lib\Debug\libnxp_xpresso_1769_board_lib.a(uart_17xx_40xx.o)
                0x00002c6c                Chip_UART_TxCmd
 .text.USB_Init
                0x00002c98       0x40 ..\..\nxp_xpresso_1769_usblib_device\Debug\libnxp_xpresso_1769_usblib_device.a(USBController.o)
                0x00002c98                USB_Init
 .text.USB_ResetInterface
                0x00002cd8       0x24 ..\..\nxp_xpresso_1769_usblib_device\Debug\libnxp_xpresso_1769_usblib_device.a(USBController.o)
                0x00002cd8                USB_ResetInterface
 .text.USB_Init_Device
                0x00002cfc       0x64 ..\..\nxp_xpresso_1769_usblib_device\Debug\libnxp_xpresso_1769_usblib_device.a(USBController.o)
 .text.USB_USBTask
                0x00002d60       0x1c ..\..\nxp_xpresso_1769_usblib_device\Debug\libnxp_xpresso_1769_usblib_device.a(USBTask.o)
                0x00002d60                USB_USBTask
 .text.USB_DeviceTask
                0x00002d7c       0x68 ..\..\nxp_xpresso_1769_usblib_device\Debug\libnxp_xpresso_1769_usblib_device.a(USBTask.o)
 .text.CDC_Device_ProcessControlRequest
                0x00002de4      0xcb8 ..\..\nxp_xpresso_1769_usblib_device\Debug\libnxp_xpresso_1769_usblib_device.a(CDCClassDevice.o)
                0x00002de4                CDC_Device_ProcessControlRequest
 .text.CDC_Device_ConfigureEndpoints
                0x00003a9c       0xc8 ..\..\nxp_xpresso_1769_usblib_device\Debug\libnxp_xpresso_1769_usblib_device.a(CDCClassDevice.o)
                0x00003a9c                CDC_Device_ConfigureEndpoints
 .text.CDC_Device_SendData
                0x00003b64      0x11c ..\..\nxp_xpresso_1769_usblib_device\Debug\libnxp_xpresso_1769_usblib_device.a(CDCClassDevice.o)
                0x00003b64                CDC_Device_SendData
 .text.CDC_Device_BytesReceived
                0x00003c80      0x1dc ..\..\nxp_xpresso_1769_usblib_device\Debug\libnxp_xpresso_1769_usblib_device.a(CDCClassDevice.o)
                0x00003c80                CDC_Device_BytesReceived
 .text.CDC_Device_ReceiveByte
                0x00003e5c      0x274 ..\..\nxp_xpresso_1769_usblib_device\Debug\libnxp_xpresso_1769_usblib_device.a(CDCClassDevice.o)
                0x00003e5c                CDC_Device_ReceiveByte
 .text.CDC_Device_Event_Stub
                0x000040d0       0x14 ..\..\nxp_xpresso_1769_usblib_device\Debug\libnxp_xpresso_1769_usblib_device.a(CDCClassDevice.o)
                0x000040d0                CDC_Device_Event_Stub
                0x000040d0                EVENT_CDC_Device_ControLineStateChanged
 .text.CDC_Device_Event_Stub2
                0x000040e4       0x18 ..\..\nxp_xpresso_1769_usblib_device\Debug\libnxp_xpresso_1769_usblib_device.a(CDCClassDevice.o)
                0x000040e4                CDC_Device_Event_Stub2
                0x000040e4                EVENT_CDC_Device_BreakSent
 .text.NVIC_EnableIRQ
                0x000040fc       0x30 ..\..\nxp_xpresso_1769_usblib_device\Debug\libnxp_xpresso_1769_usblib_device.a(HAL_LPC17xx.o)
 .text.NVIC_DisableIRQ
                0x0000412c       0x34 ..\..\nxp_xpresso_1769_usblib_device\Debug\libnxp_xpresso_1769_usblib_device.a(HAL_LPC17xx.o)
 .text.Chip_Clock_GetPLLStatus
                0x00004160       0x28 ..\..\nxp_xpresso_1769_usblib_device\Debug\libnxp_xpresso_1769_usblib_device.a(HAL_LPC17xx.o)
 .text.HAL_USBInit
                0x00004188       0x98 ..\..\nxp_xpresso_1769_usblib_device\Debug\libnxp_xpresso_1769_usblib_device.a(HAL_LPC17xx.o)
                0x00004188                HAL_USBInit
 .text.HAL_EnableUSBInterrupt
                0x00004220       0x18 ..\..\nxp_xpresso_1769_usblib_device\Debug\libnxp_xpresso_1769_usblib_device.a(HAL_LPC17xx.o)
                0x00004220                HAL_EnableUSBInterrupt
 .text.HAL_DisableUSBInterrupt
                0x00004238       0x18 ..\..\nxp_xpresso_1769_usblib_device\Debug\libnxp_xpresso_1769_usblib_device.a(HAL_LPC17xx.o)
                0x00004238                HAL_DisableUSBInterrupt
 .text.HAL_USBConnect
                0x00004250       0x28 ..\..\nxp_xpresso_1769_usblib_device\Debug\libnxp_xpresso_1769_usblib_device.a(HAL_LPC17xx.o)
                0x00004250                HAL_USBConnect
 .text.USB_IRQHandler
                0x00004278       0x20 ..\..\nxp_xpresso_1769_usblib_device\Debug\libnxp_xpresso_1769_usblib_device.a(HAL_LPC17xx.o)
                0x00004278                USB_IRQHandler
 .text.SIE_WriteCommand
                0x00004298       0x38 ..\..\nxp_xpresso_1769_usblib_device\Debug\libnxp_xpresso_1769_usblib_device.a(Endpoint_LPC17xx.o)
                0x00004298                SIE_WriteCommand
 .text.SIE_WriteCommandData
                0x000042d0       0x58 ..\..\nxp_xpresso_1769_usblib_device\Debug\libnxp_xpresso_1769_usblib_device.a(Endpoint_LPC17xx.o)
                0x000042d0                SIE_WriteCommandData
 .text.SIE_ReadCommandData
                0x00004328       0x40 ..\..\nxp_xpresso_1769_usblib_device\Debug\libnxp_xpresso_1769_usblib_device.a(Endpoint_LPC17xx.o)
                0x00004328                SIE_ReadCommandData
 .text.HAL_Reset
                0x00004368      0x13c ..\..\nxp_xpresso_1769_usblib_device\Debug\libnxp_xpresso_1769_usblib_device.a(Endpoint_LPC17xx.o)
                0x00004368                HAL_Reset
 .text.Endpoint_StallTransaction
                0x000044a4       0x80 ..\..\nxp_xpresso_1769_usblib_device\Debug\libnxp_xpresso_1769_usblib_device.a(Endpoint_LPC17xx.o)
                0x000044a4                Endpoint_StallTransaction
 .text.Endpoint_ConfigureEndpoint
                0x00004524      0x1ac ..\..\nxp_xpresso_1769_usblib_device\Debug\libnxp_xpresso_1769_usblib_device.a(Endpoint_LPC17xx.o)
                0x00004524                Endpoint_ConfigureEndpoint
 .text.ReadControlEndpoint
                0x000046d0       0x98 ..\..\nxp_xpresso_1769_usblib_device\Debug\libnxp_xpresso_1769_usblib_device.a(Endpoint_LPC17xx.o)
                0x000046d0                ReadControlEndpoint
 .text.WriteControlEndpoint
                0x00004768       0xbc ..\..\nxp_xpresso_1769_usblib_device\Debug\libnxp_xpresso_1769_usblib_device.a(Endpoint_LPC17xx.o)
                0x00004768                WriteControlEndpoint
 .text.HAL17XX_USBConnect
                0x00004824       0x2c ..\..\nxp_xpresso_1769_usblib_device\Debug\libnxp_xpresso_1769_usblib_device.a(Endpoint_LPC17xx.o)
                0x00004824                HAL17XX_USBConnect
 .text.Endpoint_GetSetupPackage
                0x00004850       0x20 ..\..\nxp_xpresso_1769_usblib_device\Debug\libnxp_xpresso_1769_usblib_device.a(Endpoint_LPC17xx.o)
                0x00004850                Endpoint_GetSetupPackage
 .text.SlaveEndpointISR
                0x00004870       0xec ..\..\nxp_xpresso_1769_usblib_device\Debug\libnxp_xpresso_1769_usblib_device.a(Endpoint_LPC17xx.o)
                0x00004870                SlaveEndpointISR
 .text.DcdDataTransfer
                0x0000495c      0x224 ..\..\nxp_xpresso_1769_usblib_device\Debug\libnxp_xpresso_1769_usblib_device.a(Endpoint_LPC17xx.o)
                0x0000495c                DcdDataTransfer
 .text.DMAEndTransferISR
                0x00004b80      0x10c ..\..\nxp_xpresso_1769_usblib_device\Debug\libnxp_xpresso_1769_usblib_device.a(Endpoint_LPC17xx.o)
                0x00004b80                DMAEndTransferISR
 .text.DMANewTransferRequestISR
                0x00004c8c      0x158 ..\..\nxp_xpresso_1769_usblib_device\Debug\libnxp_xpresso_1769_usblib_device.a(Endpoint_LPC17xx.o)
                0x00004c8c                DMANewTransferRequestISR
 .text.DcdIrqHandler
                0x00004de4      0x124 ..\..\nxp_xpresso_1769_usblib_device\Debug\libnxp_xpresso_1769_usblib_device.a(Endpoint_LPC17xx.o)
                0x00004de4                DcdIrqHandler
 .text.Dummy_EPGetISOAddress
                0x00004f08       0x1c ..\..\nxp_xpresso_1769_usblib_device\Debug\libnxp_xpresso_1769_usblib_device.a(Endpoint_LPC17xx.o)
                0x00004f08                Dummy_EPGetISOAddress
                0x00004f08                CALLBACK_HAL_GetISOBufferAddress
 .text.USB_Device_ProcessControlRequest
                0x00004f24      0x14c ..\..\nxp_xpresso_1769_usblib_device\Debug\libnxp_xpresso_1769_usblib_device.a(DeviceStandardReq.o)
                0x00004f24                USB_Device_ProcessControlRequest
 .text.USB_Device_SetAddress
                0x00005070      0x17c ..\..\nxp_xpresso_1769_usblib_device\Debug\libnxp_xpresso_1769_usblib_device.a(DeviceStandardReq.o)
 .text.USB_Device_SetConfiguration
                0x000051ec       0xa4 ..\..\nxp_xpresso_1769_usblib_device\Debug\libnxp_xpresso_1769_usblib_device.a(DeviceStandardReq.o)
 .text.USB_Device_GetConfiguration
                0x00005290      0x16c ..\..\nxp_xpresso_1769_usblib_device\Debug\libnxp_xpresso_1769_usblib_device.a(DeviceStandardReq.o)
 .text.USB_Device_GetDescriptor
                0x000053fc      0x124 ..\..\nxp_xpresso_1769_usblib_device\Debug\libnxp_xpresso_1769_usblib_device.a(DeviceStandardReq.o)
 .text.USB_Device_GetStatus
                0x00005520      0x2b0 ..\..\nxp_xpresso_1769_usblib_device\Debug\libnxp_xpresso_1769_usblib_device.a(DeviceStandardReq.o)
 .text.USB_Device_ClearSetFeature
                0x000057d0      0x154 ..\..\nxp_xpresso_1769_usblib_device\Debug\libnxp_xpresso_1769_usblib_device.a(DeviceStandardReq.o)
 .text.Endpoint_ClearStatusStage
                0x00005924      0x174 ..\..\nxp_xpresso_1769_usblib_device\Debug\libnxp_xpresso_1769_usblib_device.a(Endpoint.o)
                0x00005924                Endpoint_ClearStatusStage
 .text.Endpoint_Write_Stream_LE
                0x00005a98      0x18c ..\..\nxp_xpresso_1769_usblib_device\Debug\libnxp_xpresso_1769_usblib_device.a(EndpointStream.o)
                0x00005a98                Endpoint_Write_Stream_LE
 .text.Endpoint_Write_Control_Stream_LE
                0x00005c24       0xf8 ..\..\nxp_xpresso_1769_usblib_device\Debug\libnxp_xpresso_1769_usblib_device.a(EndpointStream.o)
                0x00005c24                Endpoint_Write_Control_Stream_LE
 .text.__main   0x00005d1c       0x14 c:/nxp/lpcxpresso_7.5.0_254/lpcxpresso/tools/bin/../lib/gcc/arm-none-eabi/4.8.4/../../../../arm-none-eabi/lib/armv7-m\libcr_nohost.a(_cr__main.o)
                0x00005d1c                __main
 .text.memcpy   0x00005d30        0x4 c:/nxp/lpcxpresso_7.5.0_254/lpcxpresso/tools/bin/../lib/gcc/arm-none-eabi/4.8.4/../../../../arm-none-eabi/lib/armv7-m\libcr_c.a(memcpy.o)
                0x00005d30                memcpy
 .text.memset   0x00005d34        0x4 c:/nxp/lpcxpresso_7.5.0_254/lpcxpresso/tools/bin/../lib/gcc/arm-none-eabi/4.8.4/../../../../arm-none-eabi/lib/armv7-m\libcr_c.a(memset.o)
                0x00005d34                memset
 .text.fp_round
                0x00005d38       0x4e c:/nxp/lpcxpresso_7.5.0_254/lpcxpresso/tools/bin/../lib/gcc/arm-none-eabi/4.8.4/../../../../arm-none-eabi/lib/armv7-m\libcr_c.a(fpprintf.o)
 .text.pr_dec.constprop.1
                0x00005d86       0x26 c:/nxp/lpcxpresso_7.5.0_254/lpcxpresso/tools/bin/../lib/gcc/arm-none-eabi/4.8.4/../../../../arm-none-eabi/lib/armv7-m\libcr_c.a(fpprintf.o)
 .text.sprintf  0x00005dac       0x6c c:/nxp/lpcxpresso_7.5.0_254/lpcxpresso/tools/bin/../lib/gcc/arm-none-eabi/4.8.4/../../../../arm-none-eabi/lib/armv7-m\libcr_c.a(fpprintf.o)
                0x00005dac                sprintf
 .text.fp_display
                0x00005e18      0x998 c:/nxp/lpcxpresso_7.5.0_254/lpcxpresso/tools/bin/../lib/gcc/arm-none-eabi/4.8.4/../../../../arm-none-eabi/lib/armv7-m\libcr_c.a(fpprintf.o)
 .text.vsprintf
                0x000067b0       0x5c c:/nxp/lpcxpresso_7.5.0_254/lpcxpresso/tools/bin/../lib/gcc/arm-none-eabi/4.8.4/../../../../arm-none-eabi/lib/armv7-m\libcr_c.a(fpprintf.o)
                0x000067b0                vsprintf
 .text._initio  0x0000680c       0xa4 c:/nxp/lpcxpresso_7.5.0_254/lpcxpresso/tools/bin/../lib/gcc/arm-none-eabi/4.8.4/../../../../arm-none-eabi/lib/armv7-m\libcr_c.a(initio.o)
                0x0000680c                _initio
 .text.__vfprintf
                0x000068b0      0xca0 c:/nxp/lpcxpresso_7.5.0_254/lpcxpresso/tools/bin/../lib/gcc/arm-none-eabi/4.8.4/../../../../arm-none-eabi/lib/armv7-m\libcr_c.a(printf.o)
                0x000068b0                __vfprintf
 .text.ch_val   0x00007550       0x30 c:/nxp/lpcxpresso_7.5.0_254/lpcxpresso/tools/bin/../lib/gcc/arm-none-eabi/4.8.4/../../../../arm-none-eabi/lib/armv7-m\libcr_c.a(scanf.o)
 .text._strtoul
                0x00007580       0xc0 c:/nxp/lpcxpresso_7.5.0_254/lpcxpresso/tools/bin/../lib/gcc/arm-none-eabi/4.8.4/../../../../arm-none-eabi/lib/armv7-m\libcr_c.a(scanf.o)
 .text.strtol   0x00007640       0x80 c:/nxp/lpcxpresso_7.5.0_254/lpcxpresso/tools/bin/../lib/gcc/arm-none-eabi/4.8.4/../../../../arm-none-eabi/lib/armv7-m\libcr_c.a(scanf.o)
                0x00007640                strtol
 .text.atoi     0x000076c0       0x18 c:/nxp/lpcxpresso_7.5.0_254/lpcxpresso/tools/bin/../lib/gcc/arm-none-eabi/4.8.4/../../../../arm-none-eabi/lib/armv7-m\libcr_c.a(scanf.o)
                0x000076c0                atoi
 .text.setvbuf  0x000076d8       0x40 c:/nxp/lpcxpresso_7.5.0_254/lpcxpresso/tools/bin/../lib/gcc/arm-none-eabi/4.8.4/../../../../arm-none-eabi/lib/armv7-m\libcr_c.a(setvbuf.o)
                0x000076d8                setvbuf
 .text.strchr   0x00007718       0x1a c:/nxp/lpcxpresso_7.5.0_254/lpcxpresso/tools/bin/../lib/gcc/arm-none-eabi/4.8.4/../../../../arm-none-eabi/lib/armv7-m\libcr_c.a(strchr.o)
                0x00007718                strchr
 .text.strcmp   0x00007732       0x44 c:/nxp/lpcxpresso_7.5.0_254/lpcxpresso/tools/bin/../lib/gcc/arm-none-eabi/4.8.4/../../../../arm-none-eabi/lib/armv7-m\libcr_c.a(strcmp.o)
                0x00007732                strcmp
 .text.strlen   0x00007776       0x4a c:/nxp/lpcxpresso_7.5.0_254/lpcxpresso/tools/bin/../lib/gcc/arm-none-eabi/4.8.4/../../../../arm-none-eabi/lib/armv7-m\libcr_c.a(strlen.o)
                0x00007776                strlen
 .text._deferredlazyseek
                0x000077c0       0x44 c:/nxp/lpcxpresso_7.5.0_254/lpcxpresso/tools/bin/../lib/gcc/arm-none-eabi/4.8.4/../../../../arm-none-eabi/lib/armv7-m\libcr_c.a(_deferredlazyseek.o)
                0x000077c0                _deferredlazyseek
 .text.__flsbuf
                0x00007804      0x142 c:/nxp/lpcxpresso_7.5.0_254/lpcxpresso/tools/bin/../lib/gcc/arm-none-eabi/4.8.4/../../../../arm-none-eabi/lib/armv7-m\libcr_c.a(_deferredlazyseek.o)
                0x00007804                __flsbuf
 .text._fdopen  0x00007946       0x6a c:/nxp/lpcxpresso_7.5.0_254/lpcxpresso/tools/bin/../lib/gcc/arm-none-eabi/4.8.4/../../../../arm-none-eabi/lib/armv7-m\libcr_c.a(_fdopen.o)
                0x00007946                _fdopen
 .text._fflush  0x000079b0       0x58 c:/nxp/lpcxpresso_7.5.0_254/lpcxpresso/tools/bin/../lib/gcc/arm-none-eabi/4.8.4/../../../../arm-none-eabi/lib/armv7-m\libcr_c.a(_fflush.o)
                0x000079b0                _fflush
 .text._frexpl  0x00007a08       0x5c c:/nxp/lpcxpresso_7.5.0_254/lpcxpresso/tools/bin/../lib/gcc/arm-none-eabi/4.8.4/../../../../arm-none-eabi/lib/armv7-m\libcr_c.a(_frexpl.o)
                0x00007a08                _frexpl
 .text._ldexpl  0x00007a64       0x4c c:/nxp/lpcxpresso_7.5.0_254/lpcxpresso/tools/bin/../lib/gcc/arm-none-eabi/4.8.4/../../../../arm-none-eabi/lib/armv7-m\libcr_c.a(_ldexpl.o)
                0x00007a64                _ldexpl
 .text._Cwritebuf
                0x00007ab0       0x70 c:/nxp/lpcxpresso_7.5.0_254/lpcxpresso/tools/bin/../lib/gcc/arm-none-eabi/4.8.4/../../../../arm-none-eabi/lib/armv7-m\libcr_c.a(_writebuf.o)
                0x00007ab0                _Cwritebuf
 .text.malloc   0x00007b20       0xc8 c:/nxp/lpcxpresso_7.5.0_254/lpcxpresso/tools/bin/../lib/gcc/arm-none-eabi/4.8.4/../../../../arm-none-eabi/lib/armv7-m\libcr_c.a(alloc.o)
                0x00007b20                malloc
 .text.free     0x00007be8        0xc c:/nxp/lpcxpresso_7.5.0_254/lpcxpresso/tools/bin/../lib/gcc/arm-none-eabi/4.8.4/../../../../arm-none-eabi/lib/armv7-m\libcr_c.a(alloc.o)
                0x00007be8                free
 .text._Csys_alloc
                0x00007bf4       0x20 c:/nxp/lpcxpresso_7.5.0_254/lpcxpresso/tools/bin/../lib/gcc/arm-none-eabi/4.8.4/../../../../arm-none-eabi/lib/armv7-m\libcr_c.a(alloc.o)
                0x00007bf4                _Csys_alloc
 .text.fclose   0x00007c14       0x6c c:/nxp/lpcxpresso_7.5.0_254/lpcxpresso/tools/bin/../lib/gcc/arm-none-eabi/4.8.4/../../../../arm-none-eabi/lib/armv7-m\libcr_c.a(fclose.o)
                0x00007c14                fclose
 .text.fflush   0x00007c80       0x30 c:/nxp/lpcxpresso_7.5.0_254/lpcxpresso/tools/bin/../lib/gcc/arm-none-eabi/4.8.4/../../../../arm-none-eabi/lib/armv7-m\libcr_c.a(fflush.o)
                0x00007c80                fflush
 .text.fseek    0x00007cb0      0x10c c:/nxp/lpcxpresso_7.5.0_254/lpcxpresso/tools/bin/../lib/gcc/arm-none-eabi/4.8.4/../../../../arm-none-eabi/lib/armv7-m\libcr_c.a(fseek.o)
                0x00007cb0                fseek
 .text.ftell    0x00007dbc       0x4c c:/nxp/lpcxpresso_7.5.0_254/lpcxpresso/tools/bin/../lib/gcc/arm-none-eabi/4.8.4/../../../../arm-none-eabi/lib/armv7-m\libcr_c.a(ftell.o)
                0x00007dbc                ftell
 .text.remove   0x00007e08       0x14 c:/nxp/lpcxpresso_7.5.0_254/lpcxpresso/tools/bin/../lib/gcc/arm-none-eabi/4.8.4/../../../../arm-none-eabi/lib/armv7-m\libcr_c.a(remove.o)
                0x00007e08                remove
 .text._sbrk    0x00007e1c       0x40 c:/nxp/lpcxpresso_7.5.0_254/lpcxpresso/tools/bin/../lib/gcc/arm-none-eabi/4.8.4/../../../../arm-none-eabi/lib/armv7-m\libcr_c.a(_cr_sbrk.o)
                0x00007e1c                _sbrk
 .text._do_fflush
                0x00007e5c       0x44 c:/nxp/lpcxpresso_7.5.0_254/lpcxpresso/tools/bin/../lib/gcc/arm-none-eabi/4.8.4/../../../../arm-none-eabi/lib/armv7-m\libcr_c.a(_do_fflush.o)
                0x00007e5c                _do_fflush
 .text.__check_heap_overflow
                0x00007ea0       0x18 c:/nxp/lpcxpresso_7.5.0_254/lpcxpresso/tools/bin/../lib/gcc/arm-none-eabi/4.8.4/../../../../arm-none-eabi/lib/armv7-m\libcr_c.a(_cr_check_heap.o)
                0x00007ea0                __check_heap_overflow
 .text.__aeabi_division_uldivmod
                0x00007eb8      0x188 c:/nxp/lpcxpresso_7.5.0_254/lpcxpresso/tools/bin/../lib/gcc/arm-none-eabi/4.8.4/armv7-m\libcr_eabihelpers.a(division_64.o)
                0x00007eb8                __aeabi_uldivmod
                0x00007ebc                __bhs_ldivmod1
 .text.__aeabi_division_idiv0
                0x00008040        0x2 c:/nxp/lpcxpresso_7.5.0_254/lpcxpresso/tools/bin/../lib/gcc/arm-none-eabi/4.8.4/armv7-m\libcr_eabihelpers.a(division_idiv0.o)
                0x00008040                __aeabi_idiv0
 *fill*         0x00008042        0x2 
 .text.__aeabi_dmul
                0x00008044      0x12c c:/nxp/lpcxpresso_7.5.0_254/lpcxpresso/tools/bin/../lib/gcc/arm-none-eabi/4.8.4/armv7-m\libcr_eabihelpers.a(double.o)
                0x00008044                __aeabi_dmul
 .text.__aeabi_ddiv
                0x00008170      0x16c c:/nxp/lpcxpresso_7.5.0_254/lpcxpresso/tools/bin/../lib/gcc/arm-none-eabi/4.8.4/armv7-m\libcr_eabihelpers.a(double.o)
                0x00008170                __aeabi_ddiv
 .text.__aeabi_dsub
                0x000082dc      0x228 c:/nxp/lpcxpresso_7.5.0_254/lpcxpresso/tools/bin/../lib/gcc/arm-none-eabi/4.8.4/armv7-m\libcr_eabihelpers.a(double.o)
                0x000082dc                __aeabi_dsub
 .text.__aeabi_dadd
                0x00008504      0x178 c:/nxp/lpcxpresso_7.5.0_254/lpcxpresso/tools/bin/../lib/gcc/arm-none-eabi/4.8.4/armv7-m\libcr_eabihelpers.a(double.o)
                0x00008504                __aeabi_dadd
 .text.__aeabi_d2iz
                0x0000867c       0x4c c:/nxp/lpcxpresso_7.5.0_254/lpcxpresso/tools/bin/../lib/gcc/arm-none-eabi/4.8.4/armv7-m\libcr_eabihelpers.a(double.o)
                0x0000867c                __aeabi_d2iz
 .text.__bhs_ui2d
                0x000086c8       0x48 c:/nxp/lpcxpresso_7.5.0_254/lpcxpresso/tools/bin/../lib/gcc/arm-none-eabi/4.8.4/armv7-m\libcr_eabihelpers.a(double.o)
                0x000086c8                __bhs_ui2d
 .text.__aeabi_i2d
                0x00008710       0x10 c:/nxp/lpcxpresso_7.5.0_254/lpcxpresso/tools/bin/../lib/gcc/arm-none-eabi/4.8.4/armv7-m\libcr_eabihelpers.a(double.o)
                0x00008710                __aeabi_i2d
 .text.__aeabi_dcmpeq
                0x00008720       0x40 c:/nxp/lpcxpresso_7.5.0_254/lpcxpresso/tools/bin/../lib/gcc/arm-none-eabi/4.8.4/armv7-m\libcr_eabihelpers.a(double.o)
                0x00008720                __aeabi_dcmpeq
 .text.__aeabi_dcmplt
                0x00008760       0x70 c:/nxp/lpcxpresso_7.5.0_254/lpcxpresso/tools/bin/../lib/gcc/arm-none-eabi/4.8.4/armv7-m\libcr_eabihelpers.a(double.o)
                0x00008760                __aeabi_dcmplt
 .text.__aeabi_dcmple
                0x000087d0       0x68 c:/nxp/lpcxpresso_7.5.0_254/lpcxpresso/tools/bin/../lib/gcc/arm-none-eabi/4.8.4/armv7-m\libcr_eabihelpers.a(double.o)
                0x000087d0                __aeabi_dcmple
 .text.__aeabi_dcmpge
                0x00008838       0x64 c:/nxp/lpcxpresso_7.5.0_254/lpcxpresso/tools/bin/../lib/gcc/arm-none-eabi/4.8.4/armv7-m\libcr_eabihelpers.a(double.o)
                0x00008838                __aeabi_dcmpge
 .text.__aeabi_memcpy
                0x0000889c       0x3a c:/nxp/lpcxpresso_7.5.0_254/lpcxpresso/tools/bin/../lib/gcc/arm-none-eabi/4.8.4/armv7-m\libcr_eabihelpers.a(memcpy.o)
                0x0000889c                __aeabi_memcpy
                0x000088a8                __aeabi_memcpy8
                0x000088a8                __aeabi_memcpy4
 .text.__aeabi_memset_lowlevel
                0x000088d6       0x38 c:/nxp/lpcxpresso_7.5.0_254/lpcxpresso/tools/bin/../lib/gcc/arm-none-eabi/4.8.4/armv7-m\libcr_eabihelpers.a(memcpy.o)
                0x000088d6                __aeabi_lowlevel_memset
 .text.__sys_appexit
                0x0000890e        0x2 c:/nxp/lpcxpresso_7.5.0_254/lpcxpresso/tools/bin/../lib/gcc/arm-none-eabi/4.8.4/../../../../arm-none-eabi/lib/armv7-m\libcr_nohost.a(__sys_appexit.o)
                0x0000890e                __sys_appexit
                0x0000890e                __exit
 .text.__sys_close
                0x00008910        0x6 c:/nxp/lpcxpresso_7.5.0_254/lpcxpresso/tools/bin/../lib/gcc/arm-none-eabi/4.8.4/../../../../arm-none-eabi/lib/armv7-m\libcr_nohost.a(__sys_close.o)
                0x00008910                __sys_close
 .text.__sys_flen
                0x00008916        0x6 c:/nxp/lpcxpresso_7.5.0_254/lpcxpresso/tools/bin/../lib/gcc/arm-none-eabi/4.8.4/../../../../arm-none-eabi/lib/armv7-m\libcr_nohost.a(__sys_flen.o)
                0x00008916                __sys_flen
 .text.__sys_istty
                0x0000891c        0x6 c:/nxp/lpcxpresso_7.5.0_254/lpcxpresso/tools/bin/../lib/gcc/arm-none-eabi/4.8.4/../../../../arm-none-eabi/lib/armv7-m\libcr_nohost.a(__sys_istty.o)
                0x0000891c                __sys_istty
 .text.__sys_remove
                0x00008922        0x6 c:/nxp/lpcxpresso_7.5.0_254/lpcxpresso/tools/bin/../lib/gcc/arm-none-eabi/4.8.4/../../../../arm-none-eabi/lib/armv7-m\libcr_nohost.a(__sys_remove.o)
                0x00008922                __sys_remove
 .text.__sys_seek
                0x00008928        0x6 c:/nxp/lpcxpresso_7.5.0_254/lpcxpresso/tools/bin/../lib/gcc/arm-none-eabi/4.8.4/../../../../arm-none-eabi/lib/armv7-m\libcr_nohost.a(__sys_seek.o)
                0x00008928                __sys_seek
 .text.__sys_tmpnam
                0x0000892e        0x6 c:/nxp/lpcxpresso_7.5.0_254/lpcxpresso/tools/bin/../lib/gcc/arm-none-eabi/4.8.4/../../../../arm-none-eabi/lib/armv7-m\libcr_nohost.a(__sys_tmpnam.o)
                0x0000892e                __sys_tmpnam
 *(.rodata .rodata.* .constdata .constdata.*)
 .rodata        0x00008934       0xa8 ./VirtualSerial.o
 .rodata        0x000089dc      0x108 ./console.o
 .rodata.str1.1
                0x00008ae4       0x34 c:/nxp/lpcxpresso_7.5.0_254/lpcxpresso/tools/bin/../lib/gcc/arm-none-eabi/4.8.4/../../../../arm-none-eabi/lib/armv7-m\libcr_c.a(fpprintf.o)
                                 0x35 (size before relaxing)
 .rodata.str1.1
                0x00008b18        0x4 c:/nxp/lpcxpresso_7.5.0_254/lpcxpresso/tools/bin/../lib/gcc/arm-none-eabi/4.8.4/../../../../arm-none-eabi/lib/armv7-m\libcr_c.a(initio.o)
 .rodata.str1.1
                0x00008b1c       0x31 c:/nxp/lpcxpresso_7.5.0_254/lpcxpresso/tools/bin/../lib/gcc/arm-none-eabi/4.8.4/../../../../arm-none-eabi/lib/armv7-m\libcr_c.a(printf.o)
                                 0x38 (size before relaxing)
 *fill*         0x00008b4d        0x3 
 .rodata.__huge_vall
                0x00008b50        0x8 c:/nxp/lpcxpresso_7.5.0_254/lpcxpresso/tools/bin/../lib/gcc/arm-none-eabi/4.8.4/../../../../arm-none-eabi/lib/armv7-m\libcr_c.a(_hugeval.o)
                0x00008b50                __huge_vall
 .rodata.str1.1
                0x00008b58       0x18 c:/nxp/lpcxpresso_7.5.0_254/lpcxpresso/tools/bin/../lib/gcc/arm-none-eabi/4.8.4/../../../../arm-none-eabi/lib/armv7-m\libcr_c.a(alloc.o)
 .rodata.__ctype
                0x00008b70      0x180 c:/nxp/lpcxpresso_7.5.0_254/lpcxpresso/tools/bin/../lib/gcc/arm-none-eabi/4.8.4/../../../../arm-none-eabi/lib/armv7-m\libcr_c.a(ctype.o)
                0x00008b70                __ctype
                0x00008cf0                . = ALIGN (0x4)

.glue_7         0x00008cf0        0x0
 .glue_7        0x00000000        0x0 linker stubs

.glue_7t        0x00008cf0        0x0
 .glue_7t       0x00000000        0x0 linker stubs

.vfp11_veneer   0x00008cf0        0x0
 .vfp11_veneer  0x00000000        0x0 linker stubs

.v4_bx          0x00008cf0        0x0
 .v4_bx         0x00000000        0x0 linker stubs

.iplt           0x00008cf0        0x0
 .iplt          0x00000000        0x0 ./ADCext.o

.rel.dyn        0x00008cf0        0x0
 .rel.iplt      0x00000000        0x0 ./ADCext.o

.ARM.extab
 *(.ARM.extab* .gnu.linkonce.armextab.*)
                0x00008cf0                __exidx_start = .

.ARM.exidx
 *(.ARM.exidx* .gnu.linkonce.armexidx.*)
                0x00008cf0                __exidx_end = .
                0x00008cf0                _etext = .

.data_RAM2      0x2007c000        0x0 load address 0x00008cf0
 FILL mask 0xff
 *(.ramfunc.$RAM2)
 *(.ramfunc.$RamAHB32)
 *(.data.$RAM2*)
 *(.data.$RamAHB32*)
                0x2007c000                . = ALIGN (0x4)

.uninit_RESERVED
                0x10000000        0x0
 *(.bss.$RESERVED*)
                0x10000000                . = ALIGN (0x4)
                0x10000000                _end_uninit_RESERVED = .

.data           0x10000000       0xd4 load address 0x00008cf0
 FILL mask 0xff
                0x10000000                _data = .
 *(vtable)
 *(.ramfunc*)
 *(.data*)
 .data.DeviceDescriptor
                0x10000000       0x14 ./Descriptors.o
                0x10000000                DeviceDescriptor
 .data.ConfigurationDescriptor
                0x10000014       0x40 ./Descriptors.o
                0x10000014                ConfigurationDescriptor
 .data.LanguageString
                0x10000054        0x4 ./Descriptors.o
                0x10000054                LanguageString
 .data.LanguageStringPtr
                0x10000058        0x4 ./Descriptors.o
                0x10000058                LanguageStringPtr
 .data.ManufacturerString
                0x1000005c        0x8 ./Descriptors.o
                0x1000005c                ManufacturerString
 .data.ManufacturerStringPtr
                0x10000064        0x4 ./Descriptors.o
                0x10000064                ManufacturerStringPtr
 .data.ProductString
                0x10000068       0x38 ./Descriptors.o
                0x10000068                ProductString
 .data.ProductStringPtr
                0x100000a0        0x4 ./Descriptors.o
                0x100000a0                ProductStringPtr
 .data.VirtualSerial_CDC_Interface
                0x100000a4       0x1c ./VirtualSerial.o
                0x100000a4                VirtualSerial_CDC_Interface
 .data.sys_info
                0x100000c0       0x10 ./console.o
                0x100000c0                sys_info
 .data.flag.4105
                0x100000d0        0x4 ./console.o
                0x100000d4                . = ALIGN (0x4)
                0x100000d4                _edata = .

.igot.plt       0x100000d4        0x0 load address 0x00008dc4
 .igot.plt      0x00000000        0x0 ./ADCext.o

.bss_RAM2       0x2007c000      0xa80
 *(.bss.$RAM2*)
 .bss.$RAM2     0x2007c000        0x8 ..\..\nxp_xpresso_1769_usblib_device\Debug\libnxp_xpresso_1769_usblib_device.a(USBTask.o)
                0x2007c000                USB_ControlRequest
 *fill*         0x2007c008       0x78 
 .bss.$RAM2     0x2007c080      0x400 ..\..\nxp_xpresso_1769_usblib_device\Debug\libnxp_xpresso_1769_usblib_device.a(Endpoint_LPC17xx.o)
                0x2007c080                UDCA
                0x2007c100                dmaDescriptor
                0x2007c1f8                iso_buffer
                0x2007c3f8                BufferAddressIso
 .bss.$RAM2     0x2007c480      0x600 ..\..\nxp_xpresso_1769_usblib_device\Debug\libnxp_xpresso_1769_usblib_device.a(Endpoint.o)
                0x2007c480                usb_data_buffer
                0x2007c680                usb_data_buffer_OUT
                0x2007c880                usb_data_buffer_IN
 *(.bss.$RamAHB32*)
                0x2007ca80                . = ALIGN (0x4)

.bss            0x100000d4      0x434
                0x100000d4                _bss = .
 *(.bss*)
 .bss.buff      0x100000d4       0x14 ./VirtualSerial.o
                0x100000d4                buff
 .bss.buff2     0x100000e8        0x4 ./VirtualSerial.o
                0x100000e8                buff2
 .bss.ads1115_buff
                0x100000ec        0x8 ./VirtualSerial.o
                0x100000ec                ads1115_buff
 .bss.Buff      0x100000f4       0x64 ./console.o
                0x100000f4                Buff
 .bss.counter.4106
                0x10000158        0x4 ./console.o
 .bss.I2CMasterState
                0x1000015c        0x4 ./i2c.o
                0x1000015c                I2CMasterState
 .bss.RdIndex   0x10000160        0x4 ./i2c.o
                0x10000160                RdIndex
 .bss.WrIndex   0x10000164        0x4 ./i2c.o
                0x10000164                WrIndex
 .bss.state.5027
                0x10000168        0x1 ./protocol.o
 *fill*         0x10000169        0x3 
 .bss.buffSize.5028
                0x1000016c        0x4 ./protocol.o
 .bss.SETUP_HANDLED
                0x10000170        0x4 ..\..\nxp_xpresso_1769_usblib_device\Debug\libnxp_xpresso_1769_usblib_device.a(DeviceStandardReq.o)
                0x10000170                SETUP_HANDLED
 .bss.errno     0x10000174        0x4 c:/nxp/lpcxpresso_7.5.0_254/lpcxpresso/tools/bin/../lib/gcc/arm-none-eabi/4.8.4/../../../../arm-none-eabi/lib/armv7-m\libcr_c.a(errno.o)
                0x10000174                errno
 *(COMMON)
 COMMON         0x10000178      0x194 ./VirtualSerial.o
                0x10000178                adcFuncArray
                0x100001b8                second
                0x100001bc                clrPin
                0x100001c0                setPin
                0x100001c4                test
                0x100001c8                outputFuncArray
                0x10000248                Motor1State
                0x10000264                sendData
                0x10000268                first
                0x1000026c                adcSend
                0x10000270                adcValue
                0x100002f0                Motor1
 COMMON         0x1000030c       0x10 ./console.o
                0x1000030c                CommandLine
 COMMON         0x1000031c       0x4c ./i2c.o
                0x1000031c                I2CReadLength
                0x10000320                I2CSlaveBuffer
                0x10000340                I2CMasterBuffer
                0x10000364                I2CWriteLength
 COMMON         0x10000368        0x4 ..\..\nxp_xpresso_1769_board_lib\Debug\libnxp_xpresso_1769_board_lib.a(board_nxp_xpresso_1769.o)
                0x10000368                SystemCoreClock
 COMMON         0x1000036c        0x1 ..\..\nxp_xpresso_1769_usblib_device\Debug\libnxp_xpresso_1769_usblib_device.a(USBController.o)
                0x1000036c                USB_CurrentMode
 *fill*         0x1000036d        0x3 
 COMMON         0x10000370        0x5 ..\..\nxp_xpresso_1769_usblib_device\Debug\libnxp_xpresso_1769_usblib_device.a(USBTask.o)
                0x10000370                USB_IsInitialized
                0x10000374                USB_DeviceState
 *fill*         0x10000375        0x3 
 COMMON         0x10000378       0x18 ..\..\nxp_xpresso_1769_usblib_device\Debug\libnxp_xpresso_1769_usblib_device.a(Endpoint_LPC17xx.o)
                0x10000378                DataInRemainOffset
                0x1000037c                ISO_Address
                0x10000380                SETUPReceived
                0x10000381                isInReady
                0x10000382                isOutReceived
                0x10000383                shortpacket
                0x10000384                SizeAudioTransfer
                0x10000388                IsConfigured
                0x1000038c                DataInRemainCount
 COMMON         0x10000390        0x3 ..\..\nxp_xpresso_1769_usblib_device\Debug\libnxp_xpresso_1769_usblib_device.a(DeviceStandardReq.o)
                0x10000390                USB_Device_ConfigurationNumber
                0x10000391                USB_Device_CurrentlySelfPowered
                0x10000392                USB_Device_RemoteWakeupEnabled
 *fill*         0x10000393        0x1 
 COMMON         0x10000394       0x26 ..\..\nxp_xpresso_1769_usblib_device\Debug\libnxp_xpresso_1769_usblib_device.a(Endpoint.o)
                0x10000394                usb_data_buffer_OUT_size
                0x10000398                endpointselected
                0x1000039c                usb_data_buffer_index
                0x100003a0                usb_data_buffer_IN_index
                0x100003a4                usb_data_buffer_size
                0x100003a8                usb_data_buffer_OUT_index
                0x100003ac                endpointhandle0
                0x100003b4                endpointhandle1
 *fill*         0x100003ba        0x2 
 COMMON         0x100003bc        0x4 c:/nxp/lpcxpresso_7.5.0_254/lpcxpresso/tools/bin/../lib/gcc/arm-none-eabi/4.8.4/../../../../arm-none-eabi/lib/armv7-m\libcr_c.a(initio.o)
                0x100003bc                _extra
 COMMON         0x100003c0      0x140 c:/nxp/lpcxpresso_7.5.0_254/lpcxpresso/tools/bin/../lib/gcc/arm-none-eabi/4.8.4/../../../../arm-none-eabi/lib/armv7-m\libcr_c.a(stdio.o)
                0x100003c0                __Ciob
 COMMON         0x10000500        0x8 c:/nxp/lpcxpresso_7.5.0_254/lpcxpresso/tools/bin/../lib/gcc/arm-none-eabi/4.8.4/../../../../arm-none-eabi/lib/armv7-m\libcr_c.a(__init_alloc.o)
                0x10000500                __heaps
                0x10000504                __end_of_heap
                0x10000508                . = ALIGN (0x4)
                0x10000508                _ebss = .
                0x10000508                PROVIDE (end, .)

.noinit_RAM2    0x2007ca80        0x0
 *(.noinit.$RAM2*)
 *(.noinit.$RamAHB32*)
                0x2007ca80                . = ALIGN (0x4)

.noinit         0x10000508        0x0
                0x10000508                _noinit = .
 *(.noinit*)
                0x10000508                . = ALIGN (0x4)
                0x10000508                _end_noinit = .
                0x10000508                PROVIDE (_pvHeapStart, DEFINED (__user_heap_base)?__user_heap_base:.)
                0x10008000                PROVIDE (_vStackTop, DEFINED (__user_stack_top)?__user_stack_top:(__top_RamLoc32 - 0x0))
OUTPUT(MainModule(LPC1769).axf elf32-littlearm)

.debug_info     0x00000000     0xd5b1
 .debug_info    0x00000000      0x21d ./ADCext.o
 .debug_info    0x0000021d      0x98c ./Descriptors.o
 .debug_info    0x00000ba9      0xac3 ./VirtualSerial.o
 .debug_info    0x0000166c      0x1c3 ./ads1115.o
 .debug_info    0x0000182f      0x498 ./console.o
 .debug_info    0x00001cc7      0x24e ./cr_startup_lpc17xx40xx.o
 .debug_info    0x00001f15      0x1ed ./drv8840.o
 .debug_info    0x00002102      0x936 ./i2c.o
 .debug_info    0x00002a38      0x594 ./protocol.o
 .debug_info    0x00002fcc      0x33c ./system_LPC17xx.o
 .debug_info    0x00003308      0x3a8 ./transmitter_interface.o
 .debug_info    0x000036b0     0x11fe ..\..\nxp_xpresso_1769_board_lib\Debug\libnxp_xpresso_1769_board_lib.a(board_nxp_xpresso_1769.o)
 .debug_info    0x000048ae      0xa8c ..\..\nxp_xpresso_1769_board_lib\Debug\libnxp_xpresso_1769_board_lib.a(usart_001.o)
 .debug_info    0x0000533a      0xb2b ..\..\nxp_xpresso_1769_board_lib\Debug\libnxp_xpresso_1769_board_lib.a(clock_17xx_40xx.o)
 .debug_info    0x00005e65      0x1d7 ..\..\nxp_xpresso_1769_board_lib\Debug\libnxp_xpresso_1769_board_lib.a(iocon_17xx_40xx.o)
 .debug_info    0x0000603c      0xb82 ..\..\nxp_xpresso_1769_board_lib\Debug\libnxp_xpresso_1769_board_lib.a(uart_17xx_40xx.o)
 .debug_info    0x00006bbe      0x4cb ..\..\nxp_xpresso_1769_usblib_device\Debug\libnxp_xpresso_1769_usblib_device.a(USBController.o)
 .debug_info    0x00007089      0x559 ..\..\nxp_xpresso_1769_usblib_device\Debug\libnxp_xpresso_1769_usblib_device.a(USBTask.o)
 .debug_info    0x000075e2     0x174d ..\..\nxp_xpresso_1769_usblib_device\Debug\libnxp_xpresso_1769_usblib_device.a(CDCClassDevice.o)
 .debug_info    0x00008d2f      0xe4b ..\..\nxp_xpresso_1769_usblib_device\Debug\libnxp_xpresso_1769_usblib_device.a(HAL_LPC17xx.o)
 .debug_info    0x00009b7a     0x1042 ..\..\nxp_xpresso_1769_usblib_device\Debug\libnxp_xpresso_1769_usblib_device.a(Endpoint_LPC17xx.o)
 .debug_info    0x0000abbc     0x106e ..\..\nxp_xpresso_1769_usblib_device\Debug\libnxp_xpresso_1769_usblib_device.a(DeviceStandardReq.o)
 .debug_info    0x0000bc2a      0xb22 ..\..\nxp_xpresso_1769_usblib_device\Debug\libnxp_xpresso_1769_usblib_device.a(Endpoint.o)
 .debug_info    0x0000c74c      0xe65 ..\..\nxp_xpresso_1769_usblib_device\Debug\libnxp_xpresso_1769_usblib_device.a(EndpointStream.o)

.debug_abbrev   0x00000000     0x2ee7
 .debug_abbrev  0x00000000       0xd8 ./ADCext.o
 .debug_abbrev  0x000000d8      0x169 ./Descriptors.o
 .debug_abbrev  0x00000241      0x2c4 ./VirtualSerial.o
 .debug_abbrev  0x00000505       0xe1 ./ads1115.o
 .debug_abbrev  0x000005e6      0x1e6 ./console.o
 .debug_abbrev  0x000007cc       0xf5 ./cr_startup_lpc17xx40xx.o
 .debug_abbrev  0x000008c1       0xb4 ./drv8840.o
 .debug_abbrev  0x00000975      0x210 ./i2c.o
 .debug_abbrev  0x00000b85      0x1b6 ./protocol.o
 .debug_abbrev  0x00000d3b       0xf7 ./system_LPC17xx.o
 .debug_abbrev  0x00000e32      0x178 ./transmitter_interface.o
 .debug_abbrev  0x00000faa      0x310 ..\..\nxp_xpresso_1769_board_lib\Debug\libnxp_xpresso_1769_board_lib.a(board_nxp_xpresso_1769.o)
 .debug_abbrev  0x000012ba      0x23e ..\..\nxp_xpresso_1769_board_lib\Debug\libnxp_xpresso_1769_board_lib.a(usart_001.o)
 .debug_abbrev  0x000014f8      0x2d3 ..\..\nxp_xpresso_1769_board_lib\Debug\libnxp_xpresso_1769_board_lib.a(clock_17xx_40xx.o)
 .debug_abbrev  0x000017cb       0xdf ..\..\nxp_xpresso_1769_board_lib\Debug\libnxp_xpresso_1769_board_lib.a(iocon_17xx_40xx.o)
 .debug_abbrev  0x000018aa      0x290 ..\..\nxp_xpresso_1769_board_lib\Debug\libnxp_xpresso_1769_board_lib.a(uart_17xx_40xx.o)
 .debug_abbrev  0x00001b3a      0x143 ..\..\nxp_xpresso_1769_usblib_device\Debug\libnxp_xpresso_1769_usblib_device.a(USBController.o)
 .debug_abbrev  0x00001c7d      0x1d4 ..\..\nxp_xpresso_1769_usblib_device\Debug\libnxp_xpresso_1769_usblib_device.a(USBTask.o)
 .debug_abbrev  0x00001e51      0x32c ..\..\nxp_xpresso_1769_usblib_device\Debug\libnxp_xpresso_1769_usblib_device.a(CDCClassDevice.o)
 .debug_abbrev  0x0000217d      0x21e ..\..\nxp_xpresso_1769_usblib_device\Debug\libnxp_xpresso_1769_usblib_device.a(HAL_LPC17xx.o)
 .debug_abbrev  0x0000239b      0x366 ..\..\nxp_xpresso_1769_usblib_device\Debug\libnxp_xpresso_1769_usblib_device.a(Endpoint_LPC17xx.o)
 .debug_abbrev  0x00002701      0x2ee ..\..\nxp_xpresso_1769_usblib_device\Debug\libnxp_xpresso_1769_usblib_device.a(DeviceStandardReq.o)
 .debug_abbrev  0x000029ef      0x29a ..\..\nxp_xpresso_1769_usblib_device\Debug\libnxp_xpresso_1769_usblib_device.a(Endpoint.o)
 .debug_abbrev  0x00002c89      0x25e ..\..\nxp_xpresso_1769_usblib_device\Debug\libnxp_xpresso_1769_usblib_device.a(EndpointStream.o)

.debug_aranges  0x00000000      0xa30
 .debug_aranges
                0x00000000       0x28 ./ADCext.o
 .debug_aranges
                0x00000028       0x20 ./Descriptors.o
 .debug_aranges
                0x00000048       0x70 ./VirtualSerial.o
 .debug_aranges
                0x000000b8       0x30 ./ads1115.o
 .debug_aranges
                0x000000e8       0x48 ./console.o
 .debug_aranges
                0x00000130       0x80 ./cr_startup_lpc17xx40xx.o
 .debug_aranges
                0x000001b0       0x28 ./drv8840.o
 .debug_aranges
                0x000001d8       0x48 ./i2c.o
 .debug_aranges
                0x00000220       0x38 ./protocol.o
 .debug_aranges
                0x00000258       0x28 ./system_LPC17xx.o
 .debug_aranges
                0x00000280       0xb8 ./transmitter_interface.o
 .debug_aranges
                0x00000338      0x188 ..\..\nxp_xpresso_1769_board_lib\Debug\libnxp_xpresso_1769_board_lib.a(board_nxp_xpresso_1769.o)
 .debug_aranges
                0x000004c0       0xa8 ..\..\nxp_xpresso_1769_board_lib\Debug\libnxp_xpresso_1769_board_lib.a(usart_001.o)
 .debug_aranges
                0x00000568      0x120 ..\..\nxp_xpresso_1769_board_lib\Debug\libnxp_xpresso_1769_board_lib.a(clock_17xx_40xx.o)
 .debug_aranges
                0x00000688       0x20 ..\..\nxp_xpresso_1769_board_lib\Debug\libnxp_xpresso_1769_board_lib.a(iocon_17xx_40xx.o)
 .debug_aranges
                0x000006a8       0xb8 ..\..\nxp_xpresso_1769_board_lib\Debug\libnxp_xpresso_1769_board_lib.a(uart_17xx_40xx.o)
 .debug_aranges
                0x00000760       0x38 ..\..\nxp_xpresso_1769_usblib_device\Debug\libnxp_xpresso_1769_usblib_device.a(USBController.o)
 .debug_aranges
                0x00000798       0x28 ..\..\nxp_xpresso_1769_usblib_device\Debug\libnxp_xpresso_1769_usblib_device.a(USBTask.o)
 .debug_aranges
                0x000007c0       0x78 ..\..\nxp_xpresso_1769_usblib_device\Debug\libnxp_xpresso_1769_usblib_device.a(CDCClassDevice.o)
 .debug_aranges
                0x00000838       0x60 ..\..\nxp_xpresso_1769_usblib_device\Debug\libnxp_xpresso_1769_usblib_device.a(HAL_LPC17xx.o)
 .debug_aranges
                0x00000898       0xa8 ..\..\nxp_xpresso_1769_usblib_device\Debug\libnxp_xpresso_1769_usblib_device.a(Endpoint_LPC17xx.o)
 .debug_aranges
                0x00000940       0x50 ..\..\nxp_xpresso_1769_usblib_device\Debug\libnxp_xpresso_1769_usblib_device.a(DeviceStandardReq.o)
 .debug_aranges
                0x00000990       0x38 ..\..\nxp_xpresso_1769_usblib_device\Debug\libnxp_xpresso_1769_usblib_device.a(Endpoint.o)
 .debug_aranges
                0x000009c8       0x68 ..\..\nxp_xpresso_1769_usblib_device\Debug\libnxp_xpresso_1769_usblib_device.a(EndpointStream.o)

.debug_ranges   0x00000000      0x910
 .debug_ranges  0x00000000       0x18 ./ADCext.o
 .debug_ranges  0x00000018       0x10 ./Descriptors.o
 .debug_ranges  0x00000028       0x60 ./VirtualSerial.o
 .debug_ranges  0x00000088       0x20 ./ads1115.o
 .debug_ranges  0x000000a8       0x38 ./console.o
 .debug_ranges  0x000000e0       0x70 ./cr_startup_lpc17xx40xx.o
 .debug_ranges  0x00000150       0x18 ./drv8840.o
 .debug_ranges  0x00000168       0x38 ./i2c.o
 .debug_ranges  0x000001a0       0x28 ./protocol.o
 .debug_ranges  0x000001c8       0x18 ./system_LPC17xx.o
 .debug_ranges  0x000001e0       0xa8 ./transmitter_interface.o
 .debug_ranges  0x00000288      0x178 ..\..\nxp_xpresso_1769_board_lib\Debug\libnxp_xpresso_1769_board_lib.a(board_nxp_xpresso_1769.o)
 .debug_ranges  0x00000400       0x98 ..\..\nxp_xpresso_1769_board_lib\Debug\libnxp_xpresso_1769_board_lib.a(usart_001.o)
 .debug_ranges  0x00000498      0x110 ..\..\nxp_xpresso_1769_board_lib\Debug\libnxp_xpresso_1769_board_lib.a(clock_17xx_40xx.o)
 .debug_ranges  0x000005a8       0x10 ..\..\nxp_xpresso_1769_board_lib\Debug\libnxp_xpresso_1769_board_lib.a(iocon_17xx_40xx.o)
 .debug_ranges  0x000005b8       0xa8 ..\..\nxp_xpresso_1769_board_lib\Debug\libnxp_xpresso_1769_board_lib.a(uart_17xx_40xx.o)
 .debug_ranges  0x00000660       0x28 ..\..\nxp_xpresso_1769_usblib_device\Debug\libnxp_xpresso_1769_usblib_device.a(USBController.o)
 .debug_ranges  0x00000688       0x18 ..\..\nxp_xpresso_1769_usblib_device\Debug\libnxp_xpresso_1769_usblib_device.a(USBTask.o)
 .debug_ranges  0x000006a0       0x80 ..\..\nxp_xpresso_1769_usblib_device\Debug\libnxp_xpresso_1769_usblib_device.a(CDCClassDevice.o)
 .debug_ranges  0x00000720       0x50 ..\..\nxp_xpresso_1769_usblib_device\Debug\libnxp_xpresso_1769_usblib_device.a(HAL_LPC17xx.o)
 .debug_ranges  0x00000770       0xb0 ..\..\nxp_xpresso_1769_usblib_device\Debug\libnxp_xpresso_1769_usblib_device.a(Endpoint_LPC17xx.o)
 .debug_ranges  0x00000820       0x58 ..\..\nxp_xpresso_1769_usblib_device\Debug\libnxp_xpresso_1769_usblib_device.a(DeviceStandardReq.o)
 .debug_ranges  0x00000878       0x40 ..\..\nxp_xpresso_1769_usblib_device\Debug\libnxp_xpresso_1769_usblib_device.a(Endpoint.o)
 .debug_ranges  0x000008b8       0x58 ..\..\nxp_xpresso_1769_usblib_device\Debug\libnxp_xpresso_1769_usblib_device.a(EndpointStream.o)

.debug_macro    0x00000000     0xae8a
 .debug_macro   0x00000000      0x27a ./ADCext.o
 .debug_macro   0x0000027a      0x862 ./ADCext.o
 .debug_macro   0x00000adc       0x2e ./ADCext.o
 .debug_macro   0x00000b0a       0x10 ./ADCext.o
 .debug_macro   0x00000b1a      0x122 ./ADCext.o
 .debug_macro   0x00000c3c      0x5b9 ./ADCext.o
 .debug_macro   0x000011f5       0x22 ./ADCext.o
 .debug_macro   0x00001217       0x7b ./ADCext.o
 .debug_macro   0x00001292       0x26 ./ADCext.o
 .debug_macro   0x000012b8       0x3a ./ADCext.o
 .debug_macro   0x000012f2       0x18 ./ADCext.o
 .debug_macro   0x0000130a      0xbb1 ./ADCext.o
 .debug_macro   0x00001ebb       0x76 ./ADCext.o
 .debug_macro   0x00001f31      0x477 ./ADCext.o
 .debug_macro   0x000023a8       0x34 ./ADCext.o
 .debug_macro   0x000023dc      0x4c5 ./ADCext.o
 .debug_macro   0x000028a1       0xa6 ./ADCext.o
 .debug_macro   0x00002947       0x10 ./ADCext.o
 .debug_macro   0x00002957      0x21d ./ADCext.o
 .debug_macro   0x00002b74      0x1b8 ./ADCext.o
 .debug_macro   0x00002d2c      0x162 ./ADCext.o
 .debug_macro   0x00002e8e       0x90 ./ADCext.o
 .debug_macro   0x00002f1e       0x94 ./ADCext.o
 .debug_macro   0x00002fb2       0x4c ./ADCext.o
 .debug_macro   0x00002ffe      0x37f ./ADCext.o
 .debug_macro   0x0000337d       0x40 ./ADCext.o
 .debug_macro   0x000033bd       0x22 ./ADCext.o
 .debug_macro   0x000033df      0x212 ./ADCext.o
 .debug_macro   0x000035f1       0xfd ./ADCext.o
 .debug_macro   0x000036ee       0x16 ./ADCext.o
 .debug_macro   0x00003704       0x22 ./ADCext.o
 .debug_macro   0x00003726       0x32 ./ADCext.o
 .debug_macro   0x00003758       0x10 ./ADCext.o
 .debug_macro   0x00003768       0x78 ./ADCext.o
 .debug_macro   0x000037e0       0x42 ./ADCext.o
 .debug_macro   0x00003822       0x52 ./ADCext.o
 .debug_macro   0x00003874       0x1c ./ADCext.o
 .debug_macro   0x00003890       0x1c ./ADCext.o
 .debug_macro   0x000038ac       0x9a ./ADCext.o
 .debug_macro   0x00003946       0x20 ./ADCext.o
 .debug_macro   0x00003966       0x28 ./ADCext.o
 .debug_macro   0x0000398e       0x5e ./ADCext.o
 .debug_macro   0x000039ec       0x52 ./ADCext.o
 .debug_macro   0x00003a3e      0x4f6 ./Descriptors.o
 .debug_macro   0x00003f34      0x862 ./Descriptors.o
 .debug_macro   0x00004796       0x12 ./Descriptors.o
 .debug_macro   0x000047a8       0x10 ./Descriptors.o
 .debug_macro   0x000047b8      0x12d ./Descriptors.o
 .debug_macro   0x000048e5      0x5b2 ./Descriptors.o
 .debug_macro   0x00004e97       0x10 ./Descriptors.o
 .debug_macro   0x00004ea7       0x28 ./Descriptors.o
 .debug_macro   0x00004ecf       0x1c ./Descriptors.o
 .debug_macro   0x00004eeb       0xc7 ./Descriptors.o
 .debug_macro   0x00004fb2       0x22 ./Descriptors.o
 .debug_macro   0x00004fd4       0x86 ./Descriptors.o
 .debug_macro   0x0000505a       0x2b ./Descriptors.o
 .debug_macro   0x00005085       0x30 ./Descriptors.o
 .debug_macro   0x000050b5       0x3a ./Descriptors.o
 .debug_macro   0x000050ef       0x8d ./Descriptors.o
 .debug_macro   0x0000517c       0x16 ./Descriptors.o
 .debug_macro   0x00005192       0x82 ./Descriptors.o
 .debug_macro   0x00005214       0x6c ./Descriptors.o
 .debug_macro   0x00005280      0x208 ./Descriptors.o
 .debug_macro   0x00005488       0x10 ./Descriptors.o
 .debug_macro   0x00005498       0x23 ./Descriptors.o
 .debug_macro   0x000054bb       0x2c ./Descriptors.o
 .debug_macro   0x000054e7       0x1c ./Descriptors.o
 .debug_macro   0x00005503       0x63 ./Descriptors.o
 .debug_macro   0x00005566       0x27 ./Descriptors.o
 .debug_macro   0x0000558d       0x10 ./Descriptors.o
 .debug_macro   0x0000559d       0x1c ./Descriptors.o
 .debug_macro   0x000055b9       0x16 ./Descriptors.o
 .debug_macro   0x000055cf      0x12a ./Descriptors.o
 .debug_macro   0x000056f9       0x16 ./Descriptors.o
 .debug_macro   0x0000570f       0x46 ./Descriptors.o
 .debug_macro   0x00005755       0x9a ./Descriptors.o
 .debug_macro   0x000057ef       0x16 ./Descriptors.o
 .debug_macro   0x00005805      0x154 ./Descriptors.o
 .debug_macro   0x00005959       0x29 ./Descriptors.o
 .debug_macro   0x00005982      0x640 ./Descriptors.o
 .debug_macro   0x00005fc2       0x16 ./Descriptors.o
 .debug_macro   0x00005fd8      0x129 ./Descriptors.o
 .debug_macro   0x00006101       0x16 ./Descriptors.o
 .debug_macro   0x00006117       0x10 ./Descriptors.o
 .debug_macro   0x00006127       0x1c ./Descriptors.o
 .debug_macro   0x00006143       0x16 ./Descriptors.o
 .debug_macro   0x00006159       0x16 ./Descriptors.o
 .debug_macro   0x0000616f       0x10 ./Descriptors.o
 .debug_macro   0x0000617f      0x1bd ./Descriptors.o
 .debug_macro   0x0000633c       0x16 ./Descriptors.o
 .debug_macro   0x00006352       0x22 ./Descriptors.o
 .debug_macro   0x00006374      0x584 ./VirtualSerial.o
 .debug_macro   0x000068f8       0x1e ./VirtualSerial.o
 .debug_macro   0x00006916       0x10 ./VirtualSerial.o
 .debug_macro   0x00006926       0x28 ./VirtualSerial.o
 .debug_macro   0x0000694e       0x2e ./VirtualSerial.o
 .debug_macro   0x0000697c       0x58 ./VirtualSerial.o
 .debug_macro   0x000069d4       0x40 ./VirtualSerial.o
 .debug_macro   0x00006a14       0x16 ./VirtualSerial.o
 .debug_macro   0x00006a2a       0x52 ./VirtualSerial.o
 .debug_macro   0x00006a7c      0x112 ./VirtualSerial.o
 .debug_macro   0x00006b8e       0x46 ./VirtualSerial.o
 .debug_macro   0x00006bd4       0xa4 ./ads1115.o
 .debug_macro   0x00006c78       0x65 ./console.o
 .debug_macro   0x00006cdd       0xa0 ./console.o
 .debug_macro   0x00006d7d       0x1c ./console.o
 .debug_macro   0x00006d99       0x26 ./cr_startup_lpc17xx40xx.o
 .debug_macro   0x00006dbf       0x1a ./drv8840.o
 .debug_macro   0x00006dd9       0xe1 ./i2c.o
 .debug_macro   0x00006eba       0xa7 ./protocol.o
 .debug_macro   0x00006f61       0x10 ./protocol.o
 .debug_macro   0x00006f71      0x111 ./system_LPC17xx.o
 .debug_macro   0x00007082       0x9f ./transmitter_interface.o
 .debug_macro   0x00007121      0x2e3 ..\..\nxp_xpresso_1769_board_lib\Debug\libnxp_xpresso_1769_board_lib.a(board_nxp_xpresso_1769.o)
 .debug_macro   0x00007404      0x856 ..\..\nxp_xpresso_1769_board_lib\Debug\libnxp_xpresso_1769_board_lib.a(board_nxp_xpresso_1769.o)
 .debug_macro   0x00007c5a       0xbe ..\..\nxp_xpresso_1769_board_lib\Debug\libnxp_xpresso_1769_board_lib.a(board_nxp_xpresso_1769.o)
 .debug_macro   0x00007d18       0x12 ..\..\nxp_xpresso_1769_board_lib\Debug\libnxp_xpresso_1769_board_lib.a(board_nxp_xpresso_1769.o)
 .debug_macro   0x00007d2a       0x9d ..\..\nxp_xpresso_1769_board_lib\Debug\libnxp_xpresso_1769_board_lib.a(usart_001.o)
 .debug_macro   0x00007dc7      0x379 ..\..\nxp_xpresso_1769_board_lib\Debug\libnxp_xpresso_1769_board_lib.a(usart_001.o)
 .debug_macro   0x00008140      0x21d ..\..\nxp_xpresso_1769_board_lib\Debug\libnxp_xpresso_1769_board_lib.a(clock_17xx_40xx.o)
 .debug_macro   0x0000835d      0x21d ..\..\nxp_xpresso_1769_board_lib\Debug\libnxp_xpresso_1769_board_lib.a(iocon_17xx_40xx.o)
 .debug_macro   0x0000857a      0x21d ..\..\nxp_xpresso_1769_board_lib\Debug\libnxp_xpresso_1769_board_lib.a(uart_17xx_40xx.o)
 .debug_macro   0x00008797      0x385 ..\..\nxp_xpresso_1769_usblib_device\Debug\libnxp_xpresso_1769_usblib_device.a(USBController.o)
 .debug_macro   0x00008b1c      0x86e ..\..\nxp_xpresso_1769_usblib_device\Debug\libnxp_xpresso_1769_usblib_device.a(USBController.o)
 .debug_macro   0x0000938a       0x34 ..\..\nxp_xpresso_1769_usblib_device\Debug\libnxp_xpresso_1769_usblib_device.a(USBController.o)
 .debug_macro   0x000093be       0x2c ..\..\nxp_xpresso_1769_usblib_device\Debug\libnxp_xpresso_1769_usblib_device.a(USBController.o)
 .debug_macro   0x000093ea      0x37f ..\..\nxp_xpresso_1769_usblib_device\Debug\libnxp_xpresso_1769_usblib_device.a(USBTask.o)
 .debug_macro   0x00009769      0x501 ..\..\nxp_xpresso_1769_usblib_device\Debug\libnxp_xpresso_1769_usblib_device.a(CDCClassDevice.o)
 .debug_macro   0x00009c6a      0x377 ..\..\nxp_xpresso_1769_usblib_device\Debug\libnxp_xpresso_1769_usblib_device.a(HAL_LPC17xx.o)
 .debug_macro   0x00009fe1      0x38d ..\..\nxp_xpresso_1769_usblib_device\Debug\libnxp_xpresso_1769_usblib_device.a(Endpoint_LPC17xx.o)
 .debug_macro   0x0000a36e       0x10 ..\..\nxp_xpresso_1769_usblib_device\Debug\libnxp_xpresso_1769_usblib_device.a(Endpoint_LPC17xx.o)
 .debug_macro   0x0000a37e      0x385 ..\..\nxp_xpresso_1769_usblib_device\Debug\libnxp_xpresso_1769_usblib_device.a(DeviceStandardReq.o)
 .debug_macro   0x0000a703       0x87 ..\..\nxp_xpresso_1769_usblib_device\Debug\libnxp_xpresso_1769_usblib_device.a(DeviceStandardReq.o)
 .debug_macro   0x0000a78a      0x383 ..\..\nxp_xpresso_1769_usblib_device\Debug\libnxp_xpresso_1769_usblib_device.a(Endpoint.o)
 .debug_macro   0x0000ab0d      0x37d ..\..\nxp_xpresso_1769_usblib_device\Debug\libnxp_xpresso_1769_usblib_device.a(EndpointStream.o)

.debug_line     0x00000000     0xb1dd
 .debug_line    0x00000000      0x586 ./ADCext.o
 .debug_line    0x00000586      0xdfc ./Descriptors.o
 .debug_line    0x00001382     0x114c ./VirtualSerial.o
 .debug_line    0x000024ce      0x1f5 ./ads1115.o
 .debug_line    0x000026c3      0x222 ./console.o
 .debug_line    0x000028e5      0x12e ./cr_startup_lpc17xx40xx.o
 .debug_line    0x00002a13       0x6a ./drv8840.o
 .debug_line    0x00002a7d      0x271 ./i2c.o
 .debug_line    0x00002cee      0x251 ./protocol.o
 .debug_line    0x00002f3f      0x1fc ./system_LPC17xx.o
 .debug_line    0x0000313b      0x347 ./transmitter_interface.o
 .debug_line    0x00003482      0x9cf ..\..\nxp_xpresso_1769_board_lib\Debug\libnxp_xpresso_1769_board_lib.a(board_nxp_xpresso_1769.o)
 .debug_line    0x00003e51      0x474 ..\..\nxp_xpresso_1769_board_lib\Debug\libnxp_xpresso_1769_board_lib.a(usart_001.o)
 .debug_line    0x000042c5      0x78b ..\..\nxp_xpresso_1769_board_lib\Debug\libnxp_xpresso_1769_board_lib.a(clock_17xx_40xx.o)
 .debug_line    0x00004a50      0x4d1 ..\..\nxp_xpresso_1769_board_lib\Debug\libnxp_xpresso_1769_board_lib.a(iocon_17xx_40xx.o)
 .debug_line    0x00004f21      0x6f1 ..\..\nxp_xpresso_1769_board_lib\Debug\libnxp_xpresso_1769_board_lib.a(uart_17xx_40xx.o)
 .debug_line    0x00005612      0x8fe ..\..\nxp_xpresso_1769_usblib_device\Debug\libnxp_xpresso_1769_usblib_device.a(USBController.o)
 .debug_line    0x00005f10      0x8f0 ..\..\nxp_xpresso_1769_usblib_device\Debug\libnxp_xpresso_1769_usblib_device.a(USBTask.o)
 .debug_line    0x00006800     0x12f5 ..\..\nxp_xpresso_1769_usblib_device\Debug\libnxp_xpresso_1769_usblib_device.a(CDCClassDevice.o)
 .debug_line    0x00007af5      0xa5e ..\..\nxp_xpresso_1769_usblib_device\Debug\libnxp_xpresso_1769_usblib_device.a(HAL_LPC17xx.o)
 .debug_line    0x00008553      0xd8f ..\..\nxp_xpresso_1769_usblib_device\Debug\libnxp_xpresso_1769_usblib_device.a(Endpoint_LPC17xx.o)
 .debug_line    0x000092e2      0xb0a ..\..\nxp_xpresso_1769_usblib_device\Debug\libnxp_xpresso_1769_usblib_device.a(DeviceStandardReq.o)
 .debug_line    0x00009dec      0x94f ..\..\nxp_xpresso_1769_usblib_device\Debug\libnxp_xpresso_1769_usblib_device.a(Endpoint.o)
 .debug_line    0x0000a73b      0xaa2 ..\..\nxp_xpresso_1769_usblib_device\Debug\libnxp_xpresso_1769_usblib_device.a(EndpointStream.o)

.debug_str      0x00000000    0x1f7ff
 .debug_str     0x00000000    0x10df0 ./ADCext.o
                              0x10ec9 (size before relaxing)
 .debug_str     0x00010df0     0x8608 ./Descriptors.o
                              0x18ef3 (size before relaxing)
 .debug_str     0x000193f8      0xb98 ./VirtualSerial.o
                              0x1955d (size before relaxing)
 .debug_str     0x00019f90     0x1249 ./ads1115.o
                               0x98ed (size before relaxing)
 .debug_str     0x0001b1d9      0x1ae ./console.o
                               0x2f82 (size before relaxing)
 .debug_str     0x0001b387      0x1a3 ./cr_startup_lpc17xx40xx.o
                               0x2684 (size before relaxing)
 .debug_str     0x0001b52a       0x39 ./drv8840.o
                               0x257e (size before relaxing)
 .debug_str     0x0001b563      0x669 ./i2c.o
                               0x9d05 (size before relaxing)
 .debug_str     0x0001bbcc      0x1c7 ./protocol.o
                               0x98cd (size before relaxing)
 .debug_str     0x0001bd93      0x21e ./system_LPC17xx.o
                               0x9806 (size before relaxing)
 .debug_str     0x0001bfb1       0xab ./transmitter_interface.o
                               0x9996 (size before relaxing)
 .debug_str     0x0001c05c      0xdec ..\..\nxp_xpresso_1769_board_lib\Debug\libnxp_xpresso_1769_board_lib.a(board_nxp_xpresso_1769.o)
                              0x11c2c (size before relaxing)
 .debug_str     0x0001ce48      0x4f0 ..\..\nxp_xpresso_1769_board_lib\Debug\libnxp_xpresso_1769_board_lib.a(usart_001.o)
                               0xa098 (size before relaxing)
 .debug_str     0x0001d338      0xb8f ..\..\nxp_xpresso_1769_board_lib\Debug\libnxp_xpresso_1769_board_lib.a(clock_17xx_40xx.o)
                              0x11485 (size before relaxing)
 .debug_str     0x0001dec7       0x38 ..\..\nxp_xpresso_1769_board_lib\Debug\libnxp_xpresso_1769_board_lib.a(iocon_17xx_40xx.o)
                              0x1089c (size before relaxing)
 .debug_str     0x0001deff      0x23a ..\..\nxp_xpresso_1769_board_lib\Debug\libnxp_xpresso_1769_board_lib.a(uart_17xx_40xx.o)
                              0x1133b (size before relaxing)
 .debug_str     0x0001e139      0x311 ..\..\nxp_xpresso_1769_usblib_device\Debug\libnxp_xpresso_1769_usblib_device.a(USBController.o)
                              0x12e31 (size before relaxing)
 .debug_str     0x0001e44a       0xf4 ..\..\nxp_xpresso_1769_usblib_device\Debug\libnxp_xpresso_1769_usblib_device.a(USBTask.o)
                              0x12e00 (size before relaxing)
 .debug_str     0x0001e53e      0x83c ..\..\nxp_xpresso_1769_usblib_device\Debug\libnxp_xpresso_1769_usblib_device.a(CDCClassDevice.o)
                              0x18f95 (size before relaxing)
 .debug_str     0x0001ed7a       0xf2 ..\..\nxp_xpresso_1769_usblib_device\Debug\libnxp_xpresso_1769_usblib_device.a(HAL_LPC17xx.o)
                              0x132c6 (size before relaxing)
 .debug_str     0x0001ee6c      0x2d8 ..\..\nxp_xpresso_1769_usblib_device\Debug\libnxp_xpresso_1769_usblib_device.a(Endpoint_LPC17xx.o)
                              0x133c5 (size before relaxing)
 .debug_str     0x0001f144      0x3b9 ..\..\nxp_xpresso_1769_usblib_device\Debug\libnxp_xpresso_1769_usblib_device.a(DeviceStandardReq.o)
                              0x1354f (size before relaxing)
 .debug_str     0x0001f4fd       0xe7 ..\..\nxp_xpresso_1769_usblib_device\Debug\libnxp_xpresso_1769_usblib_device.a(Endpoint.o)
                              0x131c2 (size before relaxing)
 .debug_str     0x0001f5e4      0x21b ..\..\nxp_xpresso_1769_usblib_device\Debug\libnxp_xpresso_1769_usblib_device.a(EndpointStream.o)
                              0x131cd (size before relaxing)

.comment        0x00000000       0xe0
 .comment       0x00000000       0x70 ./ADCext.o
                                 0x71 (size before relaxing)
 .comment       0x00000070       0x70 ./Descriptors.o
                                 0x71 (size before relaxing)
 .comment       0x00000000       0x71 ./VirtualSerial.o
 .comment       0x00000000       0x71 ./ads1115.o
 .comment       0x00000000       0x71 ./console.o
 .comment       0x00000000       0x71 ./cr_startup_lpc17xx40xx.o
 .comment       0x00000000       0x71 ./drv8840.o
 .comment       0x00000000       0x71 ./i2c.o
 .comment       0x00000000       0x71 ./protocol.o
 .comment       0x00000000       0x71 ./system_LPC17xx.o
 .comment       0x00000000       0x71 ./transmitter_interface.o
 .comment       0x00000000       0x71 ..\..\nxp_xpresso_1769_board_lib\Debug\libnxp_xpresso_1769_board_lib.a(board_nxp_xpresso_1769.o)
 .comment       0x00000000       0x71 ..\..\nxp_xpresso_1769_board_lib\Debug\libnxp_xpresso_1769_board_lib.a(usart_001.o)
 .comment       0x00000000       0x71 ..\..\nxp_xpresso_1769_board_lib\Debug\libnxp_xpresso_1769_board_lib.a(clock_17xx_40xx.o)
 .comment       0x00000000       0x71 ..\..\nxp_xpresso_1769_board_lib\Debug\libnxp_xpresso_1769_board_lib.a(iocon_17xx_40xx.o)
 .comment       0x00000000       0x71 ..\..\nxp_xpresso_1769_board_lib\Debug\libnxp_xpresso_1769_board_lib.a(uart_17xx_40xx.o)
 .comment       0x00000000       0x71 ..\..\nxp_xpresso_1769_usblib_device\Debug\libnxp_xpresso_1769_usblib_device.a(USBController.o)
 .comment       0x00000000       0x71 ..\..\nxp_xpresso_1769_usblib_device\Debug\libnxp_xpresso_1769_usblib_device.a(USBTask.o)
 .comment       0x00000000       0x71 ..\..\nxp_xpresso_1769_usblib_device\Debug\libnxp_xpresso_1769_usblib_device.a(CDCClassDevice.o)
 .comment       0x00000000       0x71 ..\..\nxp_xpresso_1769_usblib_device\Debug\libnxp_xpresso_1769_usblib_device.a(HAL_LPC17xx.o)
 .comment       0x00000000       0x71 ..\..\nxp_xpresso_1769_usblib_device\Debug\libnxp_xpresso_1769_usblib_device.a(Endpoint_LPC17xx.o)
 .comment       0x00000000       0x71 ..\..\nxp_xpresso_1769_usblib_device\Debug\libnxp_xpresso_1769_usblib_device.a(DeviceStandardReq.o)
 .comment       0x00000000       0x71 ..\..\nxp_xpresso_1769_usblib_device\Debug\libnxp_xpresso_1769_usblib_device.a(Endpoint.o)
 .comment       0x00000000       0x71 ..\..\nxp_xpresso_1769_usblib_device\Debug\libnxp_xpresso_1769_usblib_device.a(EndpointStream.o)
 .comment       0x00000000       0x71 c:/nxp/lpcxpresso_7.5.0_254/lpcxpresso/tools/bin/../lib/gcc/arm-none-eabi/4.8.4/../../../../arm-none-eabi/lib/armv7-m\libcr_nohost.a(_cr__main.o)
 .comment       0x00000000       0x71 c:/nxp/lpcxpresso_7.5.0_254/lpcxpresso/tools/bin/../lib/gcc/arm-none-eabi/4.8.4/../../../../arm-none-eabi/lib/armv7-m\libcr_c.a(memcpy.o)
 .comment       0x00000000       0x71 c:/nxp/lpcxpresso_7.5.0_254/lpcxpresso/tools/bin/../lib/gcc/arm-none-eabi/4.8.4/../../../../arm-none-eabi/lib/armv7-m\libcr_c.a(memset.o)
 .comment       0x00000000       0x71 c:/nxp/lpcxpresso_7.5.0_254/lpcxpresso/tools/bin/../lib/gcc/arm-none-eabi/4.8.4/../../../../arm-none-eabi/lib/armv7-m\libcr_c.a(fpprintf.o)
 .comment       0x00000000       0x71 c:/nxp/lpcxpresso_7.5.0_254/lpcxpresso/tools/bin/../lib/gcc/arm-none-eabi/4.8.4/../../../../arm-none-eabi/lib/armv7-m\libcr_c.a(initio.o)
 .comment       0x00000000       0x71 c:/nxp/lpcxpresso_7.5.0_254/lpcxpresso/tools/bin/../lib/gcc/arm-none-eabi/4.8.4/../../../../arm-none-eabi/lib/armv7-m\libcr_c.a(printf.o)
 .comment       0x00000000       0x71 c:/nxp/lpcxpresso_7.5.0_254/lpcxpresso/tools/bin/../lib/gcc/arm-none-eabi/4.8.4/../../../../arm-none-eabi/lib/armv7-m\libcr_c.a(scanf.o)
 .comment       0x00000000       0x71 c:/nxp/lpcxpresso_7.5.0_254/lpcxpresso/tools/bin/../lib/gcc/arm-none-eabi/4.8.4/../../../../arm-none-eabi/lib/armv7-m\libcr_c.a(setvbuf.o)
 .comment       0x00000000       0x71 c:/nxp/lpcxpresso_7.5.0_254/lpcxpresso/tools/bin/../lib/gcc/arm-none-eabi/4.8.4/../../../../arm-none-eabi/lib/armv7-m\libcr_c.a(stdio.o)
 .comment       0x00000000       0x71 c:/nxp/lpcxpresso_7.5.0_254/lpcxpresso/tools/bin/../lib/gcc/arm-none-eabi/4.8.4/../../../../arm-none-eabi/lib/armv7-m\libcr_c.a(strchr.o)
 .comment       0x00000000       0x71 c:/nxp/lpcxpresso_7.5.0_254/lpcxpresso/tools/bin/../lib/gcc/arm-none-eabi/4.8.4/../../../../arm-none-eabi/lib/armv7-m\libcr_c.a(strcmp.o)
 .comment       0x00000000       0x71 c:/nxp/lpcxpresso_7.5.0_254/lpcxpresso/tools/bin/../lib/gcc/arm-none-eabi/4.8.4/../../../../arm-none-eabi/lib/armv7-m\libcr_c.a(strlen.o)
 .comment       0x00000000       0x71 c:/nxp/lpcxpresso_7.5.0_254/lpcxpresso/tools/bin/../lib/gcc/arm-none-eabi/4.8.4/../../../../arm-none-eabi/lib/armv7-m\libcr_c.a(_deferredlazyseek.o)
 .comment       0x00000000       0x71 c:/nxp/lpcxpresso_7.5.0_254/lpcxpresso/tools/bin/../lib/gcc/arm-none-eabi/4.8.4/../../../../arm-none-eabi/lib/armv7-m\libcr_c.a(_fdopen.o)
 .comment       0x00000000       0x71 c:/nxp/lpcxpresso_7.5.0_254/lpcxpresso/tools/bin/../lib/gcc/arm-none-eabi/4.8.4/../../../../arm-none-eabi/lib/armv7-m\libcr_c.a(_fflush.o)
 .comment       0x00000000       0x71 c:/nxp/lpcxpresso_7.5.0_254/lpcxpresso/tools/bin/../lib/gcc/arm-none-eabi/4.8.4/../../../../arm-none-eabi/lib/armv7-m\libcr_c.a(_frexpl.o)
 .comment       0x00000000       0x71 c:/nxp/lpcxpresso_7.5.0_254/lpcxpresso/tools/bin/../lib/gcc/arm-none-eabi/4.8.4/../../../../arm-none-eabi/lib/armv7-m\libcr_c.a(_hugeval.o)
 .comment       0x00000000       0x71 c:/nxp/lpcxpresso_7.5.0_254/lpcxpresso/tools/bin/../lib/gcc/arm-none-eabi/4.8.4/../../../../arm-none-eabi/lib/armv7-m\libcr_c.a(_ldexpl.o)
 .comment       0x00000000       0x71 c:/nxp/lpcxpresso_7.5.0_254/lpcxpresso/tools/bin/../lib/gcc/arm-none-eabi/4.8.4/../../../../arm-none-eabi/lib/armv7-m\libcr_c.a(_writebuf.o)
 .comment       0x00000000       0x71 c:/nxp/lpcxpresso_7.5.0_254/lpcxpresso/tools/bin/../lib/gcc/arm-none-eabi/4.8.4/../../../../arm-none-eabi/lib/armv7-m\libcr_c.a(alloc.o)
 .comment       0x00000000       0x71 c:/nxp/lpcxpresso_7.5.0_254/lpcxpresso/tools/bin/../lib/gcc/arm-none-eabi/4.8.4/../../../../arm-none-eabi/lib/armv7-m\libcr_c.a(ctype.o)
 .comment       0x00000000       0x71 c:/nxp/lpcxpresso_7.5.0_254/lpcxpresso/tools/bin/../lib/gcc/arm-none-eabi/4.8.4/../../../../arm-none-eabi/lib/armv7-m\libcr_c.a(errno.o)
 .comment       0x00000000       0x71 c:/nxp/lpcxpresso_7.5.0_254/lpcxpresso/tools/bin/../lib/gcc/arm-none-eabi/4.8.4/../../../../arm-none-eabi/lib/armv7-m\libcr_c.a(fclose.o)
 .comment       0x00000000       0x71 c:/nxp/lpcxpresso_7.5.0_254/lpcxpresso/tools/bin/../lib/gcc/arm-none-eabi/4.8.4/../../../../arm-none-eabi/lib/armv7-m\libcr_c.a(fflush.o)
 .comment       0x00000000       0x71 c:/nxp/lpcxpresso_7.5.0_254/lpcxpresso/tools/bin/../lib/gcc/arm-none-eabi/4.8.4/../../../../arm-none-eabi/lib/armv7-m\libcr_c.a(fseek.o)
 .comment       0x00000000       0x71 c:/nxp/lpcxpresso_7.5.0_254/lpcxpresso/tools/bin/../lib/gcc/arm-none-eabi/4.8.4/../../../../arm-none-eabi/lib/armv7-m\libcr_c.a(ftell.o)
 .comment       0x00000000       0x71 c:/nxp/lpcxpresso_7.5.0_254/lpcxpresso/tools/bin/../lib/gcc/arm-none-eabi/4.8.4/../../../../arm-none-eabi/lib/armv7-m\libcr_c.a(remove.o)
 .comment       0x00000000       0x71 c:/nxp/lpcxpresso_7.5.0_254/lpcxpresso/tools/bin/../lib/gcc/arm-none-eabi/4.8.4/../../../../arm-none-eabi/lib/armv7-m\libcr_c.a(__init_alloc.o)
 .comment       0x00000000       0x71 c:/nxp/lpcxpresso_7.5.0_254/lpcxpresso/tools/bin/../lib/gcc/arm-none-eabi/4.8.4/../../../../arm-none-eabi/lib/armv7-m\libcr_c.a(_cr_sbrk.o)
 .comment       0x00000000       0x71 c:/nxp/lpcxpresso_7.5.0_254/lpcxpresso/tools/bin/../lib/gcc/arm-none-eabi/4.8.4/../../../../arm-none-eabi/lib/armv7-m\libcr_c.a(_do_fflush.o)
 .comment       0x00000000       0x71 c:/nxp/lpcxpresso_7.5.0_254/lpcxpresso/tools/bin/../lib/gcc/arm-none-eabi/4.8.4/../../../../arm-none-eabi/lib/armv7-m\libcr_c.a(_cr_check_heap.o)
 .comment       0x00000000       0x71 c:/nxp/lpcxpresso_7.5.0_254/lpcxpresso/tools/bin/../lib/gcc/arm-none-eabi/4.8.4/armv7-m\libcr_eabihelpers.a(double.o)
 .comment       0x00000000       0x71 c:/nxp/lpcxpresso_7.5.0_254/lpcxpresso/tools/bin/../lib/gcc/arm-none-eabi/4.8.4/../../../../arm-none-eabi/lib/armv7-m\libcr_nohost.a(__sys_appexit.o)
 .comment       0x00000000       0x71 c:/nxp/lpcxpresso_7.5.0_254/lpcxpresso/tools/bin/../lib/gcc/arm-none-eabi/4.8.4/../../../../arm-none-eabi/lib/armv7-m\libcr_nohost.a(__sys_close.o)
 .comment       0x00000000       0x71 c:/nxp/lpcxpresso_7.5.0_254/lpcxpresso/tools/bin/../lib/gcc/arm-none-eabi/4.8.4/../../../../arm-none-eabi/lib/armv7-m\libcr_nohost.a(__sys_flen.o)
 .comment       0x00000000       0x71 c:/nxp/lpcxpresso_7.5.0_254/lpcxpresso/tools/bin/../lib/gcc/arm-none-eabi/4.8.4/../../../../arm-none-eabi/lib/armv7-m\libcr_nohost.a(__sys_istty.o)
 .comment       0x00000000       0x71 c:/nxp/lpcxpresso_7.5.0_254/lpcxpresso/tools/bin/../lib/gcc/arm-none-eabi/4.8.4/../../../../arm-none-eabi/lib/armv7-m\libcr_nohost.a(__sys_remove.o)
 .comment       0x00000000       0x71 c:/nxp/lpcxpresso_7.5.0_254/lpcxpresso/tools/bin/../lib/gcc/arm-none-eabi/4.8.4/../../../../arm-none-eabi/lib/armv7-m\libcr_nohost.a(__sys_seek.o)
 .comment       0x00000000       0x71 c:/nxp/lpcxpresso_7.5.0_254/lpcxpresso/tools/bin/../lib/gcc/arm-none-eabi/4.8.4/../../../../arm-none-eabi/lib/armv7-m\libcr_nohost.a(__sys_tmpnam.o)

.ARM.attributes
                0x00000000       0x31
 .ARM.attributes
                0x00000000       0x33 ./ADCext.o
 .ARM.attributes
                0x00000033       0x33 ./Descriptors.o
 .ARM.attributes
                0x00000066       0x33 ./VirtualSerial.o
 .ARM.attributes
                0x00000099       0x33 ./ads1115.o
 .ARM.attributes
                0x000000cc       0x33 ./console.o
 .ARM.attributes
                0x000000ff       0x33 ./cr_startup_lpc17xx40xx.o
 .ARM.attributes
                0x00000132       0x33 ./drv8840.o
 .ARM.attributes
                0x00000165       0x33 ./i2c.o
 .ARM.attributes
                0x00000198       0x33 ./protocol.o
 .ARM.attributes
                0x000001cb       0x33 ./system_LPC17xx.o
 .ARM.attributes
                0x000001fe       0x33 ./transmitter_interface.o
 .ARM.attributes
                0x00000231       0x33 ..\..\nxp_xpresso_1769_board_lib\Debug\libnxp_xpresso_1769_board_lib.a(board_nxp_xpresso_1769.o)
 .ARM.attributes
                0x00000264       0x33 ..\..\nxp_xpresso_1769_board_lib\Debug\libnxp_xpresso_1769_board_lib.a(usart_001.o)
 .ARM.attributes
                0x00000297       0x33 ..\..\nxp_xpresso_1769_board_lib\Debug\libnxp_xpresso_1769_board_lib.a(clock_17xx_40xx.o)
 .ARM.attributes
                0x000002ca       0x33 ..\..\nxp_xpresso_1769_board_lib\Debug\libnxp_xpresso_1769_board_lib.a(iocon_17xx_40xx.o)
 .ARM.attributes
                0x000002fd       0x33 ..\..\nxp_xpresso_1769_board_lib\Debug\libnxp_xpresso_1769_board_lib.a(uart_17xx_40xx.o)
 .ARM.attributes
                0x00000330       0x33 ..\..\nxp_xpresso_1769_usblib_device\Debug\libnxp_xpresso_1769_usblib_device.a(USBController.o)
 .ARM.attributes
                0x00000363       0x33 ..\..\nxp_xpresso_1769_usblib_device\Debug\libnxp_xpresso_1769_usblib_device.a(USBTask.o)
 .ARM.attributes
                0x00000396       0x33 ..\..\nxp_xpresso_1769_usblib_device\Debug\libnxp_xpresso_1769_usblib_device.a(CDCClassDevice.o)
 .ARM.attributes
                0x000003c9       0x33 ..\..\nxp_xpresso_1769_usblib_device\Debug\libnxp_xpresso_1769_usblib_device.a(HAL_LPC17xx.o)
 .ARM.attributes
                0x000003fc       0x33 ..\..\nxp_xpresso_1769_usblib_device\Debug\libnxp_xpresso_1769_usblib_device.a(Endpoint_LPC17xx.o)
 .ARM.attributes
                0x0000042f       0x33 ..\..\nxp_xpresso_1769_usblib_device\Debug\libnxp_xpresso_1769_usblib_device.a(DeviceStandardReq.o)
 .ARM.attributes
                0x00000462       0x33 ..\..\nxp_xpresso_1769_usblib_device\Debug\libnxp_xpresso_1769_usblib_device.a(Endpoint.o)
 .ARM.attributes
                0x00000495       0x33 ..\..\nxp_xpresso_1769_usblib_device\Debug\libnxp_xpresso_1769_usblib_device.a(EndpointStream.o)
 .ARM.attributes
                0x000004c8       0x33 c:/nxp/lpcxpresso_7.5.0_254/lpcxpresso/tools/bin/../lib/gcc/arm-none-eabi/4.8.4/../../../../arm-none-eabi/lib/armv7-m\libcr_nohost.a(_cr__main.o)
 .ARM.attributes
                0x000004fb       0x33 c:/nxp/lpcxpresso_7.5.0_254/lpcxpresso/tools/bin/../lib/gcc/arm-none-eabi/4.8.4/../../../../arm-none-eabi/lib/armv7-m\libcr_c.a(memcpy.o)
 .ARM.attributes
                0x0000052e       0x33 c:/nxp/lpcxpresso_7.5.0_254/lpcxpresso/tools/bin/../lib/gcc/arm-none-eabi/4.8.4/../../../../arm-none-eabi/lib/armv7-m\libcr_c.a(memset.o)
 .ARM.attributes
                0x00000561       0x33 c:/nxp/lpcxpresso_7.5.0_254/lpcxpresso/tools/bin/../lib/gcc/arm-none-eabi/4.8.4/../../../../arm-none-eabi/lib/armv7-m\libcr_c.a(fpprintf.o)
 .ARM.attributes
                0x00000594       0x33 c:/nxp/lpcxpresso_7.5.0_254/lpcxpresso/tools/bin/../lib/gcc/arm-none-eabi/4.8.4/../../../../arm-none-eabi/lib/armv7-m\libcr_c.a(initio.o)
 .ARM.attributes
                0x000005c7       0x33 c:/nxp/lpcxpresso_7.5.0_254/lpcxpresso/tools/bin/../lib/gcc/arm-none-eabi/4.8.4/../../../../arm-none-eabi/lib/armv7-m\libcr_c.a(printf.o)
 .ARM.attributes
                0x000005fa       0x33 c:/nxp/lpcxpresso_7.5.0_254/lpcxpresso/tools/bin/../lib/gcc/arm-none-eabi/4.8.4/../../../../arm-none-eabi/lib/armv7-m\libcr_c.a(scanf.o)
 .ARM.attributes
                0x0000062d       0x33 c:/nxp/lpcxpresso_7.5.0_254/lpcxpresso/tools/bin/../lib/gcc/arm-none-eabi/4.8.4/../../../../arm-none-eabi/lib/armv7-m\libcr_c.a(setvbuf.o)
 .ARM.attributes
                0x00000660       0x33 c:/nxp/lpcxpresso_7.5.0_254/lpcxpresso/tools/bin/../lib/gcc/arm-none-eabi/4.8.4/../../../../arm-none-eabi/lib/armv7-m\libcr_c.a(stdio.o)
 .ARM.attributes
                0x00000693       0x33 c:/nxp/lpcxpresso_7.5.0_254/lpcxpresso/tools/bin/../lib/gcc/arm-none-eabi/4.8.4/../../../../arm-none-eabi/lib/armv7-m\libcr_c.a(strchr.o)
 .ARM.attributes
                0x000006c6       0x33 c:/nxp/lpcxpresso_7.5.0_254/lpcxpresso/tools/bin/../lib/gcc/arm-none-eabi/4.8.4/../../../../arm-none-eabi/lib/armv7-m\libcr_c.a(strcmp.o)
 .ARM.attributes