10:45:05 **** Clean-only build of configuration Debug for project nxp_xpresso_1769_board_lib ****
make -r clean 
rm -rf  ./IP/adc_001.o ./IP/can_001.o ./IP/dac_001.o ./IP/enet_002.o ./IP/gpdma_001.o ./IP/i2c_001.o ./IP/i2s_001.o ./IP/ritimer_001.o ./IP/rtc_001.o ./IP/ssp_001.o ./IP/timer_001.o ./IP/usart_001.o ./IP/wwdt_001.o  ./CHIP/adc_17xx_40xx.o ./CHIP/can_17xx_40xx.o ./CHIP/clock_17xx_40xx.o ./CHIP/cmp_17xx_40xx.o ./CHIP/crc_17xx_40xx.o ./CHIP/dac_17xx_40xx.o ./CHIP/eeprom_17xx_40xx.o ./CHIP/emc_17xx_40xx.o ./CHIP/enet_17xx_40xx.o ./CHIP/gpdma_17xx_40xx.o ./CHIP/i2c_17xx_40xx.o ./CHIP/i2s_17xx_40xx.o ./CHIP/iocon_17xx_40xx.o ./CHIP/lcd_17xx_40xx.o ./CHIP/mem_tests.o ./CHIP/ring_buffer.o ./CHIP/ritimer_17xx_40xx.o ./CHIP/rtc_17xx_40xx.o ./CHIP/sdc_17xx_40xx.o ./CHIP/sdmmc_17xx_40xx.o ./CHIP/spi_17xx_40xx.o ./CHIP/ssp_17xx_40xx.o ./CHIP/sysctl_17xx_40xx.o ./CHIP/timer_17xx_40xx.o ./CHIP/uart_17xx_40xx.o ./CHIP/wwdt_17xx_40xx.o  ./BOARD/board_nxp_xpresso_1769.o ./BOARD/sysinit_nxp_xpresso_1769.o  ./IP/adc_001.d ./IP/can_001.d ./IP/dac_001.d ./IP/enet_002.d ./IP/gpdma_001.d ./IP/i2c_001.d ./IP/i2s_001.d ./IP/ritimer_001.d ./IP/rtc_001.d ./IP/ssp_001.d ./IP/timer_001.d ./IP/usart_001.d ./IP/wwdt_001.d  ./CHIP/adc_17xx_40xx.d ./CHIP/can_17xx_40xx.d ./CHIP/clock_17xx_40xx.d ./CHIP/cmp_17xx_40xx.d ./CHIP/crc_17xx_40xx.d ./CHIP/dac_17xx_40xx.d ./CHIP/eeprom_17xx_40xx.d ./CHIP/emc_17xx_40xx.d ./CHIP/enet_17xx_40xx.d ./CHIP/gpdma_17xx_40xx.d ./CHIP/i2c_17xx_40xx.d ./CHIP/i2s_17xx_40xx.d ./CHIP/iocon_17xx_40xx.d ./CHIP/lcd_17xx_40xx.d ./CHIP/mem_tests.d ./CHIP/ring_buffer.d ./CHIP/ritimer_17xx_40xx.d ./CHIP/rtc_17xx_40xx.d ./CHIP/sdc_17xx_40xx.d ./CHIP/sdmmc_17xx_40xx.d ./CHIP/spi_17xx_40xx.d ./CHIP/ssp_17xx_40xx.d ./CHIP/sysctl_17xx_40xx.d ./CHIP/timer_17xx_40xx.d ./CHIP/uart_17xx_40xx.d ./CHIP/wwdt_17xx_40xx.d  ./BOARD/board_nxp_xpresso_1769.d ./BOARD/sysinit_nxp_xpresso_1769.d  libnxp_xpresso_1769_board_lib.a
 
10:45:08 **** Build of configuration Debug for project nxp_xpresso_1769_board_lib ****
make -r all 
Building file: ../IP/adc_001.c
Invoking: MCU C Compiler
arm-none-eabi-gcc -D__REDLIB__ -DCORE_M3 -DDEBUG -D__CODE_RED -I"../../software/lpc_core/lpc_board/board_common" -I"../../software/lpc_core/lpc_board/boards_17xx_40xx/nxp_xpresso_1769" -I"../../software/lpc_core/lpc_chip/chip_common" -I"../../software/lpc_core/lpc_ip" -I"../../software/CMSIS/CMSIS/Include" -I"../../software/lpc_core/lpc_chip/chip_17xx_40xx" -O0 -g3 -Wall -c -fmessage-length=0 -fno-builtin -ffunction-sections -fdata-sections -mcpu=cortex-m3 -mthumb -D__REDLIB__ -specs=redlib.specs -MMD -MP -MF"IP/adc_001.d" -MT"IP/adc_001.o" -MT"IP/adc_001.d" -o "IP/adc_001.o" "../IP/adc_001.c"
Finished building: ../IP/adc_001.c
 
Building file: ../IP/can_001.c
Invoking: MCU C Compiler
arm-none-eabi-gcc -D__REDLIB__ -DCORE_M3 -DDEBUG -D__CODE_RED -I"../../software/lpc_core/lpc_board/board_common" -I"../../software/lpc_core/lpc_board/boards_17xx_40xx/nxp_xpresso_1769" -I"../../software/lpc_core/lpc_chip/chip_common" -I"../../software/lpc_core/lpc_ip" -I"../../software/CMSIS/CMSIS/Include" -I"../../software/lpc_core/lpc_chip/chip_17xx_40xx" -O0 -g3 -Wall -c -fmessage-length=0 -fno-builtin -ffunction-sections -fdata-sections -mcpu=cortex-m3 -mthumb -D__REDLIB__ -specs=redlib.specs -MMD -MP -MF"IP/can_001.d" -MT"IP/can_001.o" -MT"IP/can_001.d" -o "IP/can_001.o" "../IP/can_001.c"
../IP/can_001.c: In function 'IP_CAN_Init':
../IP/can_001.c:333:20: warning: variable 'i' set but not used [-Wunused-but-set-variable]
  volatile uint32_t i;
                    ^
Finished building: ../IP/can_001.c
 
Building file: ../IP/dac_001.c
Invoking: MCU C Compiler
arm-none-eabi-gcc -D__REDLIB__ -DCORE_M3 -DDEBUG -D__CODE_RED -I"../../software/lpc_core/lpc_board/board_common" -I"../../software/lpc_core/lpc_board/boards_17xx_40xx/nxp_xpresso_1769" -I"../../software/lpc_core/lpc_chip/chip_common" -I"../../software/lpc_core/lpc_ip" -I"../../software/CMSIS/CMSIS/Include" -I"../../software/lpc_core/lpc_chip/chip_17xx_40xx" -O0 -g3 -Wall -c -fmessage-length=0 -fno-builtin -ffunction-sections -fdata-sections -mcpu=cortex-m3 -mthumb -D__REDLIB__ -specs=redlib.specs -MMD -MP -MF"IP/dac_001.d" -MT"IP/dac_001.o" -MT"IP/dac_001.d" -o "IP/dac_001.o" "../IP/dac_001.c"
Finished building: ../IP/dac_001.c
 
Building file: ../IP/enet_002.c
Invoking: MCU C Compiler
arm-none-eabi-gcc -D__REDLIB__ -DCORE_M3 -DDEBUG -D__CODE_RED -I"../../software/lpc_core/lpc_board/board_common" -I"../../software/lpc_core/lpc_board/boards_17xx_40xx/nxp_xpresso_1769" -I"../../software/lpc_core/lpc_chip/chip_common" -I"../../software/lpc_core/lpc_ip" -I"../../software/CMSIS/CMSIS/Include" -I"../../software/lpc_core/lpc_chip/chip_17xx_40xx" -O0 -g3 -Wall -c -fmessage-length=0 -fno-builtin -ffunction-sections -fdata-sections -mcpu=cortex-m3 -mthumb -D__REDLIB__ -specs=redlib.specs -MMD -MP -MF"IP/enet_002.d" -MT"IP/enet_002.o" -MT"IP/enet_002.d" -o "IP/enet_002.o" "../IP/enet_002.c"
Finished building: ../IP/enet_002.c
 
Building file: ../IP/gpdma_001.c
Invoking: MCU C Compiler
arm-none-eabi-gcc -D__REDLIB__ -DCORE_M3 -DDEBUG -D__CODE_RED -I"../../software/lpc_core/lpc_board/board_common" -I"../../software/lpc_core/lpc_board/boards_17xx_40xx/nxp_xpresso_1769" -I"../../software/lpc_core/lpc_chip/chip_common" -I"../../software/lpc_core/lpc_ip" -I"../../software/CMSIS/CMSIS/Include" -I"../../software/lpc_core/lpc_chip/chip_17xx_40xx" -O0 -g3 -Wall -c -fmessage-length=0 -fno-builtin -ffunction-sections -fdata-sections -mcpu=cortex-m3 -mthumb -D__REDLIB__ -specs=redlib.specs -MMD -MP -MF"IP/gpdma_001.d" -MT"IP/gpdma_001.o" -MT"IP/gpdma_001.d" -o "IP/gpdma_001.o" "../IP/gpdma_001.c"
Finished building: ../IP/gpdma_001.c
 
Building file: ../IP/i2c_001.c
Invoking: MCU C Compiler
arm-none-eabi-gcc -D__REDLIB__ -DCORE_M3 -DDEBUG -D__CODE_RED -I"../../software/lpc_core/lpc_board/board_common" -I"../../software/lpc_core/lpc_board/boards_17xx_40xx/nxp_xpresso_1769" -I"../../software/lpc_core/lpc_chip/chip_common" -I"../../software/lpc_core/lpc_ip" -I"../../software/CMSIS/CMSIS/Include" -I"../../software/lpc_core/lpc_chip/chip_17xx_40xx" -O0 -g3 -Wall -c -fmessage-length=0 -fno-builtin -ffunction-sections -fdata-sections -mcpu=cortex-m3 -mthumb -D__REDLIB__ -specs=redlib.specs -MMD -MP -MF"IP/i2c_001.d" -MT"IP/i2c_001.o" -MT"IP/i2c_001.d" -o "IP/i2c_001.o" "../IP/i2c_001.c"
Finished building: ../IP/i2c_001.c
 
Building file: ../IP/i2s_001.c
Invoking: MCU C Compiler
arm-none-eabi-gcc -D__REDLIB__ -DCORE_M3 -DDEBUG -D__CODE_RED -I"../../software/lpc_core/lpc_board/board_common" -I"../../software/lpc_core/lpc_board/boards_17xx_40xx/nxp_xpresso_1769" -I"../../software/lpc_core/lpc_chip/chip_common" -I"../../software/lpc_core/lpc_ip" -I"../../software/CMSIS/CMSIS/Include" -I"../../software/lpc_core/lpc_chip/chip_17xx_40xx" -O0 -g3 -Wall -c -fmessage-length=0 -fno-builtin -ffunction-sections -fdata-sections -mcpu=cortex-m3 -mthumb -D__REDLIB__ -specs=redlib.specs -MMD -MP -MF"IP/i2s_001.d" -MT"IP/i2s_001.o" -MT"IP/i2s_001.d" -o "IP/i2s_001.o" "../IP/i2s_001.c"
Finished building: ../IP/i2s_001.c
 
Building file: ../IP/ritimer_001.c
Invoking: MCU C Compiler
arm-none-eabi-gcc -D__REDLIB__ -DCORE_M3 -DDEBUG -D__CODE_RED -I"../../software/lpc_core/lpc_board/board_common" -I"../../software/lpc_core/lpc_board/boards_17xx_40xx/nxp_xpresso_1769" -I"../../software/lpc_core/lpc_chip/chip_common" -I"../../software/lpc_core/lpc_ip" -I"../../software/CMSIS/CMSIS/Include" -I"../../software/lpc_core/lpc_chip/chip_17xx_40xx" -O0 -g3 -Wall -c -fmessage-length=0 -fno-builtin -ffunction-sections -fdata-sections -mcpu=cortex-m3 -mthumb -D__REDLIB__ -specs=redlib.specs -MMD -MP -MF"IP/ritimer_001.d" -MT"IP/ritimer_001.o" -MT"IP/ritimer_001.d" -o "IP/ritimer_001.o" "../IP/ritimer_001.c"
Finished building: ../IP/ritimer_001.c
 
Building file: ../IP/rtc_001.c
Invoking: MCU C Compiler
arm-none-eabi-gcc -D__REDLIB__ -DCORE_M3 -DDEBUG -D__CODE_RED -I"../../software/lpc_core/lpc_board/board_common" -I"../../software/lpc_core/lpc_board/boards_17xx_40xx/nxp_xpresso_1769" -I"../../software/lpc_core/lpc_chip/chip_common" -I"../../software/lpc_core/lpc_ip" -I"../../software/CMSIS/CMSIS/Include" -I"../../software/lpc_core/lpc_chip/chip_17xx_40xx" -O0 -g3 -Wall -c -fmessage-length=0 -fno-builtin -ffunction-sections -fdata-sections -mcpu=cortex-m3 -mthumb -D__REDLIB__ -specs=redlib.specs -MMD -MP -MF"IP/rtc_001.d" -MT"IP/rtc_001.o" -MT"IP/rtc_001.d" -o "IP/rtc_001.o" "../IP/rtc_001.c"
Finished building: ../IP/rtc_001.c
 
Building file: ../IP/ssp_001.c
Invoking: MCU C Compiler
arm-none-eabi-gcc -D__REDLIB__ -DCORE_M3 -DDEBUG -D__CODE_RED -I"../../software/lpc_core/lpc_board/board_common" -I"../../software/lpc_core/lpc_board/boards_17xx_40xx/nxp_xpresso_1769" -I"../../software/lpc_core/lpc_chip/chip_common" -I"../../software/lpc_core/lpc_ip" -I"../../software/CMSIS/CMSIS/Include" -I"../../software/lpc_core/lpc_chip/chip_17xx_40xx" -O0 -g3 -Wall -c -fmessage-length=0 -fno-builtin -ffunction-sections -fdata-sections -mcpu=cortex-m3 -mthumb -D__REDLIB__ -specs=redlib.specs -MMD -MP -MF"IP/ssp_001.d" -MT"IP/ssp_001.o" -MT"IP/ssp_001.d" -o "IP/ssp_001.o" "../IP/ssp_001.c"
Finished building: ../IP/ssp_001.c
 
Building file: ../IP/timer_001.c
Invoking: MCU C Compiler
arm-none-eabi-gcc -D__REDLIB__ -DCORE_M3 -DDEBUG -D__CODE_RED -I"../../software/lpc_core/lpc_board/board_common" -I"../../software/lpc_core/lpc_board/boards_17xx_40xx/nxp_xpresso_1769" -I"../../software/lpc_core/lpc_chip/chip_common" -I"../../software/lpc_core/lpc_ip" -I"../../software/CMSIS/CMSIS/Include" -I"../../software/lpc_core/lpc_chip/chip_17xx_40xx" -O0 -g3 -Wall -c -fmessage-length=0 -fno-builtin -ffunction-sections -fdata-sections -mcpu=cortex-m3 -mthumb -D__REDLIB__ -specs=redlib.specs -MMD -MP -MF"IP/timer_001.d" -MT"IP/timer_001.o" -MT"IP/timer_001.d" -o "IP/timer_001.o" "../IP/timer_001.c"
Finished building: ../IP/timer_001.c
 
Building file: ../IP/usart_001.c
Invoking: MCU C Compiler
arm-none-eabi-gcc -D__REDLIB__ -DCORE_M3 -DDEBUG -D__CODE_RED -I"../../software/lpc_core/lpc_board/board_common" -I"../../software/lpc_core/lpc_board/boards_17xx_40xx/nxp_xpresso_1769" -I"../../software/lpc_core/lpc_chip/chip_common" -I"../../software/lpc_core/lpc_ip" -I"../../software/CMSIS/CMSIS/Include" -I"../../software/lpc_core/lpc_chip/chip_17xx_40xx" -O0 -g3 -Wall -c -fmessage-length=0 -fno-builtin -ffunction-sections -fdata-sections -mcpu=cortex-m3 -mthumb -D__REDLIB__ -specs=redlib.specs -MMD -MP -MF"IP/usart_001.d" -MT"IP/usart_001.o" -MT"IP/usart_001.d" -o "IP/usart_001.o" "../IP/usart_001.c"
Finished building: ../IP/usart_001.c
 
Building file: ../IP/wwdt_001.c
Invoking: MCU C Compiler
arm-none-eabi-gcc -D__REDLIB__ -DCORE_M3 -DDEBUG -D__CODE_RED -I"../../software/lpc_core/lpc_board/board_common" -I"../../software/lpc_core/lpc_board/boards_17xx_40xx/nxp_xpresso_1769" -I"../../software/lpc_core/lpc_chip/chip_common" -I"../../software/lpc_core/lpc_ip" -I"../../software/CMSIS/CMSIS/Include" -I"../../software/lpc_core/lpc_chip/chip_17xx_40xx" -O0 -g3 -Wall -c -fmessage-length=0 -fno-builtin -ffunction-sections -fdata-sections -mcpu=cortex-m3 -mthumb -D__REDLIB__ -specs=redlib.specs -MMD -MP -MF"IP/wwdt_001.d" -MT"IP/wwdt_001.o" -MT"IP/wwdt_001.d" -o "IP/wwdt_001.o" "../IP/wwdt_001.c"
Finished building: ../IP/wwdt_001.c
 
Building file: ../CHIP/adc_17xx_40xx.c
Invoking: MCU C Compiler
arm-none-eabi-gcc -D__REDLIB__ -DCORE_M3 -DDEBUG -D__CODE_RED -I"../../software/lpc_core/lpc_board/board_common" -I"../../software/lpc_core/lpc_board/boards_17xx_40xx/nxp_xpresso_1769" -I"../../software/lpc_core/lpc_chip/chip_common" -I"../../software/lpc_core/lpc_ip" -I"../../software/CMSIS/CMSIS/Include" -I"../../software/lpc_core/lpc_chip/chip_17xx_40xx" -O0 -g3 -Wall -c -fmessage-length=0 -fno-builtin -ffunction-sections -fdata-sections -mcpu=cortex-m3 -mthumb -D__REDLIB__ -specs=redlib.specs -MMD -MP -MF"CHIP/adc_17xx_40xx.d" -MT"CHIP/adc_17xx_40xx.o" -MT"CHIP/adc_17xx_40xx.d" -o "CHIP/adc_17xx_40xx.o" "../CHIP/adc_17xx_40xx.c"
Finished building: ../CHIP/adc_17xx_40xx.c
 
Building file: ../CHIP/can_17xx_40xx.c
Invoking: MCU C Compiler
arm-none-eabi-gcc -D__REDLIB__ -DCORE_M3 -DDEBUG -D__CODE_RED -I"../../software/lpc_core/lpc_board/board_common" -I"../../software/lpc_core/lpc_board/boards_17xx_40xx/nxp_xpresso_1769" -I"../../software/lpc_core/lpc_chip/chip_common" -I"../../software/lpc_core/lpc_ip" -I"../../software/CMSIS/CMSIS/Include" -I"../../software/lpc_core/lpc_chip/chip_17xx_40xx" -O0 -g3 -Wall -c -fmessage-length=0 -fno-builtin -ffunction-sections -fdata-sections -mcpu=cortex-m3 -mthumb -D__REDLIB__ -specs=redlib.specs -MMD -MP -MF"CHIP/can_17xx_40xx.d" -MT"CHIP/can_17xx_40xx.o" -MT"CHIP/can_17xx_40xx.d" -o "CHIP/can_17xx_40xx.o" "../CHIP/can_17xx_40xx.c"
Finished building: ../CHIP/can_17xx_40xx.c
 
Building file: ../CHIP/clock_17xx_40xx.c
Invoking: MCU C Compiler
arm-none-eabi-gcc -D__REDLIB__ -DCORE_M3 -DDEBUG -D__CODE_RED -I"../../software/lpc_core/lpc_board/board_common" -I"../../software/lpc_core/lpc_board/boards_17xx_40xx/nxp_xpresso_1769" -I"../../software/lpc_core/lpc_chip/chip_common" -I"../../software/lpc_core/lpc_ip" -I"../../software/CMSIS/CMSIS/Include" -I"../../software/lpc_core/lpc_chip/chip_17xx_40xx" -O0 -g3 -Wall -c -fmessage-length=0 -fno-builtin -ffunction-sections -fdata-sections -mcpu=cortex-m3 -mthumb -D__REDLIB__ -specs=redlib.specs -MMD -MP -MF"CHIP/clock_17xx_40xx.d" -MT"CHIP/clock_17xx_40xx.o" -MT"CHIP/clock_17xx_40xx.d" -o "CHIP/clock_17xx_40xx.o" "../CHIP/clock_17xx_40xx.c"
../CHIP/clock_17xx_40xx.c: In function 'Chip_Clock_GetSYSCLKRate':
../CHIP/clock_17xx_40xx.c:319:2: warning: enumeration value 'SYSCTL_PLLCLKSRC_RESERVED2' not handled in switch [-Wswitch]
  switch (Chip_Clock_GetMainPllSource()) {
  ^
Finished building: ../CHIP/clock_17xx_40xx.c
 
Building file: ../CHIP/cmp_17xx_40xx.c
Invoking: MCU C Compiler
arm-none-eabi-gcc -D__REDLIB__ -DCORE_M3 -DDEBUG -D__CODE_RED -I"../../software/lpc_core/lpc_board/board_common" -I"../../software/lpc_core/lpc_board/boards_17xx_40xx/nxp_xpresso_1769" -I"../../software/lpc_core/lpc_chip/chip_common" -I"../../software/lpc_core/lpc_ip" -I"../../software/CMSIS/CMSIS/Include" -I"../../software/lpc_core/lpc_chip/chip_17xx_40xx" -O0 -g3 -Wall -c -fmessage-length=0 -fno-builtin -ffunction-sections -fdata-sections -mcpu=cortex-m3 -mthumb -D__REDLIB__ -specs=redlib.specs -MMD -MP -MF"CHIP/cmp_17xx_40xx.d" -MT"CHIP/cmp_17xx_40xx.o" -MT"CHIP/cmp_17xx_40xx.d" -o "CHIP/cmp_17xx_40xx.o" "../CHIP/cmp_17xx_40xx.c"
Finished building: ../CHIP/cmp_17xx_40xx.c
 
Building file: ../CHIP/crc_17xx_40xx.c
Invoking: MCU C Compiler
arm-none-eabi-gcc -D__REDLIB__ -DCORE_M3 -DDEBUG -D__CODE_RED -I"../../software/lpc_core/lpc_board/board_common" -I"../../software/lpc_core/lpc_board/boards_17xx_40xx/nxp_xpresso_1769" -I"../../software/lpc_core/lpc_chip/chip_common" -I"../../software/lpc_core/lpc_ip" -I"../../software/CMSIS/CMSIS/Include" -I"../../software/lpc_core/lpc_chip/chip_17xx_40xx" -O0 -g3 -Wall -c -fmessage-length=0 -fno-builtin -ffunction-sections -fdata-sections -mcpu=cortex-m3 -mthumb -D__REDLIB__ -specs=redlib.specs -MMD -MP -MF"CHIP/crc_17xx_40xx.d" -MT"CHIP/crc_17xx_40xx.o" -MT"CHIP/crc_17xx_40xx.d" -o "CHIP/crc_17xx_40xx.o" "../CHIP/crc_17xx_40xx.c"
Finished building: ../CHIP/crc_17xx_40xx.c
 
Building file: ../CHIP/dac_17xx_40xx.c
Invoking: MCU C Compiler
arm-none-eabi-gcc -D__REDLIB__ -DCORE_M3 -DDEBUG -D__CODE_RED -I"../../software/lpc_core/lpc_board/board_common" -I"../../software/lpc_core/lpc_board/boards_17xx_40xx/nxp_xpresso_1769" -I"../../software/lpc_core/lpc_chip/chip_common" -I"../../software/lpc_core/lpc_ip" -I"../../software/CMSIS/CMSIS/Include" -I"../../software/lpc_core/lpc_chip/chip_17xx_40xx" -O0 -g3 -Wall -c -fmessage-length=0 -fno-builtin -ffunction-sections -fdata-sections -mcpu=cortex-m3 -mthumb -D__REDLIB__ -specs=redlib.specs -MMD -MP -MF"CHIP/dac_17xx_40xx.d" -MT"CHIP/dac_17xx_40xx.o" -MT"CHIP/dac_17xx_40xx.d" -o "CHIP/dac_17xx_40xx.o" "../CHIP/dac_17xx_40xx.c"
Finished building: ../CHIP/dac_17xx_40xx.c
 
Building file: ../CHIP/eeprom_17xx_40xx.c
Invoking: MCU C Compiler
arm-none-eabi-gcc -D__REDLIB__ -DCORE_M3 -DDEBUG -D__CODE_RED -I"../../software/lpc_core/lpc_board/board_common" -I"../../software/lpc_core/lpc_board/boards_17xx_40xx/nxp_xpresso_1769" -I"../../software/lpc_core/lpc_chip/chip_common" -I"../../software/lpc_core/lpc_ip" -I"../../software/CMSIS/CMSIS/Include" -I"../../software/lpc_core/lpc_chip/chip_17xx_40xx" -O0 -g3 -Wall -c -fmessage-length=0 -fno-builtin -ffunction-sections -fdata-sections -mcpu=cortex-m3 -mthumb -D__REDLIB__ -specs=redlib.specs -MMD -MP -MF"CHIP/eeprom_17xx_40xx.d" -MT"CHIP/eeprom_17xx_40xx.o" -MT"CHIP/eeprom_17xx_40xx.d" -o "CHIP/eeprom_17xx_40xx.o" "../CHIP/eeprom_17xx_40xx.c"
Finished building: ../CHIP/eeprom_17xx_40xx.c
 
Building file: ../CHIP/emc_17xx_40xx.c
Invoking: MCU C Compiler
arm-none-eabi-gcc -D__REDLIB__ -DCORE_M3 -DDEBUG -D__CODE_RED -I"../../software/lpc_core/lpc_board/board_common" -I"../../software/lpc_core/lpc_board/boards_17xx_40xx/nxp_xpresso_1769" -I"../../software/lpc_core/lpc_chip/chip_common" -I"../../software/lpc_core/lpc_ip" -I"../../software/CMSIS/CMSIS/Include" -I"../../software/lpc_core/lpc_chip/chip_17xx_40xx" -O0 -g3 -Wall -c -fmessage-length=0 -fno-builtin -ffunction-sections -fdata-sections -mcpu=cortex-m3 -mthumb -D__REDLIB__ -specs=redlib.specs -MMD -MP -MF"CHIP/emc_17xx_40xx.d" -MT"CHIP/emc_17xx_40xx.o" -MT"CHIP/emc_17xx_40xx.d" -o "CHIP/emc_17xx_40xx.o" "../CHIP/emc_17xx_40xx.c"
Finished building: ../CHIP/emc_17xx_40xx.c
 
Building file: ../CHIP/enet_17xx_40xx.c
Invoking: MCU C Compiler
arm-none-eabi-gcc -D__REDLIB__ -DCORE_M3 -DDEBUG -D__CODE_RED -I"../../software/lpc_core/lpc_board/board_common" -I"../../software/lpc_core/lpc_board/boards_17xx_40xx/nxp_xpresso_1769" -I"../../software/lpc_core/lpc_chip/chip_common" -I"../../software/lpc_core/lpc_ip" -I"../../software/CMSIS/CMSIS/Include" -I"../../software/lpc_core/lpc_chip/chip_17xx_40xx" -O0 -g3 -Wall -c -fmessage-length=0 -fno-builtin -ffunction-sections -fdata-sections -mcpu=cortex-m3 -mthumb -D__REDLIB__ -specs=redlib.specs -MMD -MP -MF"CHIP/enet_17xx_40xx.d" -MT"CHIP/enet_17xx_40xx.o" -MT"CHIP/enet_17xx_40xx.d" -o "CHIP/enet_17xx_40xx.o" "../CHIP/enet_17xx_40xx.c"
Finished building: ../CHIP/enet_17xx_40xx.c
 
Building file: ../CHIP/gpdma_17xx_40xx.c
Invoking: MCU C Compiler
arm-none-eabi-gcc -D__REDLIB__ -DCORE_M3 -DDEBUG -D__CODE_RED -I"../../software/lpc_core/lpc_board/board_common" -I"../../software/lpc_core/lpc_board/boards_17xx_40xx/nxp_xpresso_1769" -I"../../software/lpc_core/lpc_chip/chip_common" -I"../../software/lpc_core/lpc_ip" -I"../../software/CMSIS/CMSIS/Include" -I"../../software/lpc_core/lpc_chip/chip_17xx_40xx" -O0 -g3 -Wall -c -fmessage-length=0 -fno-builtin -ffunction-sections -fdata-sections -mcpu=cortex-m3 -mthumb -D__REDLIB__ -specs=redlib.specs -MMD -MP -MF"CHIP/gpdma_17xx_40xx.d" -MT"CHIP/gpdma_17xx_40xx.o" -MT"CHIP/gpdma_17xx_40xx.d" -o "CHIP/gpdma_17xx_40xx.o" "../CHIP/gpdma_17xx_40xx.c"
Finished building: ../CHIP/gpdma_17xx_40xx.c
 
Building file: ../CHIP/i2c_17xx_40xx.c
Invoking: MCU C Compiler
arm-none-eabi-gcc -D__REDLIB__ -DCORE_M3 -DDEBUG -D__CODE_RED -I"../../software/lpc_core/lpc_board/board_common" -I"../../software/lpc_core/lpc_board/boards_17xx_40xx/nxp_xpresso_1769" -I"../../software/lpc_core/lpc_chip/chip_common" -I"../../software/lpc_core/lpc_ip" -I"../../software/CMSIS/CMSIS/Include" -I"../../software/lpc_core/lpc_chip/chip_17xx_40xx" -O0 -g3 -Wall -c -fmessage-length=0 -fno-builtin -ffunction-sections -fdata-sections -mcpu=cortex-m3 -mthumb -D__REDLIB__ -specs=redlib.specs -MMD -MP -MF"CHIP/i2c_17xx_40xx.d" -MT"CHIP/i2c_17xx_40xx.o" -MT"CHIP/i2c_17xx_40xx.d" -o "CHIP/i2c_17xx_40xx.o" "../CHIP/i2c_17xx_40xx.c"
Finished building: ../CHIP/i2c_17xx_40xx.c
 
Building file: ../CHIP/i2s_17xx_40xx.c
Invoking: MCU C Compiler
arm-none-eabi-gcc -D__REDLIB__ -DCORE_M3 -DDEBUG -D__CODE_RED -I"../../software/lpc_core/lpc_board/board_common" -I"../../software/lpc_core/lpc_board/boards_17xx_40xx/nxp_xpresso_1769" -I"../../software/lpc_core/lpc_chip/chip_common" -I"../../software/lpc_core/lpc_ip" -I"../../software/CMSIS/CMSIS/Include" -I"../../software/lpc_core/lpc_chip/chip_17xx_40xx" -O0 -g3 -Wall -c -fmessage-length=0 -fno-builtin -ffunction-sections -fdata-sections -mcpu=cortex-m3 -mthumb -D__REDLIB__ -specs=redlib.specs -MMD -MP -MF"CHIP/i2s_17xx_40xx.d" -MT"CHIP/i2s_17xx_40xx.o" -MT"CHIP/i2s_17xx_40xx.d" -o "CHIP/i2s_17xx_40xx.o" "../CHIP/i2s_17xx_40xx.c"
Finished building: ../CHIP/i2s_17xx_40xx.c
 
Building file: ../CHIP/iocon_17xx_40xx.c
Invoking: MCU C Compiler
arm-none-eabi-gcc -D__REDLIB__ -DCORE_M3 -DDEBUG -D__CODE_RED -I"../../software/lpc_core/lpc_board/board_common" -I"../../software/lpc_core/lpc_board/boards_17xx_40xx/nxp_xpresso_1769" -I"../../software/lpc_core/lpc_chip/chip_common" -I"../../software/lpc_core/lpc_ip" -I"../../software/CMSIS/CMSIS/Include" -I"../../software/lpc_core/lpc_chip/chip_17xx_40xx" -O0 -g3 -Wall -c -fmessage-length=0 -fno-builtin -ffunction-sections -fdata-sections -mcpu=cortex-m3 -mthumb -D__REDLIB__ -specs=redlib.specs -MMD -MP -MF"CHIP/iocon_17xx_40xx.d" -MT"CHIP/iocon_17xx_40xx.o" -MT"CHIP/iocon_17xx_40xx.d" -o "CHIP/iocon_17xx_40xx.o" "../CHIP/iocon_17xx_40xx.c"
Finished building: ../CHIP/iocon_17xx_40xx.c
 
Building file: ../CHIP/lcd_17xx_40xx.c
Invoking: MCU C Compiler
arm-none-eabi-gcc -D__REDLIB__ -DCORE_M3 -DDEBUG -D__CODE_RED -I"../../software/lpc_core/lpc_board/board_common" -I"../../software/lpc_core/lpc_board/boards_17xx_40xx/nxp_xpresso_1769" -I"../../software/lpc_core/lpc_chip/chip_common" -I"../../software/lpc_core/lpc_ip" -I"../../software/CMSIS/CMSIS/Include" -I"../../software/lpc_core/lpc_chip/chip_17xx_40xx" -O0 -g3 -Wall -c -fmessage-length=0 -fno-builtin -ffunction-sections -fdata-sections -mcpu=cortex-m3 -mthumb -D__REDLIB__ -specs=redlib.specs -MMD -MP -MF"CHIP/lcd_17xx_40xx.d" -MT"CHIP/lcd_17xx_40xx.o" -MT"CHIP/lcd_17xx_40xx.d" -o "CHIP/lcd_17xx_40xx.o" "../CHIP/lcd_17xx_40xx.c"
Finished building: ../CHIP/lcd_17xx_40xx.c
 
Building file: ../CHIP/mem_tests.c
Invoking: MCU C Compiler
arm-none-eabi-gcc -D__REDLIB__ -DCORE_M3 -DDEBUG -D__CODE_RED -I"../../software/lpc_core/lpc_board/board_common" -I"../../software/lpc_core/lpc_board/boards_17xx_40xx/nxp_xpresso_1769" -I"../../software/lpc_core/lpc_chip/chip_common" -I"../../software/lpc_core/lpc_ip" -I"../../software/CMSIS/CMSIS/Include" -I"../../software/lpc_core/lpc_chip/chip_17xx_40xx" -O0 -g3 -Wall -c -fmessage-length=0 -fno-builtin -ffunction-sections -fdata-sections -mcpu=cortex-m3 -mthumb -D__REDLIB__ -specs=redlib.specs -MMD -MP -MF"CHIP/mem_tests.d" -MT"CHIP/mem_tests.o" -MT"CHIP/mem_tests.d" -o "CHIP/mem_tests.o" "../CHIP/mem_tests.c"
Finished building: ../CHIP/mem_tests.c
 
Building file: ../CHIP/ring_buffer.c
Invoking: MCU C Compiler
arm-none-eabi-gcc -D__REDLIB__ -DCORE_M3 -DDEBUG -D__CODE_RED -I"../../software/lpc_core/lpc_board/board_common" -I"../../software/lpc_core/lpc_board/boards_17xx_40xx/nxp_xpresso_1769" -I"../../software/lpc_core/lpc_chip/chip_common" -I"../../software/lpc_core/lpc_ip" -I"../../software/CMSIS/CMSIS/Include" -I"../../software/lpc_core/lpc_chip/chip_17xx_40xx" -O0 -g3 -Wall -c -fmessage-length=0 -fno-builtin -ffunction-sections -fdata-sections -mcpu=cortex-m3 -mthumb -D__REDLIB__ -specs=redlib.specs -MMD -MP -MF"CHIP/ring_buffer.d" -MT"CHIP/ring_buffer.o" -MT"CHIP/ring_buffer.d" -o "CHIP/ring_buffer.o" "../CHIP/ring_buffer.c"
Finished building: ../CHIP/ring_buffer.c
 
Building file: ../CHIP/ritimer_17xx_40xx.c
Invoking: MCU C Compiler
arm-none-eabi-gcc -D__REDLIB__ -DCORE_M3 -DDEBUG -D__CODE_RED -I"../../software/lpc_core/lpc_board/board_common" -I"../../software/lpc_core/lpc_board/boards_17xx_40xx/nxp_xpresso_1769" -I"../../software/lpc_core/lpc_chip/chip_common" -I"../../software/lpc_core/lpc_ip" -I"../../software/CMSIS/CMSIS/Include" -I"../../software/lpc_core/lpc_chip/chip_17xx_40xx" -O0 -g3 -Wall -c -fmessage-length=0 -fno-builtin -ffunction-sections -fdata-sections -mcpu=cortex-m3 -mthumb -D__REDLIB__ -specs=redlib.specs -MMD -MP -MF"CHIP/ritimer_17xx_40xx.d" -MT"CHIP/ritimer_17xx_40xx.o" -MT"CHIP/ritimer_17xx_40xx.d" -o "CHIP/ritimer_17xx_40xx.o" "../CHIP/ritimer_17xx_40xx.c"
Finished building: ../CHIP/ritimer_17xx_40xx.c
 
Building file: ../CHIP/rtc_17xx_40xx.c
Invoking: MCU C Compiler
arm-none-eabi-gcc -D__REDLIB__ -DCORE_M3 -DDEBUG -D__CODE_RED -I"../../software/lpc_core/lpc_board/board_common" -I"../../software/lpc_core/lpc_board/boards_17xx_40xx/nxp_xpresso_1769" -I"../../software/lpc_core/lpc_chip/chip_common" -I"../../software/lpc_core/lpc_ip" -I"../../software/CMSIS/CMSIS/Include" -I"../../software/lpc_core/lpc_chip/chip_17xx_40xx" -O0 -g3 -Wall -c -fmessage-length=0 -fno-builtin -ffunction-sections -fdata-sections -mcpu=cortex-m3 -mthumb -D__REDLIB__ -specs=redlib.specs -MMD -MP -MF"CHIP/rtc_17xx_40xx.d" -MT"CHIP/rtc_17xx_40xx.o" -MT"CHIP/rtc_17xx_40xx.d" -o "CHIP/rtc_17xx_40xx.o" "../CHIP/rtc_17xx_40xx.c"
Finished building: ../CHIP/rtc_17xx_40xx.c
 
Building file: ../CHIP/sdc_17xx_40xx.c
Invoking: MCU C Compiler
arm-none-eabi-gcc -D__REDLIB__ -DCORE_M3 -DDEBUG -D__CODE_RED -I"../../software/lpc_core/lpc_board/board_common" -I"../../software/lpc_core/lpc_board/boards_17xx_40xx/nxp_xpresso_1769" -I"../../software/lpc_core/lpc_chip/chip_common" -I"../../software/lpc_core/lpc_ip" -I"../../software/CMSIS/CMSIS/Include" -I"../../software/lpc_core/lpc_chip/chip_17xx_40xx" -O0 -g3 -Wall -c -fmessage-length=0 -fno-builtin -ffunction-sections -fdata-sections -mcpu=cortex-m3 -mthumb -D__REDLIB__ -specs=redlib.specs -MMD -MP -MF"CHIP/sdc_17xx_40xx.d" -MT"CHIP/sdc_17xx_40xx.o" -MT"CHIP/sdc_17xx_40xx.d" -o "CHIP/sdc_17xx_40xx.o" "../CHIP/sdc_17xx_40xx.c"
Finished building: ../CHIP/sdc_17xx_40xx.c
 
Building file: ../CHIP/sdmmc_17xx_40xx.c
Invoking: MCU C Compiler
arm-none-eabi-gcc -D__REDLIB__ -DCORE_M3 -DDEBUG -D__CODE_RED -I"../../software/lpc_core/lpc_board/board_common" -I"../../software/lpc_core/lpc_board/boards_17xx_40xx/nxp_xpresso_1769" -I"../../software/lpc_core/lpc_chip/chip_common" -I"../../software/lpc_core/lpc_ip" -I"../../software/CMSIS/CMSIS/Include" -I"../../software/lpc_core/lpc_chip/chip_17xx_40xx" -O0 -g3 -Wall -c -fmessage-length=0 -fno-builtin -ffunction-sections -fdata-sections -mcpu=cortex-m3 -mthumb -D__REDLIB__ -specs=redlib.specs -MMD -MP -MF"CHIP/sdmmc_17xx_40xx.d" -MT"CHIP/sdmmc_17xx_40xx.o" -MT"CHIP/sdmmc_17xx_40xx.d" -o "CHIP/sdmmc_17xx_40xx.o" "../CHIP/sdmmc_17xx_40xx.c"
Finished building: ../CHIP/sdmmc_17xx_40xx.c
 
Building file: ../CHIP/spi_17xx_40xx.c
Invoking: MCU C Compiler
arm-none-eabi-gcc -D__REDLIB__ -DCORE_M3 -DDEBUG -D__CODE_RED -I"../../software/lpc_core/lpc_board/board_common" -I"../../software/lpc_core/lpc_board/boards_17xx_40xx/nxp_xpresso_1769" -I"../../software/lpc_core/lpc_chip/chip_common" -I"../../software/lpc_core/lpc_ip" -I"../../software/CMSIS/CMSIS/Include" -I"../../software/lpc_core/lpc_chip/chip_17xx_40xx" -O0 -g3 -Wall -c -fmessage-length=0 -fno-builtin -ffunction-sections -fdata-sections -mcpu=cortex-m3 -mthumb -D__REDLIB__ -specs=redlib.specs -MMD -MP -MF"CHIP/spi_17xx_40xx.d" -MT"CHIP/spi_17xx_40xx.o" -MT"CHIP/spi_17xx_40xx.d" -o "CHIP/spi_17xx_40xx.o" "../CHIP/spi_17xx_40xx.c"
../CHIP/spi_17xx_40xx.c: In function 'Chip_SPI_Int_FlushData':
../CHIP/spi_17xx_40xx.c:137:20: warning: variable 'tmp' set but not used [-Wunused-but-set-variable]
  volatile uint32_t tmp;
                    ^
Finished building: ../CHIP/spi_17xx_40xx.c
 
Building file: ../CHIP/ssp_17xx_40xx.c
Invoking: MCU C Compiler
arm-none-eabi-gcc -D__REDLIB__ -DCORE_M3 -DDEBUG -D__CODE_RED -I"../../software/lpc_core/lpc_board/board_common" -I"../../software/lpc_core/lpc_board/boards_17xx_40xx/nxp_xpresso_1769" -I"../../software/lpc_core/lpc_chip/chip_common" -I"../../software/lpc_core/lpc_ip" -I"../../software/CMSIS/CMSIS/Include" -I"../../software/lpc_core/lpc_chip/chip_17xx_40xx" -O0 -g3 -Wall -c -fmessage-length=0 -fno-builtin -ffunction-sections -fdata-sections -mcpu=cortex-m3 -mthumb -D__REDLIB__ -specs=redlib.specs -MMD -MP -MF"CHIP/ssp_17xx_40xx.d" -MT"CHIP/ssp_17xx_40xx.o" -MT"CHIP/ssp_17xx_40xx.d" -o "CHIP/ssp_17xx_40xx.o" "../CHIP/ssp_17xx_40xx.c"
Finished building: ../CHIP/ssp_17xx_40xx.c
 
Building file: ../CHIP/sysctl_17xx_40xx.c
Invoking: MCU C Compiler
arm-none-eabi-gcc -D__REDLIB__ -DCORE_M3 -DDEBUG -D__CODE_RED -I"../../software/lpc_core/lpc_board/board_common" -I"../../software/lpc_core/lpc_board/boards_17xx_40xx/nxp_xpresso_1769" -I"../../software/lpc_core/lpc_chip/chip_common" -I"../../software/lpc_core/lpc_ip" -I"../../software/CMSIS/CMSIS/Include" -I"../../software/lpc_core/lpc_chip/chip_17xx_40xx" -O0 -g3 -Wall -c -fmessage-length=0 -fno-builtin -ffunction-sections -fdata-sections -mcpu=cortex-m3 -mthumb -D__REDLIB__ -specs=redlib.specs -MMD -MP -MF"CHIP/sysctl_17xx_40xx.d" -MT"CHIP/sysctl_17xx_40xx.o" -MT"CHIP/sysctl_17xx_40xx.d" -o "CHIP/sysctl_17xx_40xx.o" "../CHIP/sysctl_17xx_40xx.c"
Finished building: ../CHIP/sysctl_17xx_40xx.c
 
Building file: ../CHIP/timer_17xx_40xx.c
Invoking: MCU C Compiler
arm-none-eabi-gcc -D__REDLIB__ -DCORE_M3 -DDEBUG -D__CODE_RED -I"../../software/lpc_core/lpc_board/board_common" -I"../../software/lpc_core/lpc_board/boards_17xx_40xx/nxp_xpresso_1769" -I"../../software/lpc_core/lpc_chip/chip_common" -I"../../software/lpc_core/lpc_ip" -I"../../software/CMSIS/CMSIS/Include" -I"../../software/lpc_core/lpc_chip/chip_17xx_40xx" -O0 -g3 -Wall -c -fmessage-length=0 -fno-builtin -ffunction-sections -fdata-sections -mcpu=cortex-m3 -mthumb -D__REDLIB__ -specs=redlib.specs -MMD -MP -MF"CHIP/timer_17xx_40xx.d" -MT"CHIP/timer_17xx_40xx.o" -MT"CHIP/timer_17xx_40xx.d" -o "CHIP/timer_17xx_40xx.o" "../CHIP/timer_17xx_40xx.c"
Finished building: ../CHIP/timer_17xx_40xx.c
 
Building file: ../CHIP/uart_17xx_40xx.c
Invoking: MCU C Compiler
arm-none-eabi-gcc -D__REDLIB__ -DCORE_M3 -DDEBUG -D__CODE_RED -I"../../software/lpc_core/lpc_board/board_common" -I"../../software/lpc_core/lpc_board/boards_17xx_40xx/nxp_xpresso_1769" -I"../../software/lpc_core/lpc_chip/chip_common" -I"../../software/lpc_core/lpc_ip" -I"../../software/CMSIS/CMSIS/Include" -I"../../software/lpc_core/lpc_chip/chip_17xx_40xx" -O0 -g3 -Wall -c -fmessage-length=0 -fno-builtin -ffunction-sections -fdata-sections -mcpu=cortex-m3 -mthumb -D__REDLIB__ -specs=redlib.specs -MMD -MP -MF"CHIP/uart_17xx_40xx.d" -MT"CHIP/uart_17xx_40xx.o" -MT"CHIP/uart_17xx_40xx.d" -o "CHIP/uart_17xx_40xx.o" "../CHIP/uart_17xx_40xx.c"
Finished building: ../CHIP/uart_17xx_40xx.c
 
Building file: ../CHIP/wwdt_17xx_40xx.c
Invoking: MCU C Compiler
arm-none-eabi-gcc -D__REDLIB__ -DCORE_M3 -DDEBUG -D__CODE_RED -I"../../software/lpc_core/lpc_board/board_common" -I"../../software/lpc_core/lpc_board/boards_17xx_40xx/nxp_xpresso_1769" -I"../../software/lpc_core/lpc_chip/chip_common" -I"../../software/lpc_core/lpc_ip" -I"../../software/CMSIS/CMSIS/Include" -I"../../software/lpc_core/lpc_chip/chip_17xx_40xx" -O0 -g3 -Wall -c -fmessage-length=0 -fno-builtin -ffunction-sections -fdata-sections -mcpu=cortex-m3 -mthumb -D__REDLIB__ -specs=redlib.specs -MMD -MP -MF"CHIP/wwdt_17xx_40xx.d" -MT"CHIP/wwdt_17xx_40xx.o" -MT"CHIP/wwdt_17xx_40xx.d" -o "CHIP/wwdt_17xx_40xx.o" "../CHIP/wwdt_17xx_40xx.c"
Finished building: ../CHIP/wwdt_17xx_40xx.c
 
Building file: ../BOARD/board_nxp_xpresso_1769.c
Invoking: MCU C Compiler
arm-none-eabi-gcc -D__REDLIB__ -DCORE_M3 -DDEBUG -D__CODE_RED -I"../../software/lpc_core/lpc_board/board_common" -I"../../software/lpc_core/lpc_board/boards_17xx_40xx/nxp_xpresso_1769" -I"../../software/lpc_core/lpc_chip/chip_common" -I"../../software/lpc_core/lpc_ip" -I"../../software/CMSIS/CMSIS/Include" -I"../../software/lpc_core/lpc_chip/chip_17xx_40xx" -O0 -g3 -Wall -c -fmessage-length=0 -fno-builtin -ffunction-sections -fdata-sections -mcpu=cortex-m3 -mthumb -D__REDLIB__ -specs=redlib.specs -MMD -MP -MF"BOARD/board_nxp_xpresso_1769.d" -MT"BOARD/board_nxp_xpresso_1769.o" -MT"BOARD/board_nxp_xpresso_1769.d" -o "BOARD/board_nxp_xpresso_1769.o" "../BOARD/board_nxp_xpresso_1769.c"
../BOARD/board_nxp_xpresso_1769.c: In function 'Board_I2C_Init':
../BOARD/board_nxp_xpresso_1769.c:262:2: warning: enumeration value 'I2C_NUM_INTERFACE' not handled in switch [-Wswitch]
  switch (id) {
  ^
Finished building: ../BOARD/board_nxp_xpresso_1769.c
 
Building file: ../BOARD/sysinit_nxp_xpresso_1769.c
Invoking: MCU C Compiler
arm-none-eabi-gcc -D__REDLIB__ -DCORE_M3 -DDEBUG -D__CODE_RED -I"../../software/lpc_core/lpc_board/board_common" -I"../../software/lpc_core/lpc_board/boards_17xx_40xx/nxp_xpresso_1769" -I"../../software/lpc_core/lpc_chip/chip_common" -I"../../software/lpc_core/lpc_ip" -I"../../software/CMSIS/CMSIS/Include" -I"../../software/lpc_core/lpc_chip/chip_17xx_40xx" -O0 -g3 -Wall -c -fmessage-length=0 -fno-builtin -ffunction-sections -fdata-sections -mcpu=cortex-m3 -mthumb -D__REDLIB__ -specs=redlib.specs -MMD -MP -MF"BOARD/sysinit_nxp_xpresso_1769.d" -MT"BOARD/sysinit_nxp_xpresso_1769.o" -MT"BOARD/sysinit_nxp_xpresso_1769.d" -o "BOARD/sysinit_nxp_xpresso_1769.o" "../BOARD/sysinit_nxp_xpresso_1769.c"
Finished building: ../BOARD/sysinit_nxp_xpresso_1769.c
 
Building target: libnxp_xpresso_1769_board_lib.a
Invoking: MCU Archiver
arm-none-eabi-ar -r  "libnxp_xpresso_1769_board_lib.a"  ./IP/adc_001.o ./IP/can_001.o ./IP/dac_001.o ./IP/enet_002.o ./IP/gpdma_001.o ./IP/i2c_001.o ./IP/i2s_001.o ./IP/ritimer_001.o ./IP/rtc_001.o ./IP/ssp_001.o ./IP/timer_001.o ./IP/usart_001.o ./IP/wwdt_001.o  ./CHIP/adc_17xx_40xx.o ./CHIP/can_17xx_40xx.o ./CHIP/clock_17xx_40xx.o ./CHIP/cmp_17xx_40xx.o ./CHIP/crc_17xx_40xx.o ./CHIP/dac_17xx_40xx.o ./CHIP/eeprom_17xx_40xx.o ./CHIP/emc_17xx_40xx.o ./CHIP/enet_17xx_40xx.o ./CHIP/gpdma_17xx_40xx.o ./CHIP/i2c_17xx_40xx.o ./CHIP/i2s_17xx_40xx.o ./CHIP/iocon_17xx_40xx.o ./CHIP/lcd_17xx_40xx.o ./CHIP/mem_tests.o ./CHIP/ring_buffer.o ./CHIP/ritimer_17xx_40xx.o ./CHIP/rtc_17xx_40xx.o ./CHIP/sdc_17xx_40xx.o ./CHIP/sdmmc_17xx_40xx.o ./CHIP/spi_17xx_40xx.o ./CHIP/ssp_17xx_40xx.o ./CHIP/sysctl_17xx_40xx.o ./CHIP/timer_17xx_40xx.o ./CHIP/uart_17xx_40xx.o ./CHIP/wwdt_17xx_40xx.o  ./BOARD/board_nxp_xpresso_1769.o ./BOARD/sysinit_nxp_xpresso_1769.o   
c:\nxp\LPCXpresso_7.5.0_254\lpcxpresso\tools\bin\arm-none-eabi-ar.exe: creating libnxp_xpresso_1769_board_lib.a
Finished building target: libnxp_xpresso_1769_board_lib.a
 
make --no-print-directory post-build
Performing post-build steps
arm-none-eabi-size "libnxp_xpresso_1769_board_lib.a" ; # arm-none-eabi-objdump -h -S "libnxp_xpresso_1769_board_lib.a" >"libnxp_xpresso_1769_board_lib.lss"
   text	   data	    bss	    dec	    hex	filename
    644	      0	      0	    644	    284	adc_001.o (ex libnxp_xpresso_1769_board_lib.a)
   8180	      0	      0	   8180	   1ff4	can_001.o (ex libnxp_xpresso_1769_board_lib.a)
    192	      0	      0	    192	     c0	dac_001.o (ex libnxp_xpresso_1769_board_lib.a)
    936	      0	      4	    940	    3ac	enet_002.o (ex libnxp_xpresso_1769_board_lib.a)
    884	      0	      0	    884	    374	gpdma_001.o (ex libnxp_xpresso_1769_board_lib.a)
   1672	      0	      0	   1672	    688	i2c_001.o (ex libnxp_xpresso_1769_board_lib.a)
   1444	      0	      0	   1444	    5a4	i2s_001.o (ex libnxp_xpresso_1769_board_lib.a)
    108	      0	      0	    108	     6c	ritimer_001.o (ex libnxp_xpresso_1769_board_lib.a)
    912	      0	      0	    912	    390	rtc_001.o (ex libnxp_xpresso_1769_board_lib.a)
     52	      0	      0	     52	     34	ssp_001.o (ex libnxp_xpresso_1769_board_lib.a)
    156	      0	      0	    156	     9c	timer_001.o (ex libnxp_xpresso_1769_board_lib.a)
   1848	      0	      0	   1848	    738	usart_001.o (ex libnxp_xpresso_1769_board_lib.a)
     96	      0	      0	     96	     60	wwdt_001.o (ex libnxp_xpresso_1769_board_lib.a)
    384	      0	      0	    384	    180	adc_17xx_40xx.o (ex libnxp_xpresso_1769_board_lib.a)
    492	      0	      0	    492	    1ec	can_17xx_40xx.o (ex libnxp_xpresso_1769_board_lib.a)
   1596	      0	      0	   1596	    63c	clock_17xx_40xx.o (ex libnxp_xpresso_1769_board_lib.a)
      0	      0	      0	      0	      0	cmp_17xx_40xx.o (ex libnxp_xpresso_1769_board_lib.a)
      0	      0	      0	      0	      0	crc_17xx_40xx.o (ex libnxp_xpresso_1769_board_lib.a)
     20	      0	      0	     20	     14	dac_17xx_40xx.o (ex libnxp_xpresso_1769_board_lib.a)
      0	      0	      0	      0	      0	eeprom_17xx_40xx.o (ex libnxp_xpresso_1769_board_lib.a)
      0	      0	      0	      0	      0	emc_17xx_40xx.o (ex libnxp_xpresso_1769_board_lib.a)
    212	      0	      0	    212	     d4	enet_17xx_40xx.o (ex libnxp_xpresso_1769_board_lib.a)
   1472	     96	      8	   1576	    628	gpdma_17xx_40xx.o (ex libnxp_xpresso_1769_board_lib.a)
   2060	     84	    120	   2264	    8d8	i2c_17xx_40xx.o (ex libnxp_xpresso_1769_board_lib.a)
    804	      0	      0	    804	    324	i2s_17xx_40xx.o (ex libnxp_xpresso_1769_board_lib.a)
    148	      0	      0	    148	     94	iocon_17xx_40xx.o (ex libnxp_xpresso_1769_board_lib.a)
      0	      0	      0	      0	      0	lcd_17xx_40xx.o (ex libnxp_xpresso_1769_board_lib.a)
   1096	      0	      0	   1096	    448	mem_tests.o (ex libnxp_xpresso_1769_board_lib.a)
   1048	      0	      0	   1048	    418	ring_buffer.o (ex libnxp_xpresso_1769_board_lib.a)
    224	      0	      0	    224	     e0	ritimer_17xx_40xx.o (ex libnxp_xpresso_1769_board_lib.a)
     80	      0	      0	     80	     50	rtc_17xx_40xx.o (ex libnxp_xpresso_1769_board_lib.a)
      0	      0	      0	      0	      0	sdc_17xx_40xx.o (ex libnxp_xpresso_1769_board_lib.a)
      0	      0	      0	      0	      0	sdmmc_17xx_40xx.o (ex libnxp_xpresso_1769_board_lib.a)
   1092	      0	      0	   1092	    444	spi_17xx_40xx.o (ex libnxp_xpresso_1769_board_lib.a)
   2244	      0	      0	   2244	    8c4	ssp_17xx_40xx.o (ex libnxp_xpresso_1769_board_lib.a)
     48	      0	      0	     48	     30	sysctl_17xx_40xx.o (ex libnxp_xpresso_1769_board_lib.a)
    136	      0	      0	    136	     88	timer_17xx_40xx.o (ex libnxp_xpresso_1769_board_lib.a)
   1656	      0	    530	   2186	    88a	uart_17xx_40xx.o (ex libnxp_xpresso_1769_board_lib.a)
     20	      0	      0	     20	     14	wwdt_17xx_40xx.o (ex libnxp_xpresso_1769_board_lib.a)
   2948	      0	     18	   2966	    b96	board_nxp_xpresso_1769.o (ex libnxp_xpresso_1769_board_lib.a)
    500	      0	      0	    500	    1f4	sysinit_nxp_xpresso_1769.o (ex libnxp_xpresso_1769_board_lib.a)
 
10:45:42 **** Clean-only build of configuration Debug for project nxp_xpresso_1769_usblib_device ****
make -r clean 
rm -rf  ./Drivers/USB/Core/HCD/OHCI/OHCI.o  ./Drivers/USB/Core/HCD/EHCI/EHCI.o  ./Drivers/USB/Core/HCD/HCD.o  ./Drivers/USB/Core/HAL/LPC17XX/HAL_LPC17xx.o  ./Drivers/USB/Core/HAL/LPC11UXX/HAL_LPC11Uxx.o  ./Drivers/USB/Core/DCD/USBRom/usbd_adcuser.o ./Drivers/USB/Core/DCD/USBRom/usbd_cdc.o ./Drivers/USB/Core/DCD/USBRom/usbd_hid.o ./Drivers/USB/Core/DCD/USBRom/usbd_msc.o ./Drivers/USB/Core/DCD/USBRom/usbd_rom.o  ./Drivers/USB/Core/DCD/LPC18XX/Endpoint_LPC18xx.o  ./Drivers/USB/Core/DCD/LPC17XX/Endpoint_LPC17xx.o  ./Drivers/USB/Core/DCD/LPC11UXX/Endpoint_LPC11Uxx.o  ./Drivers/USB/Core/ConfigDescriptor.o ./Drivers/USB/Core/Device.o ./Drivers/USB/Core/DeviceStandardReq.o ./Drivers/USB/Core/Endpoint.o ./Drivers/USB/Core/EndpointStream.o ./Drivers/USB/Core/Events.o ./Drivers/USB/Core/Host.o ./Drivers/USB/Core/HostStandardReq.o ./Drivers/USB/Core/Pipe.o ./Drivers/USB/Core/PipeStream.o ./Drivers/USB/Core/USBController.o ./Drivers/USB/Core/USBMemory.o ./Drivers/USB/Core/USBTask.o  ./Drivers/USB/Class/Host/AudioClassHost.o ./Drivers/USB/Class/Host/CDCClassHost.o ./Drivers/USB/Class/Host/HIDClassHost.o ./Drivers/USB/Class/Host/MIDIClassHost.o ./Drivers/USB/Class/Host/MassStorageClassHost.o ./Drivers/USB/Class/Host/PrinterClassHost.o ./Drivers/USB/Class/Host/RNDISClassHost.o ./Drivers/USB/Class/Host/StillImageClassHost.o  ./Drivers/USB/Class/Device/AudioClassDevice.o ./Drivers/USB/Class/Device/CDCClassDevice.o ./Drivers/USB/Class/Device/HIDClassDevice.o ./Drivers/USB/Class/Device/MIDIClassDevice.o ./Drivers/USB/Class/Device/MassStorageClassDevice.o ./Drivers/USB/Class/Device/RNDISClassDevice.o  ./Drivers/USB/Class/Common/HIDParser.o  ./Drivers/USB/Core/HCD/OHCI/OHCI.d  ./Drivers/USB/Core/HCD/EHCI/EHCI.d  ./Drivers/USB/Core/HCD/HCD.d  ./Drivers/USB/Core/HAL/LPC17XX/HAL_LPC17xx.d  ./Drivers/USB/Core/HAL/LPC11UXX/HAL_LPC11Uxx.d  ./Drivers/USB/Core/DCD/USBRom/usbd_adcuser.d ./Drivers/USB/Core/DCD/USBRom/usbd_cdc.d ./Drivers/USB/Core/DCD/USBRom/usbd_hid.d ./Drivers/USB/Core/DCD/USBRom/usbd_msc.d ./Drivers/USB/Core/DCD/USBRom/usbd_rom.d  ./Drivers/USB/Core/DCD/LPC18XX/Endpoint_LPC18xx.d  ./Drivers/USB/Core/DCD/LPC17XX/Endpoint_LPC17xx.d  ./Drivers/USB/Core/DCD/LPC11UXX/Endpoint_LPC11Uxx.d  ./Drivers/USB/Core/ConfigDescriptor.d ./Drivers/USB/Core/Device.d ./Drivers/USB/Core/DeviceStandardReq.d ./Drivers/USB/Core/Endpoint.d ./Drivers/USB/Core/EndpointStream.d ./Drivers/USB/Core/Events.d ./Drivers/USB/Core/Host.d ./Drivers/USB/Core/HostStandardReq.d ./Drivers/USB/Core/Pipe.d ./Drivers/USB/Core/PipeStream.d ./Drivers/USB/Core/USBController.d ./Drivers/USB/Core/USBMemory.d ./Drivers/USB/Core/USBTask.d  ./Drivers/USB/Class/Host/AudioClassHost.d ./Drivers/USB/Class/Host/CDCClassHost.d ./Drivers/USB/Class/Host/HIDClassHost.d ./Drivers/USB/Class/Host/MIDIClassHost.d ./Drivers/USB/Class/Host/MassStorageClassHost.d ./Drivers/USB/Class/Host/PrinterClassHost.d ./Drivers/USB/Class/Host/RNDISClassHost.d ./Drivers/USB/Class/Host/StillImageClassHost.d  ./Drivers/USB/Class/Device/AudioClassDevice.d ./Drivers/USB/Class/Device/CDCClassDevice.d ./Drivers/USB/Class/Device/HIDClassDevice.d ./Drivers/USB/Class/Device/MIDIClassDevice.d ./Drivers/USB/Class/Device/MassStorageClassDevice.d ./Drivers/USB/Class/Device/RNDISClassDevice.d  ./Drivers/USB/Class/Common/HIDParser.d  libnxp_xpresso_1769_usblib_device.a
 
10:45:43 **** Build of configuration Debug for project nxp_xpresso_1769_usblib_device ****
make -r all 
Building file: ../Drivers/USB/Core/HCD/OHCI/OHCI.c
Invoking: MCU C Compiler
arm-none-eabi-gcc -D__LPC175X_6X__ -DCORE_M3 -DUSB_DEVICE_ONLY -D__REDLIB__ -D__CODE_RED -I"../../software/CMSIS/CMSIS/Include" -I"../../software/lpc_core/lpc_ip" -I"../../software/lpc_core/lpc_chip/chip_common" -I"../../software/lpc_core/lpc_chip/chip_17xx_40xx" -I"../../software/lpc_core/lpc_board/boards_17xx_40xx/nxp_xpresso_1769" -O0 -g3 -Wall -c -fmessage-length=0 -fno-builtin -ffunction-sections -fdata-sections -std=gnu99 -mcpu=cortex-m3 -mthumb -D__REDLIB__ -specs=redlib.specs -MMD -MP -MF"Drivers/USB/Core/HCD/OHCI/OHCI.d" -MT"Drivers/USB/Core/HCD/OHCI/OHCI.o" -MT"Drivers/USB/Core/HCD/OHCI/OHCI.d" -o "Drivers/USB/Core/HCD/OHCI/OHCI.o" "../Drivers/USB/Core/HCD/OHCI/OHCI.c"
Finished building: ../Drivers/USB/Core/HCD/OHCI/OHCI.c
 
Building file: ../Drivers/USB/Core/HCD/EHCI/EHCI.c
Invoking: MCU C Compiler
arm-none-eabi-gcc -D__LPC175X_6X__ -DCORE_M3 -DUSB_DEVICE_ONLY -D__REDLIB__ -D__CODE_RED -I"../../software/CMSIS/CMSIS/Include" -I"../../software/lpc_core/lpc_ip" -I"../../software/lpc_core/lpc_chip/chip_common" -I"../../software/lpc_core/lpc_chip/chip_17xx_40xx" -I"../../software/lpc_core/lpc_board/boards_17xx_40xx/nxp_xpresso_1769" -O0 -g3 -Wall -c -fmessage-length=0 -fno-builtin -ffunction-sections -fdata-sections -std=gnu99 -mcpu=cortex-m3 -mthumb -D__REDLIB__ -specs=redlib.specs -MMD -MP -MF"Drivers/USB/Core/HCD/EHCI/EHCI.d" -MT"Drivers/USB/Core/HCD/EHCI/EHCI.o" -MT"Drivers/USB/Core/HCD/EHCI/EHCI.d" -o "Drivers/USB/Core/HCD/EHCI/EHCI.o" "../Drivers/USB/Core/HCD/EHCI/EHCI.c"
Finished building: ../Drivers/USB/Core/HCD/EHCI/EHCI.c
 
Building file: ../Drivers/USB/Core/HCD/HCD.c
Invoking: MCU C Compiler
arm-none-eabi-gcc -D__LPC175X_6X__ -DCORE_M3 -DUSB_DEVICE_ONLY -D__REDLIB__ -D__CODE_RED -I"../../software/CMSIS/CMSIS/Include" -I"../../software/lpc_core/lpc_ip" -I"../../software/lpc_core/lpc_chip/chip_common" -I"../../software/lpc_core/lpc_chip/chip_17xx_40xx" -I"../../software/lpc_core/lpc_board/boards_17xx_40xx/nxp_xpresso_1769" -O0 -g3 -Wall -c -fmessage-length=0 -fno-builtin -ffunction-sections -fdata-sections -std=gnu99 -mcpu=cortex-m3 -mthumb -D__REDLIB__ -specs=redlib.specs -MMD -MP -MF"Drivers/USB/Core/HCD/HCD.d" -MT"Drivers/USB/Core/HCD/HCD.o" -MT"Drivers/USB/Core/HCD/HCD.d" -o "Drivers/USB/Core/HCD/HCD.o" "../Drivers/USB/Core/HCD/HCD.c"
Finished building: ../Drivers/USB/Core/HCD/HCD.c
 
Building file: ../Drivers/USB/Core/HAL/LPC17XX/HAL_LPC17xx.c
Invoking: MCU C Compiler
arm-none-eabi-gcc -D__LPC175X_6X__ -DCORE_M3 -DUSB_DEVICE_ONLY -D__REDLIB__ -D__CODE_RED -I"../../software/CMSIS/CMSIS/Include" -I"../../software/lpc_core/lpc_ip" -I"../../software/lpc_core/lpc_chip/chip_common" -I"../../software/lpc_core/lpc_chip/chip_17xx_40xx" -I"../../software/lpc_core/lpc_board/boards_17xx_40xx/nxp_xpresso_1769" -O0 -g3 -Wall -c -fmessage-length=0 -fno-builtin -ffunction-sections -fdata-sections -std=gnu99 -mcpu=cortex-m3 -mthumb -D__REDLIB__ -specs=redlib.specs -MMD -MP -MF"Drivers/USB/Core/HAL/LPC17XX/HAL_LPC17xx.d" -MT"Drivers/USB/Core/HAL/LPC17XX/HAL_LPC17xx.o" -MT"Drivers/USB/Core/HAL/LPC17XX/HAL_LPC17xx.d" -o "Drivers/USB/Core/HAL/LPC17XX/HAL_LPC17xx.o" "../Drivers/USB/Core/HAL/LPC17XX/HAL_LPC17xx.c"
Finished building: ../Drivers/USB/Core/HAL/LPC17XX/HAL_LPC17xx.c
 
Building file: ../Drivers/USB/Core/HAL/LPC11UXX/HAL_LPC11Uxx.c
Invoking: MCU C Compiler
arm-none-eabi-gcc -D__LPC175X_6X__ -DCORE_M3 -DUSB_DEVICE_ONLY -D__REDLIB__ -D__CODE_RED -I"../../software/CMSIS/CMSIS/Include" -I"../../software/lpc_core/lpc_ip" -I"../../software/lpc_core/lpc_chip/chip_common" -I"../../software/lpc_core/lpc_chip/chip_17xx_40xx" -I"../../software/lpc_core/lpc_board/boards_17xx_40xx/nxp_xpresso_1769" -O0 -g3 -Wall -c -fmessage-length=0 -fno-builtin -ffunction-sections -fdata-sections -std=gnu99 -mcpu=cortex-m3 -mthumb -D__REDLIB__ -specs=redlib.specs -MMD -MP -MF"Drivers/USB/Core/HAL/LPC11UXX/HAL_LPC11Uxx.d" -MT"Drivers/USB/Core/HAL/LPC11UXX/HAL_LPC11Uxx.o" -MT"Drivers/USB/Core/HAL/LPC11UXX/HAL_LPC11Uxx.d" -o "Drivers/USB/Core/HAL/LPC11UXX/HAL_LPC11Uxx.o" "../Drivers/USB/Core/HAL/LPC11UXX/HAL_LPC11Uxx.c"
Finished building: ../Drivers/USB/Core/HAL/LPC11UXX/HAL_LPC11Uxx.c
 
Building file: ../Drivers/USB/Core/DCD/USBRom/usbd_adcuser.c
Invoking: MCU C Compiler
arm-none-eabi-gcc -D__LPC175X_6X__ -DCORE_M3 -DUSB_DEVICE_ONLY -D__REDLIB__ -D__CODE_RED -I"../../software/CMSIS/CMSIS/Include" -I"../../software/lpc_core/lpc_ip" -I"../../software/lpc_core/lpc_chip/chip_common" -I"../../software/lpc_core/lpc_chip/chip_17xx_40xx" -I"../../software/lpc_core/lpc_board/boards_17xx_40xx/nxp_xpresso_1769" -O0 -g3 -Wall -c -fmessage-length=0 -fno-builtin -ffunction-sections -fdata-sections -std=gnu99 -mcpu=cortex-m3 -mthumb -D__REDLIB__ -specs=redlib.specs -MMD -MP -MF"Drivers/USB/Core/DCD/USBRom/usbd_adcuser.d" -MT"Drivers/USB/Core/DCD/USBRom/usbd_adcuser.o" -MT"Drivers/USB/Core/DCD/USBRom/usbd_adcuser.d" -o "Drivers/USB/Core/DCD/USBRom/usbd_adcuser.o" "../Drivers/USB/Core/DCD/USBRom/usbd_adcuser.c"
Finished building: ../Drivers/USB/Core/DCD/USBRom/usbd_adcuser.c
 
Building file: ../Drivers/USB/Core/DCD/USBRom/usbd_cdc.c
Invoking: MCU C Compiler
arm-none-eabi-gcc -D__LPC175X_6X__ -DCORE_M3 -DUSB_DEVICE_ONLY -D__REDLIB__ -D__CODE_RED -I"../../software/CMSIS/CMSIS/Include" -I"../../software/lpc_core/lpc_ip" -I"../../software/lpc_core/lpc_chip/chip_common" -I"../../software/lpc_core/lpc_chip/chip_17xx_40xx" -I"../../software/lpc_core/lpc_board/boards_17xx_40xx/nxp_xpresso_1769" -O0 -g3 -Wall -c -fmessage-length=0 -fno-builtin -ffunction-sections -fdata-sections -std=gnu99 -mcpu=cortex-m3 -mthumb -D__REDLIB__ -specs=redlib.specs -MMD -MP -MF"Drivers/USB/Core/DCD/USBRom/usbd_cdc.d" -MT"Drivers/USB/Core/DCD/USBRom/usbd_cdc.o" -MT"Drivers/USB/Core/DCD/USBRom/usbd_cdc.d" -o "Drivers/USB/Core/DCD/USBRom/usbd_cdc.o" "../Drivers/USB/Core/DCD/USBRom/usbd_cdc.c"
Finished building: ../Drivers/USB/Core/DCD/USBRom/usbd_cdc.c
 
Building file: ../Drivers/USB/Core/DCD/USBRom/usbd_hid.c
Invoking: MCU C Compiler
arm-none-eabi-gcc -D__LPC175X_6X__ -DCORE_M3 -DUSB_DEVICE_ONLY -D__REDLIB__ -D__CODE_RED -I"../../software/CMSIS/CMSIS/Include" -I"../../software/lpc_core/lpc_ip" -I"../../software/lpc_core/lpc_chip/chip_common" -I"../../software/lpc_core/lpc_chip/chip_17xx_40xx" -I"../../software/lpc_core/lpc_board/boards_17xx_40xx/nxp_xpresso_1769" -O0 -g3 -Wall -c -fmessage-length=0 -fno-builtin -ffunction-sections -fdata-sections -std=gnu99 -mcpu=cortex-m3 -mthumb -D__REDLIB__ -specs=redlib.specs -MMD -MP -MF"Drivers/USB/Core/DCD/USBRom/usbd_hid.d" -MT"Drivers/USB/Core/DCD/USBRom/usbd_hid.o" -MT"Drivers/USB/Core/DCD/USBRom/usbd_hid.d" -o "Drivers/USB/Core/DCD/USBRom/usbd_hid.o" "../Drivers/USB/Core/DCD/USBRom/usbd_hid.c"
Finished building: ../Drivers/USB/Core/DCD/USBRom/usbd_hid.c
 
Building file: ../Drivers/USB/Core/DCD/USBRom/usbd_msc.c
Invoking: MCU C Compiler
arm-none-eabi-gcc -D__LPC175X_6X__ -DCORE_M3 -DUSB_DEVICE_ONLY -D__REDLIB__ -D__CODE_RED -I"../../software/CMSIS/CMSIS/Include" -I"../../software/lpc_core/lpc_ip" -I"../../software/lpc_core/lpc_chip/chip_common" -I"../../software/lpc_core/lpc_chip/chip_17xx_40xx" -I"../../software/lpc_core/lpc_board/boards_17xx_40xx/nxp_xpresso_1769" -O0 -g3 -Wall -c -fmessage-length=0 -fno-builtin -ffunction-sections -fdata-sections -std=gnu99 -mcpu=cortex-m3 -mthumb -D__REDLIB__ -specs=redlib.specs -MMD -MP -MF"Drivers/USB/Core/DCD/USBRom/usbd_msc.d" -MT"Drivers/USB/Core/DCD/USBRom/usbd_msc.o" -MT"Drivers/USB/Core/DCD/USBRom/usbd_msc.d" -o "Drivers/USB/Core/DCD/USBRom/usbd_msc.o" "../Drivers/USB/Core/DCD/USBRom/usbd_msc.c"
Finished building: ../Drivers/USB/Core/DCD/USBRom/usbd_msc.c
 
Building file: ../Drivers/USB/Core/DCD/USBRom/usbd_rom.c
Invoking: MCU C Compiler
arm-none-eabi-gcc -D__LPC175X_6X__ -DCORE_M3 -DUSB_DEVICE_ONLY -D__REDLIB__ -D__CODE_RED -I"../../software/CMSIS/CMSIS/Include" -I"../../software/lpc_core/lpc_ip" -I"../../software/lpc_core/lpc_chip/chip_common" -I"../../software/lpc_core/lpc_chip/chip_17xx_40xx" -I"../../software/lpc_core/lpc_board/boards_17xx_40xx/nxp_xpresso_1769" -O0 -g3 -Wall -c -fmessage-length=0 -fno-builtin -ffunction-sections -fdata-sections -std=gnu99 -mcpu=cortex-m3 -mthumb -D__REDLIB__ -specs=redlib.specs -MMD -MP -MF"Drivers/USB/Core/DCD/USBRom/usbd_rom.d" -MT"Drivers/USB/Core/DCD/USBRom/usbd_rom.o" -MT"Drivers/USB/Core/DCD/USBRom/usbd_rom.d" -o "Drivers/USB/Core/DCD/USBRom/usbd_rom.o" "../Drivers/USB/Core/DCD/USBRom/usbd_rom.c"
Finished building: ../Drivers/USB/Core/DCD/USBRom/usbd_rom.c
 
Building file: ../Drivers/USB/Core/DCD/LPC18XX/Endpoint_LPC18xx.c
Invoking: MCU C Compiler
arm-none-eabi-gcc -D__LPC175X_6X__ -DCORE_M3 -DUSB_DEVICE_ONLY -D__REDLIB__ -D__CODE_RED -I"../../software/CMSIS/CMSIS/Include" -I"../../software/lpc_core/lpc_ip" -I"../../software/lpc_core/lpc_chip/chip_common" -I"../../software/lpc_core/lpc_chip/chip_17xx_40xx" -I"../../software/lpc_core/lpc_board/boards_17xx_40xx/nxp_xpresso_1769" -O0 -g3 -Wall -c -fmessage-length=0 -fno-builtin -ffunction-sections -fdata-sections -std=gnu99 -mcpu=cortex-m3 -mthumb -D__REDLIB__ -specs=redlib.specs -MMD -MP -MF"Drivers/USB/Core/DCD/LPC18XX/Endpoint_LPC18xx.d" -MT"Drivers/USB/Core/DCD/LPC18XX/Endpoint_LPC18xx.o" -MT"Drivers/USB/Core/DCD/LPC18XX/Endpoint_LPC18xx.d" -o "Drivers/USB/Core/DCD/LPC18XX/Endpoint_LPC18xx.o" "../Drivers/USB/Core/DCD/LPC18XX/Endpoint_LPC18xx.c"
Finished building: ../Drivers/USB/Core/DCD/LPC18XX/Endpoint_LPC18xx.c
 
Building file: ../Drivers/USB/Core/DCD/LPC17XX/Endpoint_LPC17xx.c
Invoking: MCU C Compiler
arm-none-eabi-gcc -D__LPC175X_6X__ -DCORE_M3 -DUSB_DEVICE_ONLY -D__REDLIB__ -D__CODE_RED -I"../../software/CMSIS/CMSIS/Include" -I"../../software/lpc_core/lpc_ip" -I"../../software/lpc_core/lpc_chip/chip_common" -I"../../software/lpc_core/lpc_chip/chip_17xx_40xx" -I"../../software/lpc_core/lpc_board/boards_17xx_40xx/nxp_xpresso_1769" -O0 -g3 -Wall -c -fmessage-length=0 -fno-builtin -ffunction-sections -fdata-sections -std=gnu99 -mcpu=cortex-m3 -mthumb -D__REDLIB__ -specs=redlib.specs -MMD -MP -MF"Drivers/USB/Core/DCD/LPC17XX/Endpoint_LPC17xx.d" -MT"Drivers/USB/Core/DCD/LPC17XX/Endpoint_LPC17xx.o" -MT"Drivers/USB/Core/DCD/LPC17XX/Endpoint_LPC17xx.d" -o "Drivers/USB/Core/DCD/LPC17XX/Endpoint_LPC17xx.o" "../Drivers/USB/Core/DCD/LPC17XX/Endpoint_LPC17xx.c"
../Drivers/USB/Core/DCD/LPC17XX/Endpoint_LPC17xx.c: In function 'DcdIrqHandler':
../Drivers/USB/Core/DCD/LPC17XX/Endpoint_LPC17xx.c:466:21: warning: variable 'SIEErrorStatus' set but not used [-Wunused-but-set-variable]
   volatile uint32_t SIEErrorStatus;
                     ^
Finished building: ../Drivers/USB/Core/DCD/LPC17XX/Endpoint_LPC17xx.c
 
Building file: ../Drivers/USB/Core/DCD/LPC11UXX/Endpoint_LPC11Uxx.c
Invoking: MCU C Compiler
arm-none-eabi-gcc -D__LPC175X_6X__ -DCORE_M3 -DUSB_DEVICE_ONLY -D__REDLIB__ -D__CODE_RED -I"../../software/CMSIS/CMSIS/Include" -I"../../software/lpc_core/lpc_ip" -I"../../software/lpc_core/lpc_chip/chip_common" -I"../../software/lpc_core/lpc_chip/chip_17xx_40xx" -I"../../software/lpc_core/lpc_board/boards_17xx_40xx/nxp_xpresso_1769" -O0 -g3 -Wall -c -fmessage-length=0 -fno-builtin -ffunction-sections -fdata-sections -std=gnu99 -mcpu=cortex-m3 -mthumb -D__REDLIB__ -specs=redlib.specs -MMD -MP -MF"Drivers/USB/Core/DCD/LPC11UXX/Endpoint_LPC11Uxx.d" -MT"Drivers/USB/Core/DCD/LPC11UXX/Endpoint_LPC11Uxx.o" -MT"Drivers/USB/Core/DCD/LPC11UXX/Endpoint_LPC11Uxx.d" -o "Drivers/USB/Core/DCD/LPC11UXX/Endpoint_LPC11Uxx.o" "../Drivers/USB/Core/DCD/LPC11UXX/Endpoint_LPC11Uxx.c"
Finished building: ../Drivers/USB/Core/DCD/LPC11UXX/Endpoint_LPC11Uxx.c
 
Building file: ../Drivers/USB/Core/ConfigDescriptor.c
Invoking: MCU C Compiler
arm-none-eabi-gcc -D__LPC175X_6X__ -DCORE_M3 -DUSB_DEVICE_ONLY -D__REDLIB__ -D__CODE_RED -I"../../software/CMSIS/CMSIS/Include" -I"../../software/lpc_core/lpc_ip" -I"../../software/lpc_core/lpc_chip/chip_common" -I"../../software/lpc_core/lpc_chip/chip_17xx_40xx" -I"../../software/lpc_core/lpc_board/boards_17xx_40xx/nxp_xpresso_1769" -O0 -g3 -Wall -c -fmessage-length=0 -fno-builtin -ffunction-sections -fdata-sections -std=gnu99 -mcpu=cortex-m3 -mthumb -D__REDLIB__ -specs=redlib.specs -MMD -MP -MF"Drivers/USB/Core/ConfigDescriptor.d" -MT"Drivers/USB/Core/ConfigDescriptor.o" -MT"Drivers/USB/Core/ConfigDescriptor.d" -o "Drivers/USB/Core/ConfigDescriptor.o" "../Drivers/USB/Core/ConfigDescriptor.c"
Finished building: ../Drivers/USB/Core/ConfigDescriptor.c
 
Building file: ../Drivers/USB/Core/Device.c
Invoking: MCU C Compiler
arm-none-eabi-gcc -D__LPC175X_6X__ -DCORE_M3 -DUSB_DEVICE_ONLY -D__REDLIB__ -D__CODE_RED -I"../../software/CMSIS/CMSIS/Include" -I"../../software/lpc_core/lpc_ip" -I"../../software/lpc_core/lpc_chip/chip_common" -I"../../software/lpc_core/lpc_chip/chip_17xx_40xx" -I"../../software/lpc_core/lpc_board/boards_17xx_40xx/nxp_xpresso_1769" -O0 -g3 -Wall -c -fmessage-length=0 -fno-builtin -ffunction-sections -fdata-sections -std=gnu99 -mcpu=cortex-m3 -mthumb -D__REDLIB__ -specs=redlib.specs -MMD -MP -MF"Drivers/USB/Core/Device.d" -MT"Drivers/USB/Core/Device.o" -MT"Drivers/USB/Core/Device.d" -o "Drivers/USB/Core/Device.o" "../Drivers/USB/Core/Device.c"
Finished building: ../Drivers/USB/Core/Device.c
 
Building file: ../Drivers/USB/Core/DeviceStandardReq.c
Invoking: MCU C Compiler
arm-none-eabi-gcc -D__LPC175X_6X__ -DCORE_M3 -DUSB_DEVICE_ONLY -D__REDLIB__ -D__CODE_RED -I"../../software/CMSIS/CMSIS/Include" -I"../../software/lpc_core/lpc_ip" -I"../../software/lpc_core/lpc_chip/chip_common" -I"../../software/lpc_core/lpc_chip/chip_17xx_40xx" -I"../../software/lpc_core/lpc_board/boards_17xx_40xx/nxp_xpresso_1769" -O0 -g3 -Wall -c -fmessage-length=0 -fno-builtin -ffunction-sections -fdata-sections -std=gnu99 -mcpu=cortex-m3 -mthumb -D__REDLIB__ -specs=redlib.specs -MMD -MP -MF"Drivers/USB/Core/DeviceStandardReq.d" -MT"Drivers/USB/Core/DeviceStandardReq.o" -MT"Drivers/USB/Core/DeviceStandardReq.d" -o "Drivers/USB/Core/DeviceStandardReq.o" "../Drivers/USB/Core/DeviceStandardReq.c"
Finished building: ../Drivers/USB/Core/DeviceStandardReq.c
 
Building file: ../Drivers/USB/Core/Endpoint.c
Invoking: MCU C Compiler
arm-none-eabi-gcc -D__LPC175X_6X__ -DCORE_M3 -DUSB_DEVICE_ONLY -D__REDLIB__ -D__CODE_RED -I"../../software/CMSIS/CMSIS/Include" -I"../../software/lpc_core/lpc_ip" -I"../../software/lpc_core/lpc_chip/chip_common" -I"../../software/lpc_core/lpc_chip/chip_17xx_40xx" -I"../../software/lpc_core/lpc_board/boards_17xx_40xx/nxp_xpresso_1769" -O0 -g3 -Wall -c -fmessage-length=0 -fno-builtin -ffunction-sections -fdata-sections -std=gnu99 -mcpu=cortex-m3 -mthumb -D__REDLIB__ -specs=redlib.specs -MMD -MP -MF"Drivers/USB/Core/Endpoint.d" -MT"Drivers/USB/Core/Endpoint.o" -MT"Drivers/USB/Core/Endpoint.d" -o "Drivers/USB/Core/Endpoint.o" "../Drivers/USB/Core/Endpoint.c"
Finished building: ../Drivers/USB/Core/Endpoint.c
 
Building file: ../Drivers/USB/Core/EndpointStream.c
Invoking: MCU C Compiler
arm-none-eabi-gcc -D__LPC175X_6X__ -DCORE_M3 -DUSB_DEVICE_ONLY -D__REDLIB__ -D__CODE_RED -I"../../software/CMSIS/CMSIS/Include" -I"../../software/lpc_core/lpc_ip" -I"../../software/lpc_core/lpc_chip/chip_common" -I"../../software/lpc_core/lpc_chip/chip_17xx_40xx" -I"../../software/lpc_core/lpc_board/boards_17xx_40xx/nxp_xpresso_1769" -O0 -g3 -Wall -c -fmessage-length=0 -fno-builtin -ffunction-sections -fdata-sections -std=gnu99 -mcpu=cortex-m3 -mthumb -D__REDLIB__ -specs=redlib.specs -MMD -MP -MF"Drivers/USB/Core/EndpointStream.d" -MT"Drivers/USB/Core/EndpointStream.o" -MT"Drivers/USB/Core/EndpointStream.d" -o "Drivers/USB/Core/EndpointStream.o" "../Drivers/USB/Core/EndpointStream.c"
Finished building: ../Drivers/USB/Core/EndpointStream.c
 
Building file: ../Drivers/USB/Core/Events.c
Invoking: MCU C Compiler
arm-none-eabi-gcc -D__LPC175X_6X__ -DCORE_M3 -DUSB_DEVICE_ONLY -D__REDLIB__ -D__CODE_RED -I"../../software/CMSIS/CMSIS/Include" -I"../../software/lpc_core/lpc_ip" -I"../../software/lpc_core/lpc_chip/chip_common" -I"../../software/lpc_core/lpc_chip/chip_17xx_40xx" -I"../../software/lpc_core/lpc_board/boards_17xx_40xx/nxp_xpresso_1769" -O0 -g3 -Wall -c -fmessage-length=0 -fno-builtin -ffunction-sections -fdata-sections -std=gnu99 -mcpu=cortex-m3 -mthumb -D__REDLIB__ -specs=redlib.specs -MMD -MP -MF"Drivers/USB/Core/Events.d" -MT"Drivers/USB/Core/Events.o" -MT"Drivers/USB/Core/Events.d" -o "Drivers/USB/Core/Events.o" "../Drivers/USB/Core/Events.c"
Finished building: ../Drivers/USB/Core/Events.c
 
Building file: ../Drivers/USB/Core/Host.c
Invoking: MCU C Compiler
arm-none-eabi-gcc -D__LPC175X_6X__ -DCORE_M3 -DUSB_DEVICE_ONLY -D__REDLIB__ -D__CODE_RED -I"../../software/CMSIS/CMSIS/Include" -I"../../software/lpc_core/lpc_ip" -I"../../software/lpc_core/lpc_chip/chip_common" -I"../../software/lpc_core/lpc_chip/chip_17xx_40xx" -I"../../software/lpc_core/lpc_board/boards_17xx_40xx/nxp_xpresso_1769" -O0 -g3 -Wall -c -fmessage-length=0 -fno-builtin -ffunction-sections -fdata-sections -std=gnu99 -mcpu=cortex-m3 -mthumb -D__REDLIB__ -specs=redlib.specs -MMD -MP -MF"Drivers/USB/Core/Host.d" -MT"Drivers/USB/Core/Host.o" -MT"Drivers/USB/Core/Host.d" -o "Drivers/USB/Core/Host.o" "../Drivers/USB/Core/Host.c"
Finished building: ../Drivers/USB/Core/Host.c
 
Building file: ../Drivers/USB/Core/HostStandardReq.c
Invoking: MCU C Compiler
arm-none-eabi-gcc -D__LPC175X_6X__ -DCORE_M3 -DUSB_DEVICE_ONLY -D__REDLIB__ -D__CODE_RED -I"../../software/CMSIS/CMSIS/Include" -I"../../software/lpc_core/lpc_ip" -I"../../software/lpc_core/lpc_chip/chip_common" -I"../../software/lpc_core/lpc_chip/chip_17xx_40xx" -I"../../software/lpc_core/lpc_board/boards_17xx_40xx/nxp_xpresso_1769" -O0 -g3 -Wall -c -fmessage-length=0 -fno-builtin -ffunction-sections -fdata-sections -std=gnu99 -mcpu=cortex-m3 -mthumb -D__REDLIB__ -specs=redlib.specs -MMD -MP -MF"Drivers/USB/Core/HostStandardReq.d" -MT"Drivers/USB/Core/HostStandardReq.o" -MT"Drivers/USB/Core/HostStandardReq.d" -o "Drivers/USB/Core/HostStandardReq.o" "../Drivers/USB/Core/HostStandardReq.c"
Finished building: ../Drivers/USB/Core/HostStandardReq.c
 
Building file: ../Drivers/USB/Core/Pipe.c
Invoking: MCU C Compiler
arm-none-eabi-gcc -D__LPC175X_6X__ -DCORE_M3 -DUSB_DEVICE_ONLY -D__REDLIB__ -D__CODE_RED -I"../../software/CMSIS/CMSIS/Include" -I"../../software/lpc_core/lpc_ip" -I"../../software/lpc_core/lpc_chip/chip_common" -I"../../software/lpc_core/lpc_chip/chip_17xx_40xx" -I"../../software/lpc_core/lpc_board/boards_17xx_40xx/nxp_xpresso_1769" -O0 -g3 -Wall -c -fmessage-length=0 -fno-builtin -ffunction-sections -fdata-sections -std=gnu99 -mcpu=cortex-m3 -mthumb -D__REDLIB__ -specs=redlib.specs -MMD -MP -MF"Drivers/USB/Core/Pipe.d" -MT"Drivers/USB/Core/Pipe.o" -MT"Drivers/USB/Core/Pipe.d" -o "Drivers/USB/Core/Pipe.o" "../Drivers/USB/Core/Pipe.c"
Finished building: ../Drivers/USB/Core/Pipe.c
 
Building file: ../Drivers/USB/Core/PipeStream.c
Invoking: MCU C Compiler
arm-none-eabi-gcc -D__LPC175X_6X__ -DCORE_M3 -DUSB_DEVICE_ONLY -D__REDLIB__ -D__CODE_RED -I"../../software/CMSIS/CMSIS/Include" -I"../../software/lpc_core/lpc_ip" -I"../../software/lpc_core/lpc_chip/chip_common" -I"../../software/lpc_core/lpc_chip/chip_17xx_40xx" -I"../../software/lpc_core/lpc_board/boards_17xx_40xx/nxp_xpresso_1769" -O0 -g3 -Wall -c -fmessage-length=0 -fno-builtin -ffunction-sections -fdata-sections -std=gnu99 -mcpu=cortex-m3 -mthumb -D__REDLIB__ -specs=redlib.specs -MMD -MP -MF"Drivers/USB/Core/PipeStream.d" -MT"Drivers/USB/Core/PipeStream.o" -MT"Drivers/USB/Core/PipeStream.d" -o "Drivers/USB/Core/PipeStream.o" "../Drivers/USB/Core/PipeStream.c"
Finished building: ../Drivers/USB/Core/PipeStream.c
 
Building file: ../Drivers/USB/Core/USBController.c
Invoking: MCU C Compiler
arm-none-eabi-gcc -D__LPC175X_6X__ -DCORE_M3 -DUSB_DEVICE_ONLY -D__REDLIB__ -D__CODE_RED -I"../../software/CMSIS/CMSIS/Include" -I"../../software/lpc_core/lpc_ip" -I"../../software/lpc_core/lpc_chip/chip_common" -I"../../software/lpc_core/lpc_chip/chip_17xx_40xx" -I"../../software/lpc_core/lpc_board/boards_17xx_40xx/nxp_xpresso_1769" -O0 -g3 -Wall -c -fmessage-length=0 -fno-builtin -ffunction-sections -fdata-sections -std=gnu99 -mcpu=cortex-m3 -mthumb -D__REDLIB__ -specs=redlib.specs -MMD -MP -MF"Drivers/USB/Core/USBController.d" -MT"Drivers/USB/Core/USBController.o" -MT"Drivers/USB/Core/USBController.d" -o "Drivers/USB/Core/USBController.o" "../Drivers/USB/Core/USBController.c"
Finished building: ../Drivers/USB/Core/USBController.c
 
Building file: ../Drivers/USB/Core/USBMemory.c
Invoking: MCU C Compiler
arm-none-eabi-gcc -D__LPC175X_6X__ -DCORE_M3 -DUSB_DEVICE_ONLY -D__REDLIB__ -D__CODE_RED -I"../../software/CMSIS/CMSIS/Include" -I"../../software/lpc_core/lpc_ip" -I"../../software/lpc_core/lpc_chip/chip_common" -I"../../software/lpc_core/lpc_chip/chip_17xx_40xx" -I"../../software/lpc_core/lpc_board/boards_17xx_40xx/nxp_xpresso_1769" -O0 -g3 -Wall -c -fmessage-length=0 -fno-builtin -ffunction-sections -fdata-sections -std=gnu99 -mcpu=cortex-m3 -mthumb -D__REDLIB__ -specs=redlib.specs -MMD -MP -MF"Drivers/USB/Core/USBMemory.d" -MT"Drivers/USB/Core/USBMemory.o" -MT"Drivers/USB/Core/USBMemory.d" -o "Drivers/USB/Core/USBMemory.o" "../Drivers/USB/Core/USBMemory.c"
Finished building: ../Drivers/USB/Core/USBMemory.c
 
Building file: ../Drivers/USB/Core/USBTask.c
Invoking: MCU C Compiler
arm-none-eabi-gcc -D__LPC175X_6X__ -DCORE_M3 -DUSB_DEVICE_ONLY -D__REDLIB__ -D__CODE_RED -I"../../software/CMSIS/CMSIS/Include" -I"../../software/lpc_core/lpc_ip" -I"../../software/lpc_core/lpc_chip/chip_common" -I"../../software/lpc_core/lpc_chip/chip_17xx_40xx" -I"../../software/lpc_core/lpc_board/boards_17xx_40xx/nxp_xpresso_1769" -O0 -g3 -Wall -c -fmessage-length=0 -fno-builtin -ffunction-sections -fdata-sections -std=gnu99 -mcpu=cortex-m3 -mthumb -D__REDLIB__ -specs=redlib.specs -MMD -MP -MF"Drivers/USB/Core/USBTask.d" -MT"Drivers/USB/Core/USBTask.o" -MT"Drivers/USB/Core/USBTask.d" -o "Drivers/USB/Core/USBTask.o" "../Drivers/USB/Core/USBTask.c"
Finished building: ../Drivers/USB/Core/USBTask.c
 
Building file: ../Drivers/USB/Class/Host/AudioClassHost.c
Invoking: MCU C Compiler
arm-none-eabi-gcc -D__LPC175X_6X__ -DCORE_M3 -DUSB_DEVICE_ONLY -D__REDLIB__ -D__CODE_RED -I"../../software/CMSIS/CMSIS/Include" -I"../../software/lpc_core/lpc_ip" -I"../../software/lpc_core/lpc_chip/chip_common" -I"../../software/lpc_core/lpc_chip/chip_17xx_40xx" -I"../../software/lpc_core/lpc_board/boards_17xx_40xx/nxp_xpresso_1769" -O0 -g3 -Wall -c -fmessage-length=0 -fno-builtin -ffunction-sections -fdata-sections -std=gnu99 -mcpu=cortex-m3 -mthumb -D__REDLIB__ -specs=redlib.specs -MMD -MP -MF"Drivers/USB/Class/Host/AudioClassHost.d" -MT"Drivers/USB/Class/Host/AudioClassHost.o" -MT"Drivers/USB/Class/Host/AudioClassHost.d" -o "Drivers/USB/Class/Host/AudioClassHost.o" "../Drivers/USB/Class/Host/AudioClassHost.c"
Finished building: ../Drivers/USB/Class/Host/AudioClassHost.c
 
Building file: ../Drivers/USB/Class/Host/CDCClassHost.c
Invoking: MCU C Compiler
arm-none-eabi-gcc -D__LPC175X_6X__ -DCORE_M3 -DUSB_DEVICE_ONLY -D__REDLIB__ -D__CODE_RED -I"../../software/CMSIS/CMSIS/Include" -I"../../software/lpc_core/lpc_ip" -I"../../software/lpc_core/lpc_chip/chip_common" -I"../../software/lpc_core/lpc_chip/chip_17xx_40xx" -I"../../software/lpc_core/lpc_board/boards_17xx_40xx/nxp_xpresso_1769" -O0 -g3 -Wall -c -fmessage-length=0 -fno-builtin -ffunction-sections -fdata-sections -std=gnu99 -mcpu=cortex-m3 -mthumb -D__REDLIB__ -specs=redlib.specs -MMD -MP -MF"Drivers/USB/Class/Host/CDCClassHost.d" -MT"Drivers/USB/Class/Host/CDCClassHost.o" -MT"Drivers/USB/Class/Host/CDCClassHost.d" -o "Drivers/USB/Class/Host/CDCClassHost.o" "../Drivers/USB/Class/Host/CDCClassHost.c"
Finished building: ../Drivers/USB/Class/Host/CDCClassHost.c
 
Building file: ../Drivers/USB/Class/Host/HIDClassHost.c
Invoking: MCU C Compiler
arm-none-eabi-gcc -D__LPC175X_6X__ -DCORE_M3 -DUSB_DEVICE_ONLY -D__REDLIB__ -D__CODE_RED -I"../../software/CMSIS/CMSIS/Include" -I"../../software/lpc_core/lpc_ip" -I"../../software/lpc_core/lpc_chip/chip_common" -I"../../software/lpc_core/lpc_chip/chip_17xx_40xx" -I"../../software/lpc_core/lpc_board/boards_17xx_40xx/nxp_xpresso_1769" -O0 -g3 -Wall -c -fmessage-length=0 -fno-builtin -ffunction-sections -fdata-sections -std=gnu99 -mcpu=cortex-m3 -mthumb -D__REDLIB__ -specs=redlib.specs -MMD -MP -MF"Drivers/USB/Class/Host/HIDClassHost.d" -MT"Drivers/USB/Class/Host/HIDClassHost.o" -MT"Drivers/USB/Class/Host/HIDClassHost.d" -o "Drivers/USB/Class/Host/HIDClassHost.o" "../Drivers/USB/Class/Host/HIDClassHost.c"
Finished building: ../Drivers/USB/Class/Host/HIDClassHost.c
 
Building file: ../Drivers/USB/Class/Host/MIDIClassHost.c
Invoking: MCU C Compiler
arm-none-eabi-gcc -D__LPC175X_6X__ -DCORE_M3 -DUSB_DEVICE_ONLY -D__REDLIB__ -D__CODE_RED -I"../../software/CMSIS/CMSIS/Include" -I"../../software/lpc_core/lpc_ip" -I"../../software/lpc_core/lpc_chip/chip_common" -I"../../software/lpc_core/lpc_chip/chip_17xx_40xx" -I"../../software/lpc_core/lpc_board/boards_17xx_40xx/nxp_xpresso_1769" -O0 -g3 -Wall -c -fmessage-length=0 -fno-builtin -ffunction-sections -fdata-sections -std=gnu99 -mcpu=cortex-m3 -mthumb -D__REDLIB__ -specs=redlib.specs -MMD -MP -MF"Drivers/USB/Class/Host/MIDIClassHost.d" -MT"Drivers/USB/Class/Host/MIDIClassHost.o" -MT"Drivers/USB/Class/Host/MIDIClassHost.d" -o "Drivers/USB/Class/Host/MIDIClassHost.o" "../Drivers/USB/Class/Host/MIDIClassHost.c"
Finished building: ../Drivers/USB/Class/Host/MIDIClassHost.c
 
Building file: ../Drivers/USB/Class/Host/MassStorageClassHost.c
Invoking: MCU C Compiler
arm-none-eabi-gcc -D__LPC175X_6X__ -DCORE_M3 -DUSB_DEVICE_ONLY -D__REDLIB__ -D__CODE_RED -I"../../software/CMSIS/CMSIS/Include" -I"../../software/lpc_core/lpc_ip" -I"../../software/lpc_core/lpc_chip/chip_common" -I"../../software/lpc_core/lpc_chip/chip_17xx_40xx" -I"../../software/lpc_core/lpc_board/boards_17xx_40xx/nxp_xpresso_1769" -O0 -g3 -Wall -c -fmessage-length=0 -fno-builtin -ffunction-sections -fdata-sections -std=gnu99 -mcpu=cortex-m3 -mthumb -D__REDLIB__ -specs=redlib.specs -MMD -MP -MF"Drivers/USB/Class/Host/MassStorageClassHost.d" -MT"Drivers/USB/Class/Host/MassStorageClassHost.o" -MT"Drivers/USB/Class/Host/MassStorageClassHost.d" -o "Drivers/USB/Class/Host/MassStorageClassHost.o" "../Drivers/USB/Class/Host/MassStorageClassHost.c"
Finished building: ../Drivers/USB/Class/Host/MassStorageClassHost.c
 
Building file: ../Drivers/USB/Class/Host/PrinterClassHost.c
Invoking: MCU C Compiler
arm-none-eabi-gcc -D__LPC175X_6X__ -DCORE_M3 -DUSB_DEVICE_ONLY -D__REDLIB__ -D__CODE_RED -I"../../software/CMSIS/CMSIS/Include" -I"../../software/lpc_core/lpc_ip" -I"../../software/lpc_core/lpc_chip/chip_common" -I"../../software/lpc_core/lpc_chip/chip_17xx_40xx" -I"../../software/lpc_core/lpc_board/boards_17xx_40xx/nxp_xpresso_1769" -O0 -g3 -Wall -c -fmessage-length=0 -fno-builtin -ffunction-sections -fdata-sections -std=gnu99 -mcpu=cortex-m3 -mthumb -D__REDLIB__ -specs=redlib.specs -MMD -MP -MF"Drivers/USB/Class/Host/PrinterClassHost.d" -MT"Drivers/USB/Class/Host/PrinterClassHost.o" -MT"Drivers/USB/Class/Host/PrinterClassHost.d" -o "Drivers/USB/Class/Host/PrinterClassHost.o" "../Drivers/USB/Class/Host/PrinterClassHost.c"
Finished building: ../Drivers/USB/Class/Host/PrinterClassHost.c
 
Building file: ../Drivers/USB/Class/Host/RNDISClassHost.c
Invoking: MCU C Compiler
arm-none-eabi-gcc -D__LPC175X_6X__ -DCORE_M3 -DUSB_DEVICE_ONLY -D__REDLIB__ -D__CODE_RED -I"../../software/CMSIS/CMSIS/Include" -I"../../software/lpc_core/lpc_ip" -I"../../software/lpc_core/lpc_chip/chip_common" -I"../../software/lpc_core/lpc_chip/chip_17xx_40xx" -I"../../software/lpc_core/lpc_board/boards_17xx_40xx/nxp_xpresso_1769" -O0 -g3 -Wall -c -fmessage-length=0 -fno-builtin -ffunction-sections -fdata-sections -std=gnu99 -mcpu=cortex-m3 -mthumb -D__REDLIB__ -specs=redlib.specs -MMD -MP -MF"Drivers/USB/Class/Host/RNDISClassHost.d" -MT"Drivers/USB/Class/Host/RNDISClassHost.o" -MT"Drivers/USB/Class/Host/RNDISClassHost.d" -o "Drivers/USB/Class/Host/RNDISClassHost.o" "../Drivers/USB/Class/Host/RNDISClassHost.c"
Finished building: ../Drivers/USB/Class/Host/RNDISClassHost.c
 
Building file: ../Drivers/USB/Class/Host/StillImageClassHost.c
Invoking: MCU C Compiler
arm-none-eabi-gcc -D__LPC175X_6X__ -DCORE_M3 -DUSB_DEVICE_ONLY -D__REDLIB__ -D__CODE_RED -I"../../software/CMSIS/CMSIS/Include" -I"../../software/lpc_core/lpc_ip" -I"../../software/lpc_core/lpc_chip/chip_common" -I"../../software/lpc_core/lpc_chip/chip_17xx_40xx" -I"../../software/lpc_core/lpc_board/boards_17xx_40xx/nxp_xpresso_1769" -O0 -g3 -Wall -c -fmessage-length=0 -fno-builtin -ffunction-sections -fdata-sections -std=gnu99 -mcpu=cortex-m3 -mthumb -D__REDLIB__ -specs=redlib.specs -MMD -MP -MF"Drivers/USB/Class/Host/StillImageClassHost.d" -MT"Drivers/USB/Class/Host/StillImageClassHost.o" -MT"Drivers/USB/Class/Host/StillImageClassHost.d" -o "Drivers/USB/Class/Host/StillImageClassHost.o" "../Drivers/USB/Class/Host/StillImageClassHost.c"
Finished building: ../Drivers/USB/Class/Host/StillImageClassHost.c
 
Building file: ../Drivers/USB/Class/Device/AudioClassDevice.c
Invoking: MCU C Compiler
arm-none-eabi-gcc -D__LPC175X_6X__ -DCORE_M3 -DUSB_DEVICE_ONLY -D__REDLIB__ -D__CODE_RED -I"../../software/CMSIS/CMSIS/Include" -I"../../software/lpc_core/lpc_ip" -I"../../software/lpc_core/lpc_chip/chip_common" -I"../../software/lpc_core/lpc_chip/chip_17xx_40xx" -I"../../software/lpc_core/lpc_board/boards_17xx_40xx/nxp_xpresso_1769" -O0 -g3 -Wall -c -fmessage-length=0 -fno-builtin -ffunction-sections -fdata-sections -std=gnu99 -mcpu=cortex-m3 -mthumb -D__REDLIB__ -specs=redlib.specs -MMD -MP -MF"Drivers/USB/Class/Device/AudioClassDevice.d" -MT"Drivers/USB/Class/Device/AudioClassDevice.o" -MT"Drivers/USB/Class/Device/AudioClassDevice.d" -o "Drivers/USB/Class/Device/AudioClassDevice.o" "../Drivers/USB/Class/Device/AudioClassDevice.c"
Finished building: ../Drivers/USB/Class/Device/AudioClassDevice.c
 
Building file: ../Drivers/USB/Class/Device/CDCClassDevice.c
Invoking: MCU C Compiler
arm-none-eabi-gcc -D__LPC175X_6X__ -DCORE_M3 -DUSB_DEVICE_ONLY -D__REDLIB__ -D__CODE_RED -I"../../software/CMSIS/CMSIS/Include" -I"../../software/lpc_core/lpc_ip" -I"../../software/lpc_core/lpc_chip/chip_common" -I"../../software/lpc_core/lpc_chip/chip_17xx_40xx" -I"../../software/lpc_core/lpc_board/boards_17xx_40xx/nxp_xpresso_1769" -O0 -g3 -Wall -c -fmessage-length=0 -fno-builtin -ffunction-sections -fdata-sections -std=gnu99 -mcpu=cortex-m3 -mthumb -D__REDLIB__ -specs=redlib.specs -MMD -MP -MF"Drivers/USB/Class/Device/CDCClassDevice.d" -MT"Drivers/USB/Class/Device/CDCClassDevice.o" -MT"Drivers/USB/Class/Device/CDCClassDevice.d" -o "Drivers/USB/Class/Device/CDCClassDevice.o" "../Drivers/USB/Class/Device/CDCClassDevice.c"
Finished building: ../Drivers/USB/Class/Device/CDCClassDevice.c
 
Building file: ../Drivers/USB/Class/Device/HIDClassDevice.c
Invoking: MCU C Compiler
arm-none-eabi-gcc -D__LPC175X_6X__ -DCORE_M3 -DUSB_DEVICE_ONLY -D__REDLIB__ -D__CODE_RED -I"../../software/CMSIS/CMSIS/Include" -I"../../software/lpc_core/lpc_ip" -I"../../software/lpc_core/lpc_chip/chip_common" -I"../../software/lpc_core/lpc_chip/chip_17xx_40xx" -I"../../software/lpc_core/lpc_board/boards_17xx_40xx/nxp_xpresso_1769" -O0 -g3 -Wall -c -fmessage-length=0 -fno-builtin -ffunction-sections -fdata-sections -std=gnu99 -mcpu=cortex-m3 -mthumb -D__REDLIB__ -specs=redlib.specs -MMD -MP -MF"Drivers/USB/Class/Device/HIDClassDevice.d" -MT"Drivers/USB/Class/Device/HIDClassDevice.o" -MT"Drivers/USB/Class/Device/HIDClassDevice.d" -o "Drivers/USB/Class/Device/HIDClassDevice.o" "../Drivers/USB/Class/Device/HIDClassDevice.c"
Finished building: ../Drivers/USB/Class/Device/HIDClassDevice.c
 
Building file: ../Drivers/USB/Class/Device/MIDIClassDevice.c
Invoking: MCU C Compiler
arm-none-eabi-gcc -D__LPC175X_6X__ -DCORE_M3 -DUSB_DEVICE_ONLY -D__REDLIB__ -D__CODE_RED -I"../../software/CMSIS/CMSIS/Include" -I"../../software/lpc_core/lpc_ip" -I"../../software/lpc_core/lpc_chip/chip_common" -I"../../software/lpc_core/lpc_chip/chip_17xx_40xx" -I"../../software/lpc_core/lpc_board/boards_17xx_40xx/nxp_xpresso_1769" -O0 -g3 -Wall -c -fmessage-length=0 -fno-builtin -ffunction-sections -fdata-sections -std=gnu99 -mcpu=cortex-m3 -mthumb -D__REDLIB__ -specs=redlib.specs -MMD -MP -MF"Drivers/USB/Class/Device/MIDIClassDevice.d" -MT"Drivers/USB/Class/Device/MIDIClassDevice.o" -MT"Drivers/USB/Class/Device/MIDIClassDevice.d" -o "Drivers/USB/Class/Device/MIDIClassDevice.o" "../Drivers/USB/Class/Device/MIDIClassDevice.c"
Finished building: ../Drivers/USB/Class/Device/MIDIClassDevice.c
 
Building file: ../Drivers/USB/Class/Device/MassStorageClassDevice.c
Invoking: MCU C Compiler
arm-none-eabi-gcc -D__LPC175X_6X__ -DCORE_M3 -DUSB_DEVICE_ONLY -D__REDLIB__ -D__CODE_RED -I"../../software/CMSIS/CMSIS/Include" -I"../../software/lpc_core/lpc_ip" -I"../../software/lpc_core/lpc_chip/chip_common" -I"../../software/lpc_core/lpc_chip/chip_17xx_40xx" -I"../../software/lpc_core/lpc_board/boards_17xx_40xx/nxp_xpresso_1769" -O0 -g3 -Wall -c -fmessage-length=0 -fno-builtin -ffunction-sections -fdata-sections -std=gnu99 -mcpu=cortex-m3 -mthumb -D__REDLIB__ -specs=redlib.specs -MMD -MP -MF"Drivers/USB/Class/Device/MassStorageClassDevice.d" -MT"Drivers/USB/Class/Device/MassStorageClassDevice.o" -MT"Drivers/USB/Class/Device/MassStorageClassDevice.d" -o "Drivers/USB/Class/Device/MassStorageClassDevice.o" "../Drivers/USB/Class/Device/MassStorageClassDevice.c"
Finished building: ../Drivers/USB/Class/Device/MassStorageClassDevice.c
 
Building file: ../Drivers/USB/Class/Device/RNDISClassDevice.c
Invoking: MCU C Compiler
arm-none-eabi-gcc -D__LPC175X_6X__ -DCORE_M3 -DUSB_DEVICE_ONLY -D__REDLIB__ -D__CODE_RED -I"../../software/CMSIS/CMSIS/Include" -I"../../software/lpc_core/lpc_ip" -I"../../software/lpc_core/lpc_chip/chip_common" -I"../../software/lpc_core/lpc_chip/chip_17xx_40xx" -I"../../software/lpc_core/lpc_board/boards_17xx_40xx/nxp_xpresso_1769" -O0 -g3 -Wall -c -fmessage-length=0 -fno-builtin -ffunction-sections -fdata-sections -std=gnu99 -mcpu=cortex-m3 -mthumb -D__REDLIB__ -specs=redlib.specs -MMD -MP -MF"Drivers/USB/Class/Device/RNDISClassDevice.d" -MT"Drivers/USB/Class/Device/RNDISClassDevice.o" -MT"Drivers/USB/Class/Device/RNDISClassDevice.d" -o "Drivers/USB/Class/Device/RNDISClassDevice.o" "../Drivers/USB/Class/Device/RNDISClassDevice.c"
Finished building: ../Drivers/USB/Class/Device/RNDISClassDevice.c
 
Building file: ../Drivers/USB/Class/Common/HIDParser.c
Invoking: MCU C Compiler
arm-none-eabi-gcc -D__LPC175X_6X__ -DCORE_M3 -DUSB_DEVICE_ONLY -D__REDLIB__ -D__CODE_RED -I"../../software/CMSIS/CMSIS/Include" -I"../../software/lpc_core/lpc_ip" -I"../../software/lpc_core/lpc_chip/chip_common" -I"../../software/lpc_core/lpc_chip/chip_17xx_40xx" -I"../../software/lpc_core/lpc_board/boards_17xx_40xx/nxp_xpresso_1769" -O0 -g3 -Wall -c -fmessage-length=0 -fno-builtin -ffunction-sections -fdata-sections -std=gnu99 -mcpu=cortex-m3 -mthumb -D__REDLIB__ -specs=redlib.specs -MMD -MP -MF"Drivers/USB/Class/Common/HIDParser.d" -MT"Drivers/USB/Class/Common/HIDParser.o" -MT"Drivers/USB/Class/Common/HIDParser.d" -o "Drivers/USB/Class/Common/HIDParser.o" "../Drivers/USB/Class/Common/HIDParser.c"
Finished building: ../Drivers/USB/Class/Common/HIDParser.c
 
Building target: libnxp_xpresso_1769_usblib_device.a
Invoking: MCU Archiver
arm-none-eabi-ar -r  "libnxp_xpresso_1769_usblib_device.a"  ./Drivers/USB/Core/HCD/OHCI/OHCI.o  ./Drivers/USB/Core/HCD/EHCI/EHCI.o  ./Drivers/USB/Core/HCD/HCD.o  ./Drivers/USB/Core/HAL/LPC17XX/HAL_LPC17xx.o  ./Drivers/USB/Core/HAL/LPC11UXX/HAL_LPC11Uxx.o  ./Drivers/USB/Core/DCD/USBRom/usbd_adcuser.o ./Drivers/USB/Core/DCD/USBRom/usbd_cdc.o ./Drivers/USB/Core/DCD/USBRom/usbd_hid.o ./Drivers/USB/Core/DCD/USBRom/usbd_msc.o ./Drivers/USB/Core/DCD/USBRom/usbd_rom.o  ./Drivers/USB/Core/DCD/LPC18XX/Endpoint_LPC18xx.o  ./Drivers/USB/Core/DCD/LPC17XX/Endpoint_LPC17xx.o  ./Drivers/USB/Core/DCD/LPC11UXX/Endpoint_LPC11Uxx.o  ./Drivers/USB/Core/ConfigDescriptor.o ./Drivers/USB/Core/Device.o ./Drivers/USB/Core/DeviceStandardReq.o ./Drivers/USB/Core/Endpoint.o ./Drivers/USB/Core/EndpointStream.o ./Drivers/USB/Core/Events.o ./Drivers/USB/Core/Host.o ./Drivers/USB/Core/HostStandardReq.o ./Drivers/USB/Core/Pipe.o ./Drivers/USB/Core/PipeStream.o ./Drivers/USB/Core/USBController.o ./Drivers/USB/Core/USBMemory.o ./Drivers/USB/Core/USBTask.o  ./Drivers/USB/Class/Host/AudioClassHost.o ./Drivers/USB/Class/Host/CDCClassHost.o ./Drivers/USB/Class/Host/HIDClassHost.o ./Drivers/USB/Class/Host/MIDIClassHost.o ./Drivers/USB/Class/Host/MassStorageClassHost.o ./Drivers/USB/Class/Host/PrinterClassHost.o ./Drivers/USB/Class/Host/RNDISClassHost.o ./Drivers/USB/Class/Host/StillImageClassHost.o  ./Drivers/USB/Class/Device/AudioClassDevice.o ./Drivers/USB/Class/Device/CDCClassDevice.o ./Drivers/USB/Class/Device/HIDClassDevice.o ./Drivers/USB/Class/Device/MIDIClassDevice.o ./Drivers/USB/Class/Device/MassStorageClassDevice.o ./Drivers/USB/Class/Device/RNDISClassDevice.o  ./Drivers/USB/Class/Common/HIDParser.o   
c:\nxp\LPCXpresso_7.5.0_254\lpcxpresso\tools\bin\arm-none-eabi-ar.exe: creating libnxp_xpresso_1769_usblib_device.a
Finished building target: libnxp_xpresso_1769_usblib_device.a
 
make --no-print-directory post-build
Performing post-build steps
arm-none-eabi-size "libnxp_xpresso_1769_usblib_device.a" ; # arm-none-eabi-objdump -h -S "libnxp_xpresso_1769_usblib_device.a" >"libnxp_xpresso_1769_usblib_device.lss"
   text	   data	    bss	    dec	    hex	filename
      0	      0	      0	      0	      0	OHCI.o (ex libnxp_xpresso_1769_usblib_device.a)
      0	      0	      0	      0	      0	EHCI.o (ex libnxp_xpresso_1769_usblib_device.a)
      0	      0	      0	      0	      0	HCD.o (ex libnxp_xpresso_1769_usblib_device.a)
    504	      0	      0	    504	    1f8	HAL_LPC17xx.o (ex libnxp_xpresso_1769_usblib_device.a)
      0	      0	      0	      0	      0	HAL_LPC11Uxx.o (ex libnxp_xpresso_1769_usblib_device.a)
      0	      0	      0	      0	      0	usbd_adcuser.o (ex libnxp_xpresso_1769_usblib_device.a)
      0	      0	      0	      0	      0	usbd_cdc.o (ex libnxp_xpresso_1769_usblib_device.a)
      0	      0	      0	      0	      0	usbd_hid.o (ex libnxp_xpresso_1769_usblib_device.a)
      0	      0	      0	      0	      0	usbd_msc.o (ex libnxp_xpresso_1769_usblib_device.a)
      0	      0	      0	      0	      0	usbd_rom.o (ex libnxp_xpresso_1769_usblib_device.a)
      0	      0	      0	      0	      0	Endpoint_LPC18xx.o (ex libnxp_xpresso_1769_usblib_device.a)
   4696	      0	   1024	   5720	   1658	Endpoint_LPC17xx.o (ex libnxp_xpresso_1769_usblib_device.a)
      0	      0	      0	      0	      0	Endpoint_LPC11Uxx.o (ex libnxp_xpresso_1769_usblib_device.a)
    348	      0	      0	    348	    15c	ConfigDescriptor.o (ex libnxp_xpresso_1769_usblib_device.a)
     12	      0	      0	     12	      c	Device.o (ex libnxp_xpresso_1769_usblib_device.a)
   2560	      0	      4	   2564	    a04	DeviceStandardReq.o (ex libnxp_xpresso_1769_usblib_device.a)
    548	      0	   1536	   2084	    824	Endpoint.o (ex libnxp_xpresso_1769_usblib_device.a)
   2196	      0	      0	   2196	    894	EndpointStream.o (ex libnxp_xpresso_1769_usblib_device.a)
     12	      0	      0	     12	      c	Events.o (ex libnxp_xpresso_1769_usblib_device.a)
      0	      0	      0	      0	      0	Host.o (ex libnxp_xpresso_1769_usblib_device.a)
      0	      0	      0	      0	      0	HostStandardReq.o (ex libnxp_xpresso_1769_usblib_device.a)
      0	      0	      0	      0	      0	Pipe.o (ex libnxp_xpresso_1769_usblib_device.a)
      0	      0	      0	      0	      0	PipeStream.o (ex libnxp_xpresso_1769_usblib_device.a)
    260	      0	      1	    261	    105	USBController.o (ex libnxp_xpresso_1769_usblib_device.a)
      0	      0	      0	      0	      0	USBMemory.o (ex libnxp_xpresso_1769_usblib_device.a)
    132	      0	      8	    140	     8c	USBTask.o (ex libnxp_xpresso_1769_usblib_device.a)
      0	      0	      0	      0	      0	AudioClassHost.o (ex libnxp_xpresso_1769_usblib_device.a)
      0	      0	      0	      0	      0	CDCClassHost.o (ex libnxp_xpresso_1769_usblib_device.a)
      0	      0	      0	      0	      0	HIDClassHost.o (ex libnxp_xpresso_1769_usblib_device.a)
      0	      0	      0	      0	      0	MIDIClassHost.o (ex libnxp_xpresso_1769_usblib_device.a)
      0	      0	      0	      0	      0	MassStorageClassHost.o (ex libnxp_xpresso_1769_usblib_device.a)
      0	      0	      0	      0	      0	PrinterClassHost.o (ex libnxp_xpresso_1769_usblib_device.a)
      0	      0	      0	      0	      0	RNDISClassHost.o (ex libnxp_xpresso_1769_usblib_device.a)
      0	      0	      0	      0	      0	StillImageClassHost.o (ex libnxp_xpresso_1769_usblib_device.a)
   1440	      0	      0	   1440	    5a0	AudioClassDevice.o (ex libnxp_xpresso_1769_usblib_device.a)
   7328	      0	      0	   7328	   1ca0	CDCClassDevice.o (ex libnxp_xpresso_1769_usblib_device.a)
   3084	      0	      0	   3084	    c0c	HIDClassDevice.o (ex libnxp_xpresso_1769_usblib_device.a)
   2348	      0	      0	   2348	    92c	MIDIClassDevice.o (ex libnxp_xpresso_1769_usblib_device.a)
   2712	      0	      0	   2712	    a98	MassStorageClassDevice.o (ex libnxp_xpresso_1769_usblib_device.a)
   4316	      0	      0	   4316	   10dc	RNDISClassDevice.o (ex libnxp_xpresso_1769_usblib_device.a)
   2596	      0	      0	   2596	    a24	HIDParser.o (ex libnxp_xpresso_1769_usblib_device.a)
 
10:46:03 **** Clean-only build of configuration Debug for project MainModule(LPC1769) ****
make -r -j2 clean 
rm -rf  ./ADCext.o ./Descriptors.o ./MC24LC64.o ./PCF8574.o ./VirtualSerial.o ./ads1115.o ./console.o ./cr_startup_lpc17xx40xx.o ./drv8840.o ./drv_hd44780.o ./drv_hd44780_l.o ./i2c.o ./interfaces.o ./protocol.o ./system_LPC17xx.o ./transmitter_interface.o  ./ADCext.d ./Descriptors.d ./MC24LC64.d ./PCF8574.d ./VirtualSerial.d ./ads1115.d ./console.d ./cr_startup_lpc17xx40xx.d ./drv8840.d ./drv_hd44780.d ./drv_hd44780_l.d ./i2c.d ./interfaces.d ./protocol.d ./system_LPC17xx.d ./transmitter_interface.d  MainModule(LPC1769).axf
/bin/sh: -c: line 1: syntax error near unexpected token `MainModule(L'
/bin/sh: -c: line 1: `rm -rf  ./ADCext.o ./Descriptors.o ./MC24LC64.o ./PCF8574.o ./VirtualSerial.o ./ads1115.o ./console.o ./cr_startup_lpc17xx40xx.o ./drv8840.o ./drv_hd44780.o ./drv_hd44780_l.o ./i2c.o ./interfaces.o ./protocol.o ./system_LPC17xx.o ./transmitter_interface.o  ./ADCext.d ./Descriptors.d ./MC24LC64.d ./PCF8574.d ./VirtualSerial.d ./ads1115.d ./console.d ./cr_startup_lpc17xx40xx.d ./drv8840.d ./drv_hd44780.d ./drv_hd44780_l.d ./i2c.d ./interfaces.d ./protocol.d ./system_LPC17xx.d ./transmitter_interface.d  MainModule(LPC1769).axf'
make: [clean] Error 2 (ignored)
 
10:46:11 **** Build of configuration Debug for project MainModule(LPC1769) ****
make -r -j2 all 
Building file: ../Descriptors.c
Invoking: MCU C Compiler
arm-none-eabi-gcc -D__REDLIB__ -DDEBUG -DUSB_DEVICE_ONLY -D__LPC175X_6X__ -D__CODE_RED -DCORE_M3 -I"../../software/CMSIS/CMSIS/Include" -I"../HD44780" -I"../../software/lpc_core/lpc_ip" -I"../../software/lpc_core/lpc_chip/chip_common" -I"../../software/lpc_core/lpc_chip/chip_17xx_40xx" -I"../../software/lpc_core/lpc_board/board_common" -I"../../software/lpc_core/lpc_board/boards_17xx_40xx/nxp_xpresso_1769" -I"../../software/LPCUSBLib/Drivers/USB" -O0 -g3 -Wall -c -fmessage-length=0 -fno-builtin -ffunction-sections -fdata-sections -fsingle-precision-constant -mcpu=cortex-m3 -mthumb -D__REDLIB__ -specs=redlib.specs -MMD -MP -MF"Descriptors.d" -MT"Descriptors.o" -MT"Descriptors.d" -o "Descriptors.o" "../Descriptors.c"
Finished building: ../Descriptors.c
 
Building target: MainModule(LPC1769).axf
Invoking: MCU Linker
arm-none-eabi-gcc -nostdlib -L"..\..\nxp_xpresso_1769_board_lib\Debug" -L"..\..\nxp_xpresso_1769_usblib_device\Debug" -Xlinker -Map="MainModule(LPC1769).map" -Xlinker --gc-sections -mcpu=cortex-m3 -mthumb -T "MainModule_LPC1769_Debug.ld" -o "MainModule(LPC1769).axf"  ./ADCext.o ./Descriptors.o ./MC24LC64.o ./PCF8574.o ./VirtualSerial.o ./ads1115.o ./console.o ./cr_startup_lpc17xx40xx.o ./drv8840.o ./drv_hd44780.o ./drv_hd44780_l.o ./i2c.o ./interfaces.o ./protocol.o ./system_LPC17xx.o ./transmitter_interface.o   -lnxp_xpresso_1769_board_lib -lnxp_xpresso_1769_usblib_device
Finished building target: MainModule(LPC1769).axf
 
make --no-print-directory post-build
Performing post-build steps
arm-none-eabi-size "MainModule(LPC1769).axf"; # arm-none-eabi-objcopy -O binary "MainModule(LPC1769).axf" "MainModule(LPC1769).bin" ; checksum -p LPC1769 -d "MainModule(LPC1769).bin";
   text	   data	    bss	    dec	    hex	filename
  36080	    212	   3764	  40056	   9c78	MainModule(LPC1769).axf
 
