10:46:11 **** Build of configuration Debug for project MainModule(LPC1769) ****
make -r -j2 all 
Building file: ../Descriptors.c
Invoking: MCU C Compiler
arm-none-eabi-gcc -D__REDLIB__ -DDEBUG -DUSB_DEVICE_ONLY -D__LPC175X_6X__ -D__CODE_RED -DCORE_M3 -I"../../software/CMSIS/CMSIS/Include" -I"../HD44780" -I"../../software/lpc_core/lpc_ip" -I"../../software/lpc_core/lpc_chip/chip_common" -I"../../software/lpc_core/lpc_chip/chip_17xx_40xx" -I"../../software/lpc_core/lpc_board/board_common" -I"../../software/lpc_core/lpc_board/boards_17xx_40xx/nxp_xpresso_1769" -I"../../software/LPCUSBLib/Drivers/USB" -O0 -g3 -Wall -c -fmessage-length=0 -fno-builtin -ffunction-sections -fdata-sections -fsingle-precision-constant -mcpu=cortex-m3 -mthumb -D__REDLIB__ -specs=redlib.specs -MMD -MP -MF"Descriptors.d" -MT"Descriptors.o" -MT"Descriptors.d" -o "Descriptors.o" "../Descriptors.c"
Finished building: ../Descriptors.c
 
Building target: MainModule(LPC1769).axf
Invoking: MCU Linker
arm-none-eabi-gcc -nostdlib -L"..\..\nxp_xpresso_1769_board_lib\Debug" -L"..\..\nxp_xpresso_1769_usblib_device\Debug" -Xlinker -Map="MainModule(LPC1769).map" -Xlinker --gc-sections -mcpu=cortex-m3 -mthumb -T "MainModule_LPC1769_Debug.ld" -o "MainModule(LPC1769).axf"  ./ADCext.o ./Descriptors.o ./MC24LC64.o ./PCF8574.o ./VirtualSerial.o ./ads1115.o ./console.o ./cr_startup_lpc17xx40xx.o ./drv8840.o ./drv_hd44780.o ./drv_hd44780_l.o ./i2c.o ./interfaces.o ./protocol.o ./system_LPC17xx.o ./transmitter_interface.o   -lnxp_xpresso_1769_board_lib -lnxp_xpresso_1769_usblib_device
Finished building target: MainModule(LPC1769).axf
 
make --no-print-directory post-build
Performing post-build steps
arm-none-eabi-size "MainModule(LPC1769).axf"; # arm-none-eabi-objcopy -O binary "MainModule(LPC1769).axf" "MainModule(LPC1769).bin" ; checksum -p LPC1769 -d "MainModule(LPC1769).bin";
   text	   data	    bss	    dec	    hex	filename
  36080	    212	   3764	  40056	   9c78	MainModule(LPC1769).axf
 

10:46:18 Build Finished (took 7s.116ms)

